Archive member included to satisfy reference by file (symbol)

/usr/lib/gcc/arm-none-eabi/13.2.1/../../../arm-none-eabi/lib/thumb/v7e-m+fp/hard/libc.a(libc_a-strlen.o)
                              _build/nrf_fprintf_format.o (strlen)
/usr/lib/gcc/arm-none-eabi/13.2.1/../../../arm-none-eabi/lib/thumb/v7e-m+fp/hard/libc.a(libc_a-memset.o)
                              /usr/lib/gcc/arm-none-eabi/13.2.1/../../../arm-none-eabi/lib/thumb/v7e-m+fp/hard/crt0.o (memset)
/usr/lib/gcc/arm-none-eabi/13.2.1/../../../arm-none-eabi/lib/thumb/v7e-m+fp/hard/libc.a(libc_a-impure.o)
                              _build/microbit_before_startup.o (_impure_ptr)
/usr/lib/gcc/arm-none-eabi/13.2.1/../../../arm-none-eabi/lib/thumb/v7e-m+fp/hard/libc.a(libc_a-setbuf.o)
                              _build/microbit_before_startup.o (setbuf)
/usr/lib/gcc/arm-none-eabi/13.2.1/../../../arm-none-eabi/lib/thumb/v7e-m+fp/hard/libc.a(libc_a-memcmp.o)
                              _build/nrf_twi_mngr.o (memcmp)
/usr/lib/gcc/arm-none-eabi/13.2.1/../../../arm-none-eabi/lib/thumb/v7e-m+fp/hard/libc.a(libc_a-memcpy.o)
                              _build/app_scheduler.o (memcpy)
/usr/lib/gcc/arm-none-eabi/13.2.1/../../../arm-none-eabi/lib/thumb/v7e-m+fp/hard/libc.a(libc_a-init.o)
                              /usr/lib/gcc/arm-none-eabi/13.2.1/../../../arm-none-eabi/lib/thumb/v7e-m+fp/hard/crt0.o (__libc_init_array)
/usr/lib/gcc/arm-none-eabi/13.2.1/../../../arm-none-eabi/lib/thumb/v7e-m+fp/hard/libc.a(libc_a-findfp.o)
                              /usr/lib/gcc/arm-none-eabi/13.2.1/../../../arm-none-eabi/lib/thumb/v7e-m+fp/hard/libc.a(libc_a-impure.o) (__sf)
/usr/lib/gcc/arm-none-eabi/13.2.1/../../../arm-none-eabi/lib/thumb/v7e-m+fp/hard/libc.a(libc_a-exit.o)
                              /usr/lib/gcc/arm-none-eabi/13.2.1/../../../arm-none-eabi/lib/thumb/v7e-m+fp/hard/crt0.o (exit)
/usr/lib/gcc/arm-none-eabi/13.2.1/../../../arm-none-eabi/lib/thumb/v7e-m+fp/hard/libc.a(libc_a-ctype_.o)
                              _build/nrf_log_str_formatter.o (_ctype_)
/usr/lib/gcc/arm-none-eabi/13.2.1/../../../arm-none-eabi/lib/thumb/v7e-m+fp/hard/libc.a(libc_a-atexit.o)
                              /usr/lib/gcc/arm-none-eabi/13.2.1/../../../arm-none-eabi/lib/thumb/v7e-m+fp/hard/crt0.o (atexit)
/usr/lib/gcc/arm-none-eabi/13.2.1/../../../arm-none-eabi/lib/thumb/v7e-m+fp/hard/libc.a(libc_a-printf.o)
                              _build/main.o (printf)
/usr/lib/gcc/arm-none-eabi/13.2.1/../../../arm-none-eabi/lib/thumb/v7e-m+fp/hard/libc.a(libc_a-fini.o)
                              /usr/lib/gcc/arm-none-eabi/13.2.1/../../../arm-none-eabi/lib/thumb/v7e-m+fp/hard/crt0.o (__libc_fini_array)
/usr/lib/gcc/arm-none-eabi/13.2.1/../../../arm-none-eabi/lib/thumb/v7e-m+fp/hard/libc.a(libc_a-fwalk.o)
                              /usr/lib/gcc/arm-none-eabi/13.2.1/../../../arm-none-eabi/lib/thumb/v7e-m+fp/hard/libc.a(libc_a-findfp.o) (_fwalk_sglue)
/usr/lib/gcc/arm-none-eabi/13.2.1/../../../arm-none-eabi/lib/thumb/v7e-m+fp/hard/libc.a(libc_a-vfprintf.o)
                              /usr/lib/gcc/arm-none-eabi/13.2.1/../../../arm-none-eabi/lib/thumb/v7e-m+fp/hard/libc.a(libc_a-printf.o) (_vfprintf_r)
/usr/lib/gcc/arm-none-eabi/13.2.1/../../../arm-none-eabi/lib/thumb/v7e-m+fp/hard/libc.a(libc_a-memchr.o)
                              /usr/lib/gcc/arm-none-eabi/13.2.1/../../../arm-none-eabi/lib/thumb/v7e-m+fp/hard/libc.a(libc_a-vfprintf.o) (memchr)
/usr/lib/gcc/arm-none-eabi/13.2.1/../../../arm-none-eabi/lib/thumb/v7e-m+fp/hard/libc.a(libc_a-fflush.o)
                              /usr/lib/gcc/arm-none-eabi/13.2.1/../../../arm-none-eabi/lib/thumb/v7e-m+fp/hard/libc.a(libc_a-vfprintf.o) (_fflush_r)
/usr/lib/gcc/arm-none-eabi/13.2.1/../../../arm-none-eabi/lib/thumb/v7e-m+fp/hard/libc.a(libc_a-setvbuf.o)
                              /usr/lib/gcc/arm-none-eabi/13.2.1/../../../arm-none-eabi/lib/thumb/v7e-m+fp/hard/libc.a(libc_a-setbuf.o) (setvbuf)
/usr/lib/gcc/arm-none-eabi/13.2.1/../../../arm-none-eabi/lib/thumb/v7e-m+fp/hard/libc.a(libc_a-mallocr.o)
                              /usr/lib/gcc/arm-none-eabi/13.2.1/../../../arm-none-eabi/lib/thumb/v7e-m+fp/hard/libc.a(libc_a-findfp.o) (_malloc_r)
/usr/lib/gcc/arm-none-eabi/13.2.1/../../../arm-none-eabi/lib/thumb/v7e-m+fp/hard/libc.a(libc_a-dtoa.o)
                              /usr/lib/gcc/arm-none-eabi/13.2.1/../../../arm-none-eabi/lib/thumb/v7e-m+fp/hard/libc.a(libc_a-vfprintf.o) (_dtoa_r)
/usr/lib/gcc/arm-none-eabi/13.2.1/../../../arm-none-eabi/lib/thumb/v7e-m+fp/hard/libc.a(libc_a-wsetup.o)
                              /usr/lib/gcc/arm-none-eabi/13.2.1/../../../arm-none-eabi/lib/thumb/v7e-m+fp/hard/libc.a(libc_a-vfprintf.o) (__swsetup_r)
/usr/lib/gcc/arm-none-eabi/13.2.1/../../../arm-none-eabi/lib/thumb/v7e-m+fp/hard/libc.a(libc_a-freer.o)
                              /usr/lib/gcc/arm-none-eabi/13.2.1/../../../arm-none-eabi/lib/thumb/v7e-m+fp/hard/libc.a(libc_a-fflush.o) (_free_r)
[...]
Memory Configuration

Name             Origin             Length             Attributes
FLASH            0x00000000         0x00080000         xr
RAM              0x20000000         0x00020000         xrw
*default*        0x00000000         0xffffffff

Linker script and memory map

                0x0007f000                        __stop_ot_flash_data = ((ORIGIN (FLASH) + LENGTH (FLASH)) - FLASH_PAGE_SIZE)
                0x0007b000                        __start_ot_flash_data = (__stop_ot_flash_data - (FLASH_PAGE_SIZE * FLASH_DATA_PAGES_USED))
                0x00000001                        ASSERT ((__start_ot_flash_data >= (__etext + SIZEOF (.data))), Error: Code overlaps flash data area.)

.text           0x00000000     0xbd4c
 *(.isr_vector)
 .isr_vector    0x00000000      0x200 _build/gcc_startup_nrf52833.os
                0x00000000                __isr_vector
 *(.text*)
 .text          0x00000200       0x88 /usr/lib/gcc/arm-none-eabi/13.2.1/thumb/v7e-m+fp/hard/crtbegin.o
 .text          0x00000288       0x70 /usr/lib/gcc/arm-none-eabi/13.2.1/../../../arm-none-eabi/lib/thumb/v7e-m+fp/hard/crt0.o
                0x00000288                _stack_init
                0x00000290                _mainCRTStartup
                0x00000290                _start
 .text.lilybuzzer_init
                0x000002f8       0x80 _build/lilybuzzer.o
                0x000002f8                lilybuzzer_init
 .text.stop_buzzer
                0x00000378       0x1c _build/lilybuzzer.o
                0x00000378                stop_buzzer
 .text.play_curr_symbol
                0x00000394       0xd4 _build/lilybuzzer.o
 .text.play_morse_message
                0x00000468       0x28 _build/lilybuzzer.o
                0x00000468                play_morse_message
 .text.startup.main
                0x00000490       0x38 _build/main.o
                0x00000490                main
 .text.nrf_gpio_pin_port_decode
                0x000004c8       0x30 _build/better_error_handling.o
 .text.nrf_gpio_pin_clear
                0x000004f8       0x1a _build/better_error_handling.o
 .text.nrf_gpio_pin_set
                0x00000512       0x1a _build/better_error_handling.o
 .text.nrf_delay_ms.part.0
                0x0000052c       0x1c _build/better_error_handling.o
 .text.error_blink_pattern
                0x00000548      0x104 _build/better_error_handling.o
 .text.app_error_fault_handler
                0x0000064c       0x70 _build/better_error_handling.o
                0x0000064c                app_error_fault_handler
 .text.HardFault_c_handler
                0x000006bc       0xec _build/better_error_handling.o
                0x000006bc                HardFault_c_handler
 .text.startup.called_first
                0x000007a8       0x48 _build/microbit_before_startup.o
                0x000007a8                called_first
 .text.nrf_log_backend_uart_flush
                0x000007f0        0x2 _build/microbit_nrf_log_backend_uart.o
 *fill*         0x000007f2        0x2 
 .text.nrf_log_backend_uart_put
                0x000007f4       0x1c _build/microbit_nrf_log_backend_uart.o
 .text.uart_init.constprop.0
                0x00000810       0x54 _build/microbit_nrf_log_backend_uart.o
 .text.serial_tx
                0x00000864       0x50 _build/microbit_nrf_log_backend_uart.o
 .text.nrf_log_backend_uart_panic_set
                0x000008b4       0x2c _build/microbit_nrf_log_backend_uart.o
 .text.nrf_log_backend_uart_init
                0x000008e0        0x4 _build/microbit_nrf_log_backend_uart.o
                0x000008e0                nrf_log_backend_uart_init
 .text._write   0x000008e4       0x2c _build/microbit_retarget.o
                0x000008e4                _write
 .text._read    0x00000910       0x30 _build/microbit_retarget.o
                0x00000910                _read
 .text.app_error_handler
                0x00000940       0x1a _build/app_error_handler_gcc.o
                0x00000940                app_error_handler
 *fill*         0x0000095a        0x2 
 .text.user_op_alloc
                0x0000095c       0x2c _build/app_timer.o
 .text.timer_stop_op_schedule
                0x00000988       0x48 _build/app_timer.o
 .text.nrfx_coredep_delay_us.part.0.constprop.0
                0x000009d0       0x10 _build/app_timer.o
 .text.RTC1_IRQHandler
                0x000009e0       0x9c _build/app_timer.o
                0x000009e0                RTC1_IRQHandler
 .text.SWI0_EGU0_IRQHandler
                0x00000a7c      0x2b0 _build/app_timer.o
                0x00000a7c                SWI0_EGU0_IRQHandler
 .text.app_timer_init
                0x00000d2c       0x90 _build/app_timer.o
                0x00000d2c                app_timer_init
 .text.app_timer_create
                0x00000dbc       0x24 _build/app_timer.o
                0x00000dbc                app_timer_create
 .text.app_timer_start
                0x00000de0       0x8c _build/app_timer.o
                0x00000de0                app_timer_start
 .text.app_timer_stop
                0x00000e6c       0x20 _build/app_timer.o
                0x00000e6c                app_timer_stop
 .text.app_util_disable_irq
                0x00000e8c       0x10 _build/app_util_platform.o
                0x00000e8c                app_util_disable_irq
 .text.app_util_enable_irq
                0x00000e9c       0x14 _build/app_util_platform.o
                0x00000e9c                app_util_enable_irq
 .text.privilege_level_get
                0x00000eb0       0x1a _build/app_util_platform.o
                0x00000eb0                privilege_level_get
 *fill*         0x00000eca        0x2 
 .text.app_util_critical_region_enter
                0x00000ecc       0x20 _build/app_util_platform.o
                0x00000ecc                app_util_critical_region_enter
 .text.app_util_critical_region_exit
                0x00000eec       0x20 _build/app_util_platform.o
                0x00000eec                app_util_critical_region_exit
 .text.HardFault_Handler
                0x00000f0c       0x34 _build/hardfault_handler_gcc.o
                0x00000f0c                HardFault_Handler
 .text.assert_nrf_callback
                0x00000f40       0x1a _build/nrf_assert.o
                0x00000f40                assert_nrf_callback
 .text.nrf_atomic_u32_fetch_store
                0x00000f5a       0x16 _build/nrf_atomic.o
                0x00000f5a                nrf_atomic_u32_fetch_store
 .text.nrf_atomic_u32_or
                0x00000f70       0x18 _build/nrf_atomic.o
                0x00000f70                nrf_atomic_u32_or
 .text.nrf_atomic_u32_fetch_and
                0x00000f88       0x18 _build/nrf_atomic.o
                0x00000f88                nrf_atomic_u32_fetch_and
 .text.nrf_atomic_u32_add
                0x00000fa0       0x18 _build/nrf_atomic.o
                0x00000fa0                nrf_atomic_u32_add
 .text.nrf_atomic_u32_sub
                0x00000fb8       0x18 _build/nrf_atomic.o
                0x00000fb8                nrf_atomic_u32_sub
 .text.nrf_atomic_flag_set
                0x00000fd0        0x6 _build/nrf_atomic.o
                0x00000fd0                nrf_atomic_flag_set
 .text.nrf_atomic_flag_clear_fetch
                0x00000fd6        0x6 _build/nrf_atomic.o
                0x00000fd6                nrf_atomic_flag_clear_fetch
 .text.nrf_balloc_init
                0x00000fdc       0x7c _build/nrf_balloc.o
                0x00000fdc                nrf_balloc_init
 .text.nrf_balloc_alloc
                0x00001058       0x54 _build/nrf_balloc.o
                0x00001058                nrf_balloc_alloc
 .text.nrf_balloc_free
                0x000010ac       0x48 _build/nrf_balloc.o
                0x000010ac                nrf_balloc_free
 .text.uarte_evt_handler
                0x000010f4       0x34 _build/nrf_drv_uart.o
 .text.uart_evt_handler
                0x00001128       0x34 _build/nrf_drv_uart.o
 .text.nrf_drv_uart_init
                0x0000115c       0x7c _build/nrf_drv_uart.o
                0x0000115c                nrf_drv_uart_init
 .text.nrf_fprintf_buffer_flush
                0x000011d8       0x24 _build/nrf_fprintf.o
                0x000011d8                nrf_fprintf_buffer_flush
 .text.nrf_fprintf
                0x000011fc       0x54 _build/nrf_fprintf.o
                0x000011fc                nrf_fprintf
 .text.buffer_add
                0x00001250       0x1e _build/nrf_fprintf_format.o
 *fill*         0x0000126e        0x2 
 .text.unsigned_print
                0x00001270       0xb4 _build/nrf_fprintf_format.o
 .text.nrf_fprintf_fmt
                0x00001324      0x2f8 _build/nrf_fprintf_format.o
                0x00001324                nrf_fprintf_fmt
 .text.nrf_log_backend_serial_put
                0x0000161c       0xc2 _build/nrf_log_backend_serial.o
                0x0000161c                nrf_log_backend_serial_put
 *fill*         0x000016de        0x2 
 .text.nrf_log_default_backends_init
                0x000016e0       0x30 _build/nrf_log_default_backends.o
                0x000016e0                nrf_log_default_backends_init
 .text.invalid_packets_omit
                0x00001710       0x38 _build/nrf_log_frontend.o
 .text.buf_prealloc
                0x00001748      0x140 _build/nrf_log_frontend.o
 .text.nrf_log_init
                0x00001888       0x3c _build/nrf_log_frontend.o
                0x00001888                nrf_log_init
 .text.nrf_log_module_name_get
                0x000018c4       0x38 _build/nrf_log_frontend.o
                0x000018c4                nrf_log_module_name_get
 .text.nrf_log_color_id_get
                0x000018fc       0x2c _build/nrf_log_frontend.o
                0x000018fc                nrf_log_color_id_get
 .text.buffer_is_empty
                0x00001928       0x14 _build/nrf_log_frontend.o
                0x00001928                buffer_is_empty
 .text.nrf_log_frontend_dequeue
                0x0000193c      0x220 _build/nrf_log_frontend.o
                0x0000193c                nrf_log_frontend_dequeue
 .text.std_n    0x00001b5c       0xb8 _build/nrf_log_frontend.o
 .text.nrf_log_frontend_std_0
                0x00001c14        0x8 _build/nrf_log_frontend.o
                0x00001c14                nrf_log_frontend_std_0
 .text.nrf_log_frontend_std_1
                0x00001c1c       0x12 _build/nrf_log_frontend.o
                0x00001c1c                nrf_log_frontend_std_1
 .text.nrf_log_frontend_std_3
                0x00001c2e       0x18 _build/nrf_log_frontend.o
                0x00001c2e                nrf_log_frontend_std_3
 .text.nrf_log_frontend_std_4
                0x00001c46       0x1c _build/nrf_log_frontend.o
                0x00001c46                nrf_log_frontend_std_4
 *fill*         0x00001c62        0x2 
 .text.nrf_log_backend_add
                0x00001c64       0x54 _build/nrf_log_frontend.o
                0x00001c64                nrf_log_backend_add
 .text.nrf_log_panic
                0x00001cb8       0x28 _build/nrf_log_frontend.o
                0x00001cb8                nrf_log_panic
 .text.postfix_process
                0x00001ce0       0x3c _build/nrf_log_str_formatter.o
 .text.prefix_process.constprop.0
                0x00001d1c       0x78 _build/nrf_log_str_formatter.o
 .text.nrf_log_std_entry_process
                0x00001d94       0xc8 _build/nrf_log_str_formatter.o
                0x00001d94                nrf_log_std_entry_process
 .text.nrf_log_hexdump_entry_process
                0x00001e5c       0xbc _build/nrf_log_str_formatter.o
                0x00001e5c                nrf_log_hexdump_entry_process
 .text.memobj_op
                0x00001f18       0xa8 _build/nrf_memobj.o
 .text.nrf_memobj_pool_init
                0x00001fc0        0x4 _build/nrf_memobj.o
                0x00001fc0                nrf_memobj_pool_init
 .text.nrf_memobj_free
                0x00001fc4       0x2c _build/nrf_memobj.o
                0x00001fc4                nrf_memobj_free
 .text.nrf_memobj_alloc
                0x00001ff0       0x58 _build/nrf_memobj.o
                0x00001ff0                nrf_memobj_alloc
 .text.nrf_memobj_get
                0x00002048        0x8 _build/nrf_memobj.o
                0x00002048                nrf_memobj_get
 .text.nrf_memobj_put
                0x00002050       0x1c _build/nrf_memobj.o
                0x00002050                nrf_memobj_put
 .text.nrf_memobj_write
                0x0000206c       0x2c _build/nrf_memobj.o
                0x0000206c                nrf_memobj_write
 .text.nrf_memobj_read
                0x00002098       0x30 _build/nrf_memobj.o
                0x00002098                nrf_memobj_read
 .text.nrf_ringbuf_init
                0x000020c8       0x1c _build/nrf_ringbuf.o
                0x000020c8                nrf_ringbuf_init
 .text.nrf_strerror_find
                0x000020e4       0x34 _build/nrf_strerror.o
                0x000020e4                nrf_strerror_find
 .text.nrf_strerror_get
                0x00002118       0x14 _build/nrf_strerror.o
                0x00002118                nrf_strerror_get
 .text.POWER_CLOCK_IRQHandler
                0x0000212c       0x5c _build/nrfx_clock.o
                0x0000212c                POWER_CLOCK_IRQHandler
 .text.nrf_gpiote_event_clear
                0x00002188       0x18 _build/nrfx_gpiote.o
 .text.nrf_bitmask_bit_set
                0x000021a0       0x12 _build/nrfx_gpiote.o
 *fill*         0x000021b2        0x2 
 .text.nrf_gpio_pin_port_decode
                0x000021b4       0x30 _build/nrfx_gpiote.o
 .text.nrf_gpio_cfg_sense_set
                0x000021e4       0x2e _build/nrfx_gpiote.o
 *fill*         0x00002212        0x2 
 .text.nrf_gpio_ports_read.constprop.0
                0x00002214       0x18 _build/nrfx_gpiote.o
 .text.GPIOTE_IRQHandler
                0x0000222c      0x19c _build/nrfx_gpiote.o
                0x0000222c                GPIOTE_IRQHandler
 .text.UARTE0_UART0_IRQHandler
                0x000023c8       0x20 _build/nrfx_prs.o
                0x000023c8                UARTE0_UART0_IRQHandler
 .text.nrfx_prs_acquire
                0x000023e8       0x44 _build/nrfx_prs.o
                0x000023e8                nrfx_prs_acquire
 .text.nrfx_prs_release
                0x0000242c       0x28 _build/nrfx_prs.o
                0x0000242c                nrfx_prs_release
 .text.nrf_pwm_event_clear
                0x00002454       0x10 _build/nrfx_pwm.o
 .text.start_playback
                0x00002464       0x4c _build/nrfx_pwm.o
 .text.irq_handler
                0x000024b0       0x80 _build/nrfx_pwm.o
 .text.nrf_gpio_pin_port_decode
                0x00002530       0x30 _build/nrfx_pwm.o
 .text.nrf_pwm_sequence_set
                0x00002560       0x88 _build/nrfx_pwm.o
 .text.nrfx_pwm_init
                0x000025e8      0x1b0 _build/nrfx_pwm.o
                0x000025e8                nrfx_pwm_init
 .text.nrfx_pwm_simple_playback
                0x00002798       0xa4 _build/nrfx_pwm.o
                0x00002798                nrfx_pwm_simple_playback
 .text.nrfx_pwm_is_stopped
                0x0000283c       0x40 _build/nrfx_pwm.o
                0x0000283c                nrfx_pwm_is_stopped
 .text.nrfx_pwm_stop
                0x0000287c       0x48 _build/nrfx_pwm.o
                0x0000287c                nrfx_pwm_stop
 .text.PWM0_IRQHandler
                0x000028c4       0x10 _build/nrfx_pwm.o
                0x000028c4                PWM0_IRQHandler
 .text.PWM1_IRQHandler
                0x000028d4       0x10 _build/nrfx_pwm.o
                0x000028d4                PWM1_IRQHandler
 .text.nrf_saadc_event_clear
                0x000028e4       0x18 _build/nrfx_saadc.o
 .text.SAADC_IRQHandler
                0x000028fc      0x15c _build/nrfx_saadc.o
                0x000028fc                SAADC_IRQHandler
 .text.nrf_gpio_pin_port_decode
                0x00002a58       0x30 _build/nrfx_spim.o
 .text.nrf_gpio_pin_clear
                0x00002a88       0x1a _build/nrfx_spim.o
 .text.nrf_gpio_pin_set
                0x00002aa2       0x1a _build/nrfx_spim.o
 .text.SPIM2_SPIS2_SPI2_IRQHandler
                0x00002abc       0x64 _build/nrfx_spim.o
                0x00002abc                SPIM2_SPIS2_SPI2_IRQHandler
 .text.irq_handler.constprop.0
                0x00002b20       0x4c _build/nrfx_timer.o
 .text.TIMER0_IRQHandler
                0x00002b6c       0x10 _build/nrfx_timer.o
                0x00002b6c                TIMER0_IRQHandler
 .text.TIMER1_IRQHandler
                0x00002b7c       0x10 _build/nrfx_timer.o
                0x00002b7c                TIMER1_IRQHandler
 .text.nrf_twim_event_clear
                0x00002b8c       0x10 _build/nrfx_twim.o
 .text.xfer_completeness_check
                0x00002b9c       0x6c _build/nrfx_twim.o
 .text.twim_irq_handler
                0x00002c08      0x138 _build/nrfx_twim.o
 .text.SPIM0_SPIS0_TWIM0_TWIS0_SPI0_TWI0_IRQHandler
                0x00002d40       0x10 _build/nrfx_twim.o
                0x00002d40                SPIM0_SPIS0_TWIM0_TWIS0_SPI0_TWI0_IRQHandler
 .text.SPIM1_SPIS1_TWIM1_TWIS1_SPI1_TWI1_IRQHandler
                0x00002d50       0x10 _build/nrfx_twim.o
                0x00002d50                SPIM1_SPIS1_TWIM1_TWIS1_SPI1_TWI1_IRQHandler
 .text.nrf_uart_event_clear
                0x00002d60       0x10 _build/nrfx_uart.o
 .text.tx_byte  0x00002d70       0x1e _build/nrfx_uart.o
 .text.rx_enable
                0x00002d8e       0x20 _build/nrfx_uart.o
 *fill*         0x00002dae        0x2 
 .text.nrf_gpio_pin_port_decode
                0x00002db0       0x30 _build/nrfx_uart.o
 .text.nrf_gpio_cfg_default
                0x00002de0       0x1c _build/nrfx_uart.o
 .text.rx_byte  0x00002dfc       0x2c _build/nrfx_uart.o
 .text.rx_done_event.constprop.0
                0x00002e28       0x20 _build/nrfx_uart.o
 .text.nrfx_uart_0_irq_handler
                0x00002e48      0x144 _build/nrfx_uart.o
                0x00002e48                nrfx_uart_0_irq_handler
 .text.nrfx_uart_init
                0x00002f8c      0x1d8 _build/nrfx_uart.o
                0x00002f8c                nrfx_uart_init
 .text.nrfx_uart_uninit
                0x00003164       0xc0 _build/nrfx_uart.o
                0x00003164                nrfx_uart_uninit
 .text.nrfx_uart_tx_in_progress
                0x00003224       0x18 _build/nrfx_uart.o
                0x00003224                nrfx_uart_tx_in_progress
 .text.nrfx_uart_tx
                0x0000323c       0xe0 _build/nrfx_uart.o
                0x0000323c                nrfx_uart_tx
 .text.nrfx_uart_rx
                0x0000331c      0x128 _build/nrfx_uart.o
                0x0000331c                nrfx_uart_rx
 .text.nrf_uarte_event_clear
                0x00003444       0x10 _build/nrfx_uarte.o
 .text.nrf_gpio_pin_port_decode
                0x00003454       0x30 _build/nrfx_uarte.o
 .text.nrf_gpio_cfg_default
                0x00003484       0x1c _build/nrfx_uarte.o
 .text.rx_done_event.constprop.0
                0x000034a0       0x20 _build/nrfx_uarte.o
 .text.nrfx_uarte_0_irq_handler
                0x000034c0      0x118 _build/nrfx_uarte.o
                0x000034c0                nrfx_uarte_0_irq_handler
 .text.nrfx_uarte_init
                0x000035d8      0x1f0 _build/nrfx_uarte.o
                0x000035d8                nrfx_uarte_init
 .text.nrfx_uarte_uninit
                0x000037c8       0xec _build/nrfx_uarte.o
                0x000037c8                nrfx_uarte_uninit
 .text.nrfx_uarte_tx_in_progress
                0x000038b4       0x18 _build/nrfx_uarte.o
                0x000038b4                nrfx_uarte_tx_in_progress
 .text.nrfx_uarte_tx
                0x000038cc       0xf0 _build/nrfx_uarte.o
                0x000038cc                nrfx_uarte_tx
 .text.nrfx_uarte_rx
                0x000039bc      0x13c _build/nrfx_uarte.o
                0x000039bc                nrfx_uarte_rx
 .text.__NVIC_SystemReset
                0x00003af8       0x24 _build/system_nrf52833.o
 .text.errata_36
                0x00003b1c       0x1a _build/system_nrf52833.o
 *fill*         0x00003b36        0x2 
 .text.SystemInit
                0x00003b38      0x19c _build/system_nrf52833.o
                0x00003b38                SystemInit
 .text          0x00003cd4       0x3c _build/gcc_startup_nrf52833.os
                0x00003cd4                Reset_Handler
                0x00003cfc                NMI_Handler
                0x00003d00                MemoryManagement_Handler
                0x00003d02                BusFault_Handler
                0x00003d04                UsageFault_Handler
                0x00003d06                SVC_Handler
                0x00003d08                DebugMon_Handler
                0x00003d0a                PendSV_Handler
                0x00003d0c                SysTick_Handler
                0x00003d0e                TIMER2_IRQHandler
                0x00003d0e                RTC0_IRQHandler
                0x00003d0e                SWI2_EGU2_IRQHandler
                0x00003d0e                RADIO_IRQHandler
                0x00003d0e                PDM_IRQHandler
                0x00003d0e                TEMP_IRQHandler
                0x00003d0e                QDEC_IRQHandler
                0x00003d0e                TIMER3_IRQHandler
                0x00003d0e                PWM3_IRQHandler
                0x00003d0e                FPU_IRQHandler
                0x00003d0e                USBD_IRQHandler
                0x00003d0e                TIMER4_IRQHandler
                0x00003d0e                I2S_IRQHandler
                0x00003d0e                SWI4_EGU4_IRQHandler
                0x00003d0e                UARTE1_IRQHandler
                0x00003d0e                SPIM3_IRQHandler
                0x00003d0e                PWM2_IRQHandler
                0x00003d0e                ECB_IRQHandler
                0x00003d0e                Default_Handler
                0x00003d0e                CCM_AAR_IRQHandler
                0x00003d0e                WDT_IRQHandler
                0x00003d0e                SWI5_EGU5_IRQHandler
                0x00003d0e                RNG_IRQHandler
                0x00003d0e                RTC2_IRQHandler
                0x00003d0e                SWI3_EGU3_IRQHandler
                0x00003d0e                SWI1_EGU1_IRQHandler
                0x00003d0e                NFCT_IRQHandler
                0x00003d0e                MWU_IRQHandler
                0x00003d0e                COMP_LPCOMP_IRQHandler
 *fill*         0x00003d10       0x30 
 .text          0x00003d40       0xd8 /usr/lib/gcc/arm-none-eabi/13.2.1/../../../arm-none-eabi/lib/thumb/v7e-m+fp/hard/libc.a(libc_a-strlen.o)
                0x00003d40                strlen
 .text          0x00003e18       0xa4 /usr/lib/gcc/arm-none-eabi/13.2.1/../../../arm-none-eabi/lib/thumb/v7e-m+fp/hard/libc.a(libc_a-memset.o)
                0x00003e18                memset
 .text          0x00003ebc       0x10 /usr/lib/gcc/arm-none-eabi/13.2.1/../../../arm-none-eabi/lib/thumb/v7e-m+fp/hard/libc.a(libc_a-setbuf.o)
                0x00003ebc                setbuf
 .text          0x00003ecc      0x134 /usr/lib/gcc/arm-none-eabi/13.2.1/../../../arm-none-eabi/lib/thumb/v7e-m+fp/hard/libc.a(libc_a-memcpy.o)
                0x00003ecc                memcpy
 .text          0x00004000       0x50 /usr/lib/gcc/arm-none-eabi/13.2.1/../../../arm-none-eabi/lib/thumb/v7e-m+fp/hard/libc.a(libc_a-init.o)
                0x00004000                __libc_init_array
 .text          0x00004050      0x224 /usr/lib/gcc/arm-none-eabi/13.2.1/../../../arm-none-eabi/lib/thumb/v7e-m+fp/hard/libc.a(libc_a-findfp.o)
                0x00004180                __sfp
                0x00004224                __sinit
                0x00004244                __sfp_lock_acquire
                0x00004248                __sfp_lock_release
                0x0000424c                __fp_lock_all
                0x00004260                __fp_unlock_all
 .text          0x00004274       0x1c /usr/lib/gcc/arm-none-eabi/13.2.1/../../../arm-none-eabi/lib/thumb/v7e-m+fp/hard/libc.a(libc_a-exit.o)
                0x00004274                exit
 .text          0x00004290        0xc /usr/lib/gcc/arm-none-eabi/13.2.1/../../../arm-none-eabi/lib/thumb/v7e-m+fp/hard/libc.a(libc_a-atexit.o)
                0x00004290                atexit
 .text          0x0000429c       0x48 /usr/lib/gcc/arm-none-eabi/13.2.1/../../../arm-none-eabi/lib/thumb/v7e-m+fp/hard/libc.a(libc_a-printf.o)
                0x0000429c                _printf_r
                0x000042bc                printf
 .text          0x000042e4       0x28 /usr/lib/gcc/arm-none-eabi/13.2.1/../../../arm-none-eabi/lib/thumb/v7e-m+fp/hard/libc.a(libc_a-fini.o)
                0x000042e4                __libc_fini_array
 .text          0x0000430c       0x44 /usr/lib/gcc/arm-none-eabi/13.2.1/../../../arm-none-eabi/lib/thumb/v7e-m+fp/hard/libc.a(libc_a-fwalk.o)
                0x0000430c                _fwalk_sglue
 .text          0x00004350     0x14ac /usr/lib/gcc/arm-none-eabi/13.2.1/../../../arm-none-eabi/lib/thumb/v7e-m+fp/hard/libc.a(libc_a-vfprintf.o)
                0x00004350                _vfprintf_r
                0x00005774                vfprintf
 *fill*         0x000057fc        0x4 
 .text          0x00005800       0xa0 /usr/lib/gcc/arm-none-eabi/13.2.1/../../../arm-none-eabi/lib/thumb/v7e-m+fp/hard/libc.a(libc_a-memchr.o)
                0x00005800                memchr
 .text          0x000058a0      0x1ac /usr/lib/gcc/arm-none-eabi/13.2.1/../../../arm-none-eabi/lib/thumb/v7e-m+fp/hard/libc.a(libc_a-fflush.o)
                0x000058a0                __sflush_r
                0x000059d8                _fflush_r
                0x00005a04                fflush
 .text          0x00005a4c      0x164 /usr/lib/gcc/arm-none-eabi/13.2.1/../../../arm-none-eabi/lib/thumb/v7e-m+fp/hard/libc.a(libc_a-setvbuf.o)
                0x00005a4c                setvbuf
 .text          0x00005bb0      0x554 /usr/lib/gcc/arm-none-eabi/13.2.1/../../../arm-none-eabi/lib/thumb/v7e-m+fp/hard/libc.a(libc_a-mallocr.o)
                0x00005bb0                _malloc_r
 *fill*         0x00006104        0x4 
 .text          0x00006108      0xfb0 /usr/lib/gcc/arm-none-eabi/13.2.1/../../../arm-none-eabi/lib/thumb/v7e-m+fp/hard/libc.a(libc_a-dtoa.o)
                0x00006234                _dtoa_r
 .text          0x000070b8       0xc4 /usr/lib/gcc/arm-none-eabi/13.2.1/../../../arm-none-eabi/lib/thumb/v7e-m+fp/hard/libc.a(libc_a-wsetup.o)
                0x000070b8                __swsetup_r
 .text          0x0000717c      0x2b0 /usr/lib/gcc/arm-none-eabi/13.2.1/../../../arm-none-eabi/lib/thumb/v7e-m+fp/hard/libc.a(libc_a-freer.o)
                0x0000717c                _malloc_trim_r
                0x00007234                _free_r
 .text          0x0000742c       0x90 /usr/lib/gcc/arm-none-eabi/13.2.1/../../../arm-none-eabi/lib/thumb/v7e-m+fp/hard/libc.a(libc_a-fclose.o)
                0x0000742c                _fclose_r
                0x000074ac                fclose
 .text          0x000074bc       0xb0 /usr/lib/gcc/arm-none-eabi/13.2.1/../../../arm-none-eabi/lib/thumb/v7e-m+fp/hard/libc.a(libc_a-__call_atexit.o)
                0x000074bc                __call_exitprocs
 .text.startup  0x0000756c       0x14 /usr/lib/gcc/arm-none-eabi/13.2.1/../../../arm-none-eabi/lib/thumb/v7e-m+fp/hard/libc.a(libc_a-__call_atexit.o)
 .text          0x00007580       0x20 /usr/lib/gcc/arm-none-eabi/13.2.1/../../../arm-none-eabi/lib/thumb/v7e-m+fp/hard/libc.a(libc_a-malloc.o)
                0x00007580                malloc
                0x00007590                free
 .text          0x000075a0       0x1c /usr/lib/gcc/arm-none-eabi/13.2.1/../../../arm-none-eabi/lib/thumb/v7e-m+fp/hard/libc.a(libc_a-sysconf.o)
                0x000075a0                sysconf
 .text          0x000075bc       0x94 /usr/lib/gcc/arm-none-eabi/13.2.1/../../../arm-none-eabi/lib/thumb/v7e-m+fp/hard/libc.a(libc_a-stdio.o)
                0x000075bc                __sread
                0x000075e0                __seofread
                0x000075e4                __swrite
                0x00007624                __sseek
                0x00007648                __sclose
 .text          0x00007650       0x64 /usr/lib/gcc/arm-none-eabi/13.2.1/../../../arm-none-eabi/lib/thumb/v7e-m+fp/hard/libc.a(libc_a-__atexit.o)
                0x00007650                __register_exitproc
 .text          0x000076b4       0x2c /usr/lib/gcc/arm-none-eabi/13.2.1/../../../arm-none-eabi/lib/thumb/v7e-m+fp/hard/libc.a(libc_a-writer.o)
                0x000076b4                _write_r
 .text          0x000076e0        0x8 /usr/lib/gcc/arm-none-eabi/13.2.1/../../../arm-none-eabi/lib/thumb/v7e-m+fp/hard/libc.a(libc_a-mlock.o)
                0x000076e0                __malloc_lock
                0x000076e4                __malloc_unlock
 .text          0x000076e8       0x24 /usr/lib/gcc/arm-none-eabi/13.2.1/../../../arm-none-eabi/lib/thumb/v7e-m+fp/hard/libc.a(libc_a-sbrkr.o)
                0x000076e8                _sbrk_r
 .text          0x0000770c       0x24 /usr/lib/gcc/arm-none-eabi/13.2.1/../../../arm-none-eabi/lib/thumb/v7e-m+fp/hard/libc.a(libc_a-closer.o)
                0x0000770c                _close_r
 .text          0x00007730       0x20 /usr/lib/gcc/arm-none-eabi/13.2.1/../../../arm-none-eabi/lib/thumb/v7e-m+fp/hard/libc.a(libc_a-sprint_r.o)
                0x00007730                __sprint_r
 .text          0x00007750       0x4c /usr/lib/gcc/arm-none-eabi/13.2.1/../../../arm-none-eabi/lib/thumb/v7e-m+fp/hard/libc.a(libc_a-assert.o)
                0x00007750                __assert_func
                0x00007790                __assert
 .text          0x0000779c      0xab8 /usr/lib/gcc/arm-none-eabi/13.2.1/../../../arm-none-eabi/lib/thumb/v7e-m+fp/hard/libc.a(libc_a-mprec.o)
                0x0000779c                _Balloc
                0x000077e8                _Bfree
                0x000077fc                __multadd
                0x0000789c                __s2b
                0x00007950                __hi0bits
                0x00007994                __lo0bits
                0x000079f4                __i2b
                0x00007a50                __multiply
                0x00007bbc                __pow5mult
                0x00007c70                __lshift
                0x00007d60                __mcmp
                0x00007da4                __mdiff
                0x00007f1c                __ulp
                0x00007f80                __b2d
                0x0000803c                __d2b
                0x000080fc                __ratio
                0x0000815c                _mprec_log10
                0x0000819c                __copybits
                0x000081f8                __any_on
 .text          0x00008254       0x14 /usr/lib/gcc/arm-none-eabi/13.2.1/../../../arm-none-eabi/lib/thumb/v7e-m+fp/hard/libc.a(libc_a-localeconv.o)
                0x00008254                __localeconv_l
                0x00008258                _localeconv_r
                0x00008260                localeconv
 .text          0x00008268      0x13c /usr/lib/gcc/arm-none-eabi/13.2.1/../../../arm-none-eabi/lib/thumb/v7e-m+fp/hard/libc.a(libc_a-makebuf.o)
                0x00008268                __smakebuf_r
                0x00008344                __swhatbuf_r
 .text          0x000083a4       0x40 /usr/lib/gcc/arm-none-eabi/13.2.1/../../../arm-none-eabi/lib/thumb/v7e-m+fp/hard/libc.a(libc_a-mbtowc_r.o)
                0x000083a4                _mbtowc_r
                0x000083b8                __ascii_mbtowc
 .text          0x000083e4        0xc /usr/lib/gcc/arm-none-eabi/13.2.1/../../../arm-none-eabi/lib/thumb/v7e-m+fp/hard/libc.a(libc_a-errno.o)
                0x000083e4                __errno
 .text          0x000083f0       0x10 /usr/lib/gcc/arm-none-eabi/13.2.1/../../../arm-none-eabi/lib/thumb/v7e-m+fp/hard/libc.a(libc_a-abort.o)
                0x000083f0                abort
 .text          0x00008400       0x6c /usr/lib/gcc/arm-none-eabi/13.2.1/../../../arm-none-eabi/lib/thumb/v7e-m+fp/hard/libc.a(libc_a-callocr.o)
                0x00008400                _calloc_r
 .text          0x0000846c       0x2c /usr/lib/gcc/arm-none-eabi/13.2.1/../../../arm-none-eabi/lib/thumb/v7e-m+fp/hard/libc.a(libc_a-readr.o)
                0x0000846c                _read_r
 .text          0x00008498       0x44 /usr/lib/gcc/arm-none-eabi/13.2.1/../../../arm-none-eabi/lib/thumb/v7e-m+fp/hard/libc.a(libc_a-fiprintf.o)
                0x00008498                _fiprintf_r
                0x000084b4                fiprintf
 .text          0x000084dc       0x30 /usr/lib/gcc/arm-none-eabi/13.2.1/../../../arm-none-eabi/lib/thumb/v7e-m+fp/hard/libc.a(libc_a-wctomb_r.o)
                0x000084dc                _wctomb_r
                0x000084f0                __ascii_wctomb
 .text          0x0000850c       0x2c /usr/lib/gcc/arm-none-eabi/13.2.1/../../../arm-none-eabi/lib/thumb/v7e-m+fp/hard/libc.a(libc_a-lseekr.o)
                0x0000850c                _lseek_r
 .text          0x00008538       0x2c /usr/lib/gcc/arm-none-eabi/13.2.1/../../../arm-none-eabi/lib/thumb/v7e-m+fp/hard/libc.a(libc_a-fstatr.o)
                0x00008538                _fstat_r
 .text          0x00008564       0x24 /usr/lib/gcc/arm-none-eabi/13.2.1/../../../arm-none-eabi/lib/thumb/v7e-m+fp/hard/libc.a(libc_a-isattyr.o)
                0x00008564                _isatty_r
 .text          0x00008588      0x300 /usr/lib/gcc/arm-none-eabi/13.2.1/../../../arm-none-eabi/lib/thumb/v7e-m+fp/hard/libc.a(libc_a-fvwrite.o)
                0x00008588                __sfvwrite_r
 .text          0x00008888      0x280 /usr/lib/gcc/arm-none-eabi/13.2.1/../../../arm-none-eabi/lib/thumb/v7e-m+fp/hard/libc.a(libc_a-signal.o)
                0x00008888                _init_signal_r
                0x000088b8                _signal_r
                0x00008908                _raise_r
                0x0000895c                __sigtramp_r
                0x000089c0                raise
                0x00008a18                signal
                0x00008a68                _init_signal
                0x00008aa0                __sigtramp
 .text          0x00008b08       0x30 /usr/lib/gcc/arm-none-eabi/13.2.1/../../../arm-none-eabi/lib/thumb/v7e-m+fp/hard/libc.a(libc_a-signalr.o)
                0x00008b08                _kill_r
                0x00008b34                _getpid_r
 .text          0x00008b38      0x100 /usr/lib/gcc/arm-none-eabi/13.2.1/../../../arm-none-eabi/lib/thumb/v7e-m+fp/hard/libc.a(libc_a-memmove.o)
                0x00008b38                memmove
 .text          0x00008c38      0xb44 /usr/lib/gcc/arm-none-eabi/13.2.1/../../../arm-none-eabi/lib/thumb/v7e-m+fp/hard/libc.a(libc_a-vfiprintf.o)
                0x00008c38                _vfiprintf_r
                0x000096f4                vfiprintf
 .text          0x0000977c      0x344 /usr/lib/gcc/arm-none-eabi/13.2.1/../../../arm-none-eabi/lib/thumb/v7e-m+fp/hard/libc.a(libc_a-reallocr.o)
                0x0000977c                _realloc_r
 .text          0x00009ac0       0x10 /usr/lib/gcc/arm-none-eabi/13.2.1/../../../arm-none-eabi/lib/thumb/v7e-m+fp/hard/libnosys.a(close.o)
                0x00009ac0                _close
 .text          0x00009ad0       0x10 /usr/lib/gcc/arm-none-eabi/13.2.1/../../../arm-none-eabi/lib/thumb/v7e-m+fp/hard/libnosys.a(fstat.o)
                0x00009ad0                _fstat
 .text          0x00009ae0       0x10 /usr/lib/gcc/arm-none-eabi/13.2.1/../../../arm-none-eabi/lib/thumb/v7e-m+fp/hard/libnosys.a(getpid.o)
                0x00009ae0                _getpid
 .text          0x00009af0       0x10 /usr/lib/gcc/arm-none-eabi/13.2.1/../../../arm-none-eabi/lib/thumb/v7e-m+fp/hard/libnosys.a(isatty.o)
                0x00009af0                _isatty
 .text          0x00009b00       0x10 /usr/lib/gcc/arm-none-eabi/13.2.1/../../../arm-none-eabi/lib/thumb/v7e-m+fp/hard/libnosys.a(kill.o)
                0x00009b00                _kill
 .text          0x00009b10       0x10 /usr/lib/gcc/arm-none-eabi/13.2.1/../../../arm-none-eabi/lib/thumb/v7e-m+fp/hard/libnosys.a(lseek.o)
                0x00009b10                _lseek
 .text          0x00009b20       0x1c /usr/lib/gcc/arm-none-eabi/13.2.1/../../../arm-none-eabi/lib/thumb/v7e-m+fp/hard/libnosys.a(sbrk.o)
                0x00009b20                _sbrk
 .text          0x00009b3c        0x4 /usr/lib/gcc/arm-none-eabi/13.2.1/../../../arm-none-eabi/lib/thumb/v7e-m+fp/hard/libnosys.a(_exit.o)
                0x00009b3c                _exit
 .text          0x00009b40      0x378 /usr/lib/gcc/arm-none-eabi/13.2.1/thumb/v7e-m+fp/hard/libgcc.a(_arm_addsubdf3.o)
                0x00009b40                __aeabi_drsub
                0x00009b48                __aeabi_dsub
                0x00009b48                __subdf3
                0x00009b4c                __adddf3
                0x00009b4c                __aeabi_dadd
                0x00009dc4                __aeabi_ui2d
                0x00009dc4                __floatunsidf
                0x00009de4                __floatsidf
                0x00009de4                __aeabi_i2d
                0x00009e08                __extendsfdf2
                0x00009e08                __aeabi_f2d
                0x00009e4c                __aeabi_ul2d
                0x00009e4c                __floatundidf
                0x00009e5c                __floatdidf
                0x00009e5c                __aeabi_l2d
 .text          0x00009eb8      0x424 /usr/lib/gcc/arm-none-eabi/13.2.1/thumb/v7e-m+fp/hard/libgcc.a(_arm_muldivdf3.o)
                0x00009eb8                __aeabi_dmul
                0x00009eb8                __muldf3
                0x0000a10c                __aeabi_ddiv
                0x0000a10c                __divdf3
 .text          0x0000a2dc      0x110 /usr/lib/gcc/arm-none-eabi/13.2.1/thumb/v7e-m+fp/hard/libgcc.a(_arm_cmpdf2.o)
                0x0000a2dc                __gtdf2
                0x0000a2dc                __gedf2
                0x0000a2e4                __ltdf2
                0x0000a2e4                __ledf2
                0x0000a2ec                __cmpdf2
                0x0000a2ec                __eqdf2
                0x0000a2ec                __nedf2
                0x0000a368                __aeabi_cdrcmple
                0x0000a378                __aeabi_cdcmple
                0x0000a378                __aeabi_cdcmpeq
                0x0000a388                __aeabi_dcmpeq
                0x0000a39c                __aeabi_dcmplt
                0x0000a3b0                __aeabi_dcmple
                0x0000a3c4                __aeabi_dcmpge
                0x0000a3d8                __aeabi_dcmpgt
 .text          0x0000a3ec       0x2c /usr/lib/gcc/arm-none-eabi/13.2.1/thumb/v7e-m+fp/hard/libgcc.a(_arm_unorddf2.o)
                0x0000a3ec                __aeabi_dcmpun
                0x0000a3ec                __unorddf2
 .text          0x0000a418       0x50 /usr/lib/gcc/arm-none-eabi/13.2.1/thumb/v7e-m+fp/hard/libgcc.a(_arm_fixdfsi.o)
                0x0000a418                __fixdfsi
                0x0000a418                __aeabi_d2iz
 *(.init)
 .init          0x0000a468        0x4 /usr/lib/gcc/arm-none-eabi/13.2.1/thumb/v7e-m+fp/hard/crti.o
                0x0000a468                _init
 .init          0x0000a46c        0x8 /usr/lib/gcc/arm-none-eabi/13.2.1/thumb/v7e-m+fp/hard/crtn.o
 *(.fini)
 .fini          0x0000a474        0x4 /usr/lib/gcc/arm-none-eabi/13.2.1/thumb/v7e-m+fp/hard/crti.o
                0x0000a474                _fini
 .fini          0x0000a478        0x8 /usr/lib/gcc/arm-none-eabi/13.2.1/thumb/v7e-m+fp/hard/crtn.o
 *crtbegin.o(.ctors)
 *crtbegin?.o(.ctors)
 *(EXCLUDE_FILE(*crtend.o *crtend?.o) .ctors)
 *(SORT_BY_NAME(.ctors.*))
 *(.ctors)
 *crtbegin.o(.dtors)
 *crtbegin?.o(.dtors)
 *(EXCLUDE_FILE(*crtend.o *crtend?.o) .dtors)
 *(SORT_BY_NAME(.dtors.*))
 *(.dtors)
 *(.rodata*)
 .rodata.lilybuzzer_init.str1.1
                0x0000a480     0x10a2 _build/lilybuzzer.o
                                  0x1 (size before relaxing)
 *fill*         0x0000b522        0x2 
 .rodata.PWM_INST
                0x0000b524        0x8 _build/lilybuzzer.o
 .rodata.morse_table
                0x0000b52c      0x18c _build/lilybuzzer.o
 .rodata.symbol_timer
                0x0000b6b8        0x4 _build/lilybuzzer.o
 .rodata        0x0000b6bc        0xc _build/lilybuzzer.o
 .rodata.main.str1.1
                0x0000b6c8       0x14 _build/main.o
 *fill*         0x0000b6c8        0x8 
 .rodata.delay_machine_code.0
                0x0000b6d0        0x6 _build/main.o
 .rodata.nrf_gpio_pin_port_decode.str1.1
                0x0000b6d6       0x43 _build/better_error_handling.o
 .rodata.app_error_fault_handler.str1.1
                0x0000b6d6       0x78 _build/better_error_handling.o
 .rodata.HardFault_c_handler.str1.1
                0x0000b6d6      0x12e _build/better_error_handling.o
 .rodata.str1.1
                0x0000b6d6      0x4b6 _build/better_error_handling.o
 *fill*         0x0000b6d6        0x2 
 .rodata.cfsr_msgs.0
                0x0000b6d8       0x68 _build/better_error_handling.o
 .rodata.delay_machine_code.1
                0x0000b740        0x6 _build/better_error_handling.o
 .rodata.LED_COLS
                0x0000b746        0x5 _build/better_error_handling.o
 .rodata.LED_ROWS
                0x0000b74b        0x5 _build/better_error_handling.o
 .rodata.called_first.str1.1
                0x0000b750       0x69 _build/microbit_before_startup.o
 .rodata.delay_machine_code.0
                0x0000b750        0x6 _build/microbit_before_startup.o
 .rodata.uart_init.constprop.0.str1.1
                0x0000b756       0x6f _build/microbit_nrf_log_backend_uart.o
 *fill*         0x0000b756        0x2 
 .rodata.nrf_log_backend_uart_api
                0x0000b758        0xc _build/microbit_nrf_log_backend_uart.o
                0x0000b758                nrf_log_backend_uart_api
 .rodata        0x0000b764       0x20 _build/microbit_nrf_log_backend_uart.o
 *fill*         0x0000b784        0xc 
 .rodata.delay_machine_code.0
                0x0000b790        0x6 _build/app_timer.o
 .rodata.app_util_critical_region_enter.str1.1
                0x0000b796       0x55 _build/app_util_platform.o
 .rodata.nrf_balloc_init.str1.1
                0x0000b796       0x50 _build/nrf_balloc.o
 .rodata.str1.1
                0x0000b796        0x6 _build/nrf_drv_clock.o
 .rodata.nrf_fprintf_buffer_flush.str1.1
                0x0000b796       0x46 _build/nrf_fprintf.o
 .rodata.nrf_fprintf_fmt.str1.1
                0x0000b796       0x4d _build/nrf_fprintf_format.o
 .rodata._aV2C.0
                0x0000b796       0x10 _build/nrf_fprintf_format.o
 .rodata.nrf_log_default_backends_init.str1.1
                0x0000b7a6       0x5f _build/nrf_log_default_backends.o
 .rodata.str1.1
                0x0000b7a6       0x11 _build/nrf_log_default_backends.o
 .rodata.buf_prealloc.str1.1
                0x0000b7a6       0x57 _build/nrf_log_frontend.o
 .rodata.nrf_log_frontend_dequeue.str1.1
                0x0000b7a6       0x11 _build/nrf_log_frontend.o
 .rodata.str1.1
                0x0000b7a6        0x4 _build/nrf_log_frontend.o
 *fill*         0x0000b7a6        0x2 
 .rodata.m_log_push_ringbuf
                0x0000b7a8        0xc _build/nrf_log_frontend.o
 .rodata.postfix_process.str1.1
                0x0000b7b4        0xb _build/nrf_log_str_formatter.o
 .rodata.prefix_process.constprop.0.str1.1
                0x0000b7b4       0x2a _build/nrf_log_str_formatter.o
 .rodata.nrf_log_hexdump_entry_process.str1.1
                0x0000b7b4       0x11 _build/nrf_log_str_formatter.o
 .rodata.str1.1
                0x0000b7b4       0x51 _build/nrf_log_str_formatter.o
 .rodata.m_colors
                0x0000b7b4       0x24 _build/nrf_log_str_formatter.o
 .rodata.severity_names
                0x0000b7d8       0x14 _build/nrf_log_str_formatter.o
 .rodata.memobj_op.str1.1
                0x0000b7ec       0x50 _build/nrf_memobj.o
 .rodata.str1.1
                0x0000b7ec        0x9 _build/nrf_pwr_mgmt.o
 .rodata.str1.1
                0x0000b7ec      0x391 _build/nrf_strerror.o
 .rodata.nrf_strerror_array
                0x0000b7ec      0x118 _build/nrf_strerror.o
 .rodata.m_unknown_str
                0x0000b904       0x13 _build/nrf_strerror.o
 .rodata.str1.1
                0x0000b917        0x6 _build/nrfx_clock.o
 .rodata.nrf_gpio_pin_port_decode.str1.1
                0x0000b917       0x43 _build/nrfx_gpiote.o
 .rodata.str1.1
                0x0000b917        0x7 _build/nrfx_gpiote.o
 .rodata.UARTE0_UART0_IRQHandler.str1.1
                0x0000b917       0x4f _build/nrfx_prs.o
 .rodata.str1.1
                0x0000b917        0x4 _build/nrfx_prs.o
 .rodata.nrf_gpio_pin_port_decode.str1.1
                0x0000b917       0x43 _build/nrfx_pwm.o
 .rodata.nrf_pwm_sequence_set.str1.1
                0x0000b917       0x42 _build/nrfx_pwm.o
 .rodata.nrfx_pwm_init.str1.1
                0x0000b917       0x8f _build/nrfx_pwm.o
 .rodata.str1.1
                0x0000b917        0x4 _build/nrfx_pwm.o
 .rodata.str1.1
                0x0000b917        0x6 _build/nrfx_saadc.o
 .rodata.nrf_gpio_pin_port_decode.str1.1
                0x0000b917       0x43 _build/nrfx_spim.o
 .rodata.SPIM2_SPIS2_SPI2_IRQHandler.str1.1
                0x0000b917       0x4c _build/nrfx_spim.o
 .rodata.str1.1
                0x0000b917        0x5 _build/nrfx_spim.o
 .rodata.str1.1
                0x0000b917        0x6 _build/nrfx_timer.o
 .rodata.twim_irq_handler.str1.1
                0x0000b917       0x4c _build/nrfx_twim.o
 .rodata.str1.1
                0x0000b917        0x5 _build/nrfx_twim.o
 .rodata.nrf_gpio_pin_port_decode.str1.1
                0x0000b917       0x43 _build/nrfx_uart.o
 .rodata.nrfx_uart_init.str1.1
                0x0000b917       0x90 _build/nrfx_uart.o
 .rodata.str1.1
                0x0000b917        0x5 _build/nrfx_uart.o
 .rodata.nrf_gpio_pin_port_decode.str1.1
                0x0000b917       0x43 _build/nrfx_uarte.o
 .rodata.nrfx_uarte_init.str1.1
                0x0000b917       0x91 _build/nrfx_uarte.o
 .rodata.str1.1
                0x0000b917        0x6 _build/nrfx_uarte.o
 *fill*         0x0000b917        0x1 
 .rodata        0x0000b918      0x101 /usr/lib/gcc/arm-none-eabi/13.2.1/../../../arm-none-eabi/lib/thumb/v7e-m+fp/hard/libc.a(libc_a-ctype_.o)
                0x0000b918                _ctype_
 *fill*         0x0000ba19        0x3 
 .rodata.str1.4
                0x0000ba1c      0x112 /usr/lib/gcc/arm-none-eabi/13.2.1/../../../arm-none-eabi/lib/thumb/v7e-m+fp/hard/libc.a(libc_a-vfprintf.o)
                                 0x42 (size before relaxing)
 *fill*         0x0000bb2e        0x2 
 .rodata        0x0000bb30       0x20 /usr/lib/gcc/arm-none-eabi/13.2.1/../../../arm-none-eabi/lib/thumb/v7e-m+fp/hard/libc.a(libc_a-vfprintf.o)
 .rodata.str1.4
                0x0000bb50       0x54 /usr/lib/gcc/arm-none-eabi/13.2.1/../../../arm-none-eabi/lib/thumb/v7e-m+fp/hard/libc.a(libc_a-dtoa.o)
 .rodata.str1.4
                0x0000bb50       0x43 /usr/lib/gcc/arm-none-eabi/13.2.1/../../../arm-none-eabi/lib/thumb/v7e-m+fp/hard/libc.a(libc_a-assert.o)
 .rodata.str1.4
                0x0000bb50       0x41 /usr/lib/gcc/arm-none-eabi/13.2.1/../../../arm-none-eabi/lib/thumb/v7e-m+fp/hard/libc.a(libc_a-mprec.o)
 .rodata        0x0000bb50      0x128 /usr/lib/gcc/arm-none-eabi/13.2.1/../../../arm-none-eabi/lib/thumb/v7e-m+fp/hard/libc.a(libc_a-mprec.o)
                0x0000bb60                __mprec_tens
                0x0000bc28                __mprec_tinytens
                0x0000bc50                __mprec_bigtens
 .rodata.str1.4
                0x0000bc78       0x12 /usr/lib/gcc/arm-none-eabi/13.2.1/../../../arm-none-eabi/lib/thumb/v7e-m+fp/hard/libc.a(libc_a-locale.o)
 .rodata.str1.4
                0x0000bc78       0x2f /usr/lib/gcc/arm-none-eabi/13.2.1/../../../arm-none-eabi/lib/thumb/v7e-m+fp/hard/libc.a(libc_a-vfiprintf.o)
 .rodata        0x0000bc78       0x20 /usr/lib/gcc/arm-none-eabi/13.2.1/../../../arm-none-eabi/lib/thumb/v7e-m+fp/hard/libc.a(libc_a-vfiprintf.o)
 *(.eh_frame*)
 .eh_frame      0x0000bc98        0x0 /usr/lib/gcc/arm-none-eabi/13.2.1/thumb/v7e-m+fp/hard/crtbegin.o
 .eh_frame      0x0000bc98       0x34 /usr/lib/gcc/arm-none-eabi/13.2.1/../../../arm-none-eabi/lib/thumb/v7e-m+fp/hard/libc.a(libc_a-strlen.o)
 .eh_frame      0x0000bccc       0x2c /usr/lib/gcc/arm-none-eabi/13.2.1/../../../arm-none-eabi/lib/thumb/v7e-m+fp/hard/libc.a(libc_a-memcpy.o)
 .eh_frame      0x0000bcf8       0x50 /usr/lib/gcc/arm-none-eabi/13.2.1/../../../arm-none-eabi/lib/thumb/v7e-m+fp/hard/libc.a(libc_a-memchr.o)
 .eh_frame      0x0000bd48        0x4 /usr/lib/gcc/arm-none-eabi/13.2.1/thumb/v7e-m+fp/hard/crtend.o

.glue_7         0x0000bd4c        0x0
 .glue_7        0x0000bd4c        0x0 linker stubs

.glue_7t        0x0000bd4c        0x0
 .glue_7t       0x0000bd4c        0x0 linker stubs

.vfp11_veneer   0x0000bd4c        0x0
 .vfp11_veneer  0x0000bd4c        0x0 linker stubs

.v4_bx          0x0000bd4c        0x0
 .v4_bx         0x0000bd4c        0x0 linker stubs

.iplt           0x0000bd4c        0x0
 .iplt          0x0000bd4c        0x0 /usr/lib/gcc/arm-none-eabi/13.2.1/thumb/v7e-m+fp/hard/crtbegin.o

.pwr_mgmt_data  0x0000bd4c        0x0
                0x0000bd4c                        PROVIDE (__start_pwr_mgmt_data = .)
 *(SORT_BY_NAME(.pwr_mgmt_data*))
                0x0000bd4c                        PROVIDE (__stop_pwr_mgmt_data = .)

.log_const_data
                0x0000bd4c       0x68
                0x0000bd4c                        PROVIDE (__start_log_const_data = .)
 *(SORT_BY_NAME(.log_const_data*))
 .log_const_data_CLOCK
                0x0000bd4c        0x8 _build/nrfx_clock.o
                0x0000bd4c                m_nrf_log_CLOCK_logs_data_const
 .log_const_data_GPIOTE
                0x0000bd54        0x8 _build/nrfx_gpiote.o
                0x0000bd54                m_nrf_log_GPIOTE_logs_data_const
 .log_const_data_PRS
                0x0000bd5c        0x8 _build/nrfx_prs.o
                0x0000bd5c                m_nrf_log_PRS_logs_data_const
 .log_const_data_PWM
                0x0000bd64        0x8 _build/nrfx_pwm.o
                0x0000bd64                m_nrf_log_PWM_logs_data_const
 .log_const_data_SAADC
                0x0000bd6c        0x8 _build/nrfx_saadc.o
                0x0000bd6c                m_nrf_log_SAADC_logs_data_const
 .log_const_data_SPIM
                0x0000bd74        0x8 _build/nrfx_spim.o
                0x0000bd74                m_nrf_log_SPIM_logs_data_const
 .log_const_data_TIMER
                0x0000bd7c        0x8 _build/nrfx_timer.o
                0x0000bd7c                m_nrf_log_TIMER_logs_data_const
 .log_const_data_TWIM
                0x0000bd84        0x8 _build/nrfx_twim.o
                0x0000bd84                m_nrf_log_TWIM_logs_data_const
 .log_const_data_UART
                0x0000bd8c        0x8 _build/nrfx_uart.o
                0x0000bd8c                m_nrf_log_UART_logs_data_const
 .log_const_data_UARTE
                0x0000bd94        0x8 _build/nrfx_uarte.o
                0x0000bd94                m_nrf_log_UARTE_logs_data_const
 .log_const_data_app
                0x0000bd9c        0x8 _build/nrf_log_frontend.o
                0x0000bd9c                m_nrf_log_app_logs_data_const
 .log_const_data_clock
                0x0000bda4        0x8 _build/nrf_drv_clock.o
                0x0000bda4                m_nrf_log_clock_logs_data_const
 .log_const_data_pwr_mgmt
                0x0000bdac        0x8 _build/nrf_pwr_mgmt.o
                0x0000bdac                m_nrf_log_pwr_mgmt_logs_data_const
                0x0000bdb4                        PROVIDE (__stop_log_const_data = .)

.nrf_balloc     0x0000bdb4       0x14
                [!provide]                        PROVIDE (__start_nrf_balloc = .)
 *(.nrf_balloc)
 .nrf_balloc    0x0000bdb4       0x14 _build/nrf_log_frontend.o
                0x0000bdb4                log_mempool
                [!provide]                        PROVIDE (__stop_nrf_balloc = .)

.log_backends   0x0000bdc8       0x10
 .log_backends  0x0000bdc8       0x10 _build/nrf_log_default_backends.o

.nrf_queue      0x0000bdd8        0x0
                [!provide]                        PROVIDE (__start_nrf_queue = .)
 *(.nrf_queue)
                [!provide]                        PROVIDE (__stop_nrf_queue = .)

.cli_command    0x0000bdd8        0x0
                [!provide]                        PROVIDE (__start_cli_command = .)
 *(.cli_command)
                [!provide]                        PROVIDE (__stop_cli_command = .)

.sdh_stack_observers
                0x0000bdd8        0x0
                [!provide]                        PROVIDE (__start_sdh_stack_observers = .)
 *(SORT_BY_NAME(.sdh_stack_observers*))
                [!provide]                        PROVIDE (__stop_sdh_stack_observers = .)

.sdh_req_observers
                0x0000bdd8        0x0
                [!provide]                        PROVIDE (__start_sdh_req_observers = .)
 *(SORT_BY_NAME(.sdh_req_observers*))
                [!provide]                        PROVIDE (__stop_sdh_req_observers = .)

.sdh_state_observers
                0x0000bdd8        0x0
                [!provide]                        PROVIDE (__start_sdh_state_observers = .)
 *(SORT_BY_NAME(.sdh_state_observers*))
                [!provide]                        PROVIDE (__stop_sdh_state_observers = .)

.sdh_ant_observers
                0x0000bdd8        0x0
                [!provide]                        PROVIDE (__start_sdh_ant_observers = .)
 *(SORT_BY_NAME(.sdh_ant_observers*))
                [!provide]                        PROVIDE (__stop_sdh_ant_observers = .)

.sdh_ble_observers
                0x0000bdd8        0x0
                [!provide]                        PROVIDE (__start_sdh_ble_observers = .)
 *(SORT_BY_NAME(.sdh_ble_observers*))
                [!provide]                        PROVIDE (__stop_sdh_ble_observers = .)

.sdh_soc_observers
                0x0000bdd8        0x0
                [!provide]                        PROVIDE (__start_sdh_soc_observers = .)
 *(SORT_BY_NAME(.sdh_soc_observers*))
                [!provide]                        PROVIDE (__stop_sdh_soc_observers = .)

.crypto_data    0x0000bdd8        0x0
                [!provide]                        PROVIDE (__start_crypto_data = .)
 *(SORT_BY_NAME(.crypto_data*))
                [!provide]                        PROVIDE (__stop_crypto_data = .)

.ARM.extab
 *(.ARM.extab* .gnu.linkonce.armextab.*)
                0x0000bdd8                        __exidx_start = .

.ARM.exidx      0x0000bdd8        0x8
 *(.ARM.exidx* .gnu.linkonce.armexidx.*)
 .ARM.exidx     0x0000bdd8        0x8 /usr/lib/gcc/arm-none-eabi/13.2.1/../../../arm-none-eabi/lib/thumb/v7e-m+fp/hard/crt0.o
                                 0x10 (size before relaxing)
 .ARM.exidx     0x0000bde0        0x0 /usr/lib/gcc/arm-none-eabi/13.2.1/../../../arm-none-eabi/lib/thumb/v7e-m+fp/hard/libc.a(libc_a-strlen.o)
                                  0x8 (size before relaxing)
 .ARM.exidx     0x0000bde0        0x0 /usr/lib/gcc/arm-none-eabi/13.2.1/../../../arm-none-eabi/lib/thumb/v7e-m+fp/hard/libc.a(libc_a-memcpy.o)
                                  0x8 (size before relaxing)
 .ARM.exidx     0x0000bde0        0x0 /usr/lib/gcc/arm-none-eabi/13.2.1/../../../arm-none-eabi/lib/thumb/v7e-m+fp/hard/libc.a(libc_a-memchr.o)
                                  0x8 (size before relaxing)
                0x0000bde0                        __exidx_end = .
                0x0000bde0                        __etext = .

.rel.dyn        0x0000bde0        0x0
 .rel.iplt      0x0000bde0        0x0 /usr/lib/gcc/arm-none-eabi/13.2.1/thumb/v7e-m+fp/hard/crtbegin.o

.data           0x20000000      0x6fc load address 0x0000bde0
                0x20000000                        __data_start__ = .
 *(vtable)
 *(.data*)
 .data.string_to_play
                0x20000000        0x4 _build/lilybuzzer.o
                0x20000000                string_to_play
 .data.pwm_sequence
                0x20000004       0x10 _build/lilybuzzer.o
                0x20000004                pwm_sequence
 .data.m_uart   0x20000014       0x14 _build/microbit_nrf_log_backend_uart.o
                0x20000014                m_uart
 .data.log_backend_cb_uart_log_backend
                0x20000028        0x8 _build/nrf_log_default_backends.o
 .data.SystemCoreClock
                0x20000030        0x4 _build/system_nrf52833.o
                0x20000030                SystemCoreClock
 *fill*         0x20000034        0x4 
 .data          0x20000038      0x128 /usr/lib/gcc/arm-none-eabi/13.2.1/../../../arm-none-eabi/lib/thumb/v7e-m+fp/hard/libc.a(libc_a-impure.o)
                0x20000038                _impure_ptr
                0x20000040                _impure_data
 .data          0x20000160        0xc /usr/lib/gcc/arm-none-eabi/13.2.1/../../../arm-none-eabi/lib/thumb/v7e-m+fp/hard/libc.a(libc_a-findfp.o)
                0x20000160                __sglue
 *fill*         0x2000016c        0x4 
 .data          0x20000170      0x410 /usr/lib/gcc/arm-none-eabi/13.2.1/../../../arm-none-eabi/lib/thumb/v7e-m+fp/hard/libc.a(libc_a-mallocr.o)
                0x20000170                __malloc_av_
                0x20000578                __malloc_sbrk_base
                0x2000057c                __malloc_trim_threshold
 .data          0x20000580      0x16c /usr/lib/gcc/arm-none-eabi/13.2.1/../../../arm-none-eabi/lib/thumb/v7e-m+fp/hard/libc.a(libc_a-locale.o)
                0x20000580                __global_locale
                0x200006ec                        . = ALIGN (0x4)
                0x200006ec                        PROVIDE (__preinit_array_start = .)
 *(.preinit_array)
                0x200006ec                        PROVIDE (__preinit_array_end = .)
                0x200006ec                        . = ALIGN (0x4)
                0x200006ec                        PROVIDE (__init_array_start = .)
 *(SORT_BY_NAME(.init_array.*))
 .init_array.00000
                0x200006ec        0x4 /usr/lib/gcc/arm-none-eabi/13.2.1/../../../arm-none-eabi/lib/thumb/v7e-m+fp/hard/libc.a(libc_a-__call_atexit.o)
 *(.init_array)
 .init_array    0x200006f0        0x4 /usr/lib/gcc/arm-none-eabi/13.2.1/thumb/v7e-m+fp/hard/crtbegin.o
 .init_array    0x200006f4        0x4 _build/microbit_before_startup.o
                0x200006f8                        PROVIDE (__init_array_end = .)
                0x200006f8                        . = ALIGN (0x4)
                0x200006f8                        PROVIDE (__fini_array_start = .)
 *(SORT_BY_NAME(.fini_array.*))
 *(.fini_array)
 .fini_array    0x200006f8        0x4 /usr/lib/gcc/arm-none-eabi/13.2.1/thumb/v7e-m+fp/hard/crtbegin.o
                0x200006fc                        PROVIDE (__fini_array_end = .)
 *(.jcr*)
                0x200006fc                        . = ALIGN (0x4)
                0x200006fc                        __data_end__ = .
LOAD /usr/lib/gcc/arm-none-eabi/13.2.1/thumb/v7e-m+fp/hard/crti.o
LOAD /usr/lib/gcc/arm-none-eabi/13.2.1/thumb/v7e-m+fp/hard/crtbegin.o
LOAD /usr/lib/gcc/arm-none-eabi/13.2.1/../../../arm-none-eabi/lib/thumb/v7e-m+fp/hard/crt0.o
START GROUP
LOAD _build/lilybuzzer.o
LOAD _build/main.o
LOAD _build/better_error_handling.o
LOAD _build/microbit_before_startup.o
LOAD _build/microbit_nrf_log_backend_uart.o
LOAD _build/microbit_retarget.o
LOAD _build/app_error_handler_gcc.o
LOAD _build/app_fifo.o
LOAD _build/app_scheduler.o
LOAD _build/app_timer.o
LOAD _build/app_uart_fifo.o
LOAD _build/app_util_platform.o
LOAD _build/hardfault_handler_gcc.o
LOAD _build/nrf_assert.o
LOAD _build/nrf_atomic.o
LOAD _build/nrf_balloc.o
LOAD _build/nrf_drv_clock.o
LOAD _build/nrf_drv_twi.o
LOAD _build/nrf_drv_uart.o
LOAD _build/nrf_fprintf.o
LOAD _build/nrf_fprintf_format.o
LOAD _build/nrf_log_backend_rtt.o
LOAD _build/nrf_log_backend_serial.o
LOAD _build/nrf_log_default_backends.o
LOAD _build/nrf_log_frontend.o
LOAD _build/nrf_log_str_formatter.o
LOAD _build/nrf_memobj.o
LOAD _build/nrf_nvmc.o
LOAD _build/nrf_pwr_mgmt.o
LOAD _build/nrf_queue.o
LOAD _build/nrf_ringbuf.o
LOAD _build/nrf_sdh.o
LOAD _build/nrf_section_iter.o
LOAD _build/nrf_serial.o
LOAD _build/nrf_strerror.o
LOAD _build/nrf_twi_mngr.o
LOAD _build/nrfx_clock.o
LOAD _build/nrfx_gpiote.o
LOAD _build/nrfx_ppi.o
LOAD _build/nrfx_prs.o
LOAD _build/nrfx_pwm.o
LOAD _build/nrfx_saadc.o
LOAD _build/nrfx_spim.o
LOAD _build/nrfx_timer.o
LOAD _build/nrfx_twi.o
LOAD _build/nrfx_twim.o
LOAD _build/nrfx_uart.o
LOAD _build/nrfx_uarte.o
LOAD _build/system_nrf52833.o
LOAD _build/app_error_weak.o
LOAD _build/gcc_startup_nrf52833.os
LOAD /usr/lib/gcc/arm-none-eabi/13.2.1/../../../arm-none-eabi/lib/thumb/v7e-m+fp/hard/libc.a
LOAD /usr/lib/gcc/arm-none-eabi/13.2.1/../../../arm-none-eabi/lib/thumb/v7e-m+fp/hard/libnosys.a
LOAD /usr/lib/gcc/arm-none-eabi/13.2.1/../../../arm-none-eabi/lib/thumb/v7e-m+fp/hard/libm.a
LOAD /usr/lib/gcc/arm-none-eabi/13.2.1/../../../arm-none-eabi/lib/thumb/v7e-m+fp/hard/libstdc++.a
END GROUP
START GROUP
LOAD /usr/lib/gcc/arm-none-eabi/13.2.1/thumb/v7e-m+fp/hard/libgcc.a
LOAD /usr/lib/gcc/arm-none-eabi/13.2.1/../../../arm-none-eabi/lib/thumb/v7e-m+fp/hard/libc.a
END GROUP
LOAD /usr/lib/gcc/arm-none-eabi/13.2.1/thumb/v7e-m+fp/hard/crtend.o
LOAD /usr/lib/gcc/arm-none-eabi/13.2.1/thumb/v7e-m+fp/hard/crtn.o
START GROUP
LOAD /usr/lib/gcc/arm-none-eabi/13.2.1/thumb/v7e-m+fp/hard/libgcc.a
LOAD /usr/lib/gcc/arm-none-eabi/13.2.1/../../../arm-none-eabi/lib/thumb/v7e-m+fp/hard/libc.a
LOAD /usr/lib/gcc/arm-none-eabi/13.2.1/../../../arm-none-eabi/lib/thumb/v7e-m+fp/hard/libnosys.a
END GROUP
                0x00001000                        FLASH_PAGE_SIZE = 0x1000
                0x00000004                        FLASH_DATA_PAGES_USED = 0x4

.tm_clone_table
                0x200006fc        0x0 load address 0x0000c4dc
 .tm_clone_table
                0x200006fc        0x0 /usr/lib/gcc/arm-none-eabi/13.2.1/thumb/v7e-m+fp/hard/crtbegin.o
 .tm_clone_table
                0x200006fc        0x0 /usr/lib/gcc/arm-none-eabi/13.2.1/thumb/v7e-m+fp/hard/crtend.o

.igot.plt       0x200006fc        0x0 load address 0x0000c4dc
 .igot.plt      0x200006fc        0x0 /usr/lib/gcc/arm-none-eabi/13.2.1/thumb/v7e-m+fp/hard/crtbegin.o
                0x200006fc                        . = ALIGN (0x4)

.svc_data       0x200006fc        0x0
                [!provide]                        PROVIDE (__start_svc_data = .)
 *(.svc_data)
                [!provide]                        PROVIDE (__stop_svc_data = .)

.fs_data        0x200006fc        0x0
                [!provide]                        PROVIDE (__start_fs_data = .)
 *(.fs_data)
                [!provide]                        PROVIDE (__stop_fs_data = .)

.log_dynamic_data
                0x200006fc        0x0
                0x200006fc                        PROVIDE (__start_log_dynamic_data = .)
 *(SORT_BY_NAME(.log_dynamic_data*))
                [!provide]                        PROVIDE (__stop_log_dynamic_data = .)

.cli_sorted_cmd_ptrs
                0x200006fc        0x0
                [!provide]                        PROVIDE (__start_cli_sorted_cmd_ptrs = .)
 *(.cli_sorted_cmd_ptrs)
                [!provide]                        PROVIDE (__stop_cli_sorted_cmd_ptrs = .)

.bss            0x200006fc      0xc0c load address 0x0000c4dc
                0x200006fc                        . = ALIGN (0x4)
                0x200006fc                        __bss_start__ = .
 *(.bss*)
 .bss           0x200006fc       0x1c /usr/lib/gcc/arm-none-eabi/13.2.1/thumb/v7e-m+fp/hard/crtbegin.o
 .bss.curr_symbol_index
                0x20000718        0x1 _build/lilybuzzer.o
                0x20000718                curr_symbol_index
 *fill*         0x20000719        0x3 
 .bss.curr_char_index
                0x2000071c        0x4 _build/lilybuzzer.o
                0x2000071c                curr_char_index
 .bss.string_length
                0x20000720        0x4 _build/lilybuzzer.o
                0x20000720                string_length
 .bss.sequence_data
                0x20000724        0x2 _build/lilybuzzer.o
                0x20000724                sequence_data
 *fill*         0x20000726        0x2 
 .bss.symbol_timer_data
                0x20000728       0x20 _build/lilybuzzer.o
 .bss.m_async_mode
                0x20000748        0x1 _build/microbit_nrf_log_backend_uart.o
 .bss.m_xfer_done
                0x20000749        0x1 _build/microbit_nrf_log_backend_uart.o
 .bss.m_string_buff
                0x2000074a       0x40 _build/microbit_nrf_log_backend_uart.o
 .bss.m_rtc1_reset
                0x2000078a        0x1 _build/app_timer.o
 .bss.m_rtc1_running
                0x2000078b        0x1 _build/app_timer.o
 .bss.m_ticks_elapsed_q_write_ind
                0x2000078c        0x1 _build/app_timer.o
 .bss.m_ticks_elapsed_q_read_ind
                0x2000078d        0x1 _build/app_timer.o
 *fill*         0x2000078e        0x2 
 .bss.m_ticks_elapsed
                0x20000790        0x8 _build/app_timer.o
 .bss.m_ticks_latest
                0x20000798        0x4 _build/app_timer.o
 .bss.mp_timer_id_head
                0x2000079c        0x4 _build/app_timer.o
 .bss.m_op_queue
                0x200007a0      0x10c _build/app_timer.o
 .bss.m_in_critical_region
                0x200008ac        0x4 _build/app_util_platform.o
 .bss.nrf_drv_uart_use_easy_dma
                0x200008b0        0x2 _build/nrf_drv_uart.o
                0x200008b0                nrf_drv_uart_use_easy_dma
 *fill*         0x200008b2        0x2 
 .bss.m_contexts
                0x200008b4        0x8 _build/nrf_drv_uart.o
 .bss.m_handlers
                0x200008bc        0x8 _build/nrf_drv_uart.o
 .bss.m_log_data
                0x200008c4      0x424 _build/nrf_log_frontend.o
 .bss.m_log_push_ringbuf_cb
                0x20000ce8       0x18 _build/nrf_log_frontend.o
 .bss.m_log_push_ringbuf_buf
                0x20000d00       0x80 _build/nrf_log_frontend.o
 .bss.log_mempool_nrf_balloc_cb
                0x20000d80        0x8 _build/nrf_log_frontend.o
 .bss.log_mempool_nrf_balloc_pool_mem
                0x20000d88       0xc0 _build/nrf_log_frontend.o
 .bss.log_mempool_nrf_balloc_pool_stack
                0x20000e48        0x8 _build/nrf_log_frontend.o
 .bss.m_clock_cb
                0x20000e50        0x8 _build/nrfx_clock.o
 .bss.m_cb      0x20000e58       0x68 _build/nrfx_gpiote.o
 .bss.m_prs_box_4
                0x20000ec0        0x8 _build/nrfx_prs.o
 .bss.m_cb      0x20000ec8       0x10 _build/nrfx_pwm.o
 .bss.m_cb      0x20000ed8       0x30 _build/nrfx_saadc.o
 .bss.m_cb      0x20000f08       0x24 _build/nrfx_spim.o
 .bss.m_cb      0x20000f2c       0x18 _build/nrfx_timer.o
 .bss.m_cb      0x20000f44       0x68 _build/nrfx_twim.o
 .bss.m_cb      0x20000fac       0x2c _build/nrfx_uart.o
 .bss.m_cb      0x20000fd8       0x24 _build/nrfx_uarte.o
 .bss           0x20000ffc      0x13c /usr/lib/gcc/arm-none-eabi/13.2.1/../../../arm-none-eabi/lib/thumb/v7e-m+fp/hard/libc.a(libc_a-findfp.o)
                0x20000ffc                __sf
                0x20001134                __stdio_exit_handler
 .bss           0x20001138       0x34 /usr/lib/gcc/arm-none-eabi/13.2.1/../../../arm-none-eabi/lib/thumb/v7e-m+fp/hard/libc.a(libc_a-mallocr.o)
                0x20001138                __malloc_top_pad
                0x2000113c                __malloc_current_mallinfo
                0x20001164                __malloc_max_sbrked_mem
                0x20001168                __malloc_max_total_mem
 .bss           0x2000116c        0x4 /usr/lib/gcc/arm-none-eabi/13.2.1/../../../arm-none-eabi/lib/thumb/v7e-m+fp/hard/libc.a(libc_a-__call_atexit.o)
                0x2000116c                __atexit
 .bss           0x20001170      0x190 /usr/lib/gcc/arm-none-eabi/13.2.1/../../../arm-none-eabi/lib/thumb/v7e-m+fp/hard/libc.a(libc_a-__atexit.o)
                0x20001170                __atexit0
 .bss           0x20001300        0x4 /usr/lib/gcc/arm-none-eabi/13.2.1/../../../arm-none-eabi/lib/thumb/v7e-m+fp/hard/libc.a(libc_a-reent.o)
                0x20001300                errno
 .bss           0x20001304        0x4 /usr/lib/gcc/arm-none-eabi/13.2.1/../../../arm-none-eabi/lib/thumb/v7e-m+fp/hard/libnosys.a(sbrk.o)
 *(COMMON)
                0x20001308                        . = ALIGN (0x4)
                0x20001308                        __bss_end__ = .

.heap           0x20001308     0x2000
                0x20001308                        __HeapBase = .
                0x20001308                        __end__ = .
                0x20001308                        PROVIDE (end = .)
 *(.heap*)
 .heap          0x20001308     0x2000 _build/gcc_startup_nrf52833.os
                0x20003308                        __HeapLimit = .

.stack_dummy    0x20001308     0x2000
 *(.stack*)
 .stack         0x20001308     0x2000 _build/gcc_startup_nrf52833.os
                0x20020000                        __StackTop = (ORIGIN (RAM) + LENGTH (RAM))
                0x2001e000                        __StackLimit = (__StackTop - SIZEOF (.stack_dummy))
                0x20020000                        PROVIDE (__stack = __StackTop)
                0x00000001                        ASSERT ((__StackLimit >= __HeapLimit), region RAM overflowed with stack)
                0x000006fc                        DataInitFlashUsed = (__bss_start__ - __data_start__)
                0x0000bde0                        CodeFlashUsed = (__etext - ORIGIN (FLASH))
                0x0000c4dc                        TotalFlashUsed = (CodeFlashUsed + DataInitFlashUsed)
                0x00000001                        ASSERT ((TotalFlashUsed <= LENGTH (FLASH)), region FLASH overflowed with .data and user data)
OUTPUT(_build/lilybuzzer_sdk16_blank.elf elf32-littlearm)
LOAD linker stubs

.ARM.attributes
                0x00000000       0x30
 .ARM.attributes
                0x00000000       0x22 /usr/lib/gcc/arm-none-eabi/13.2.1/thumb/v7e-m+fp/hard/crti.o
 .ARM.attributes
                0x00000022       0x34 /usr/lib/gcc/arm-none-eabi/13.2.1/thumb/v7e-m+fp/hard/crtbegin.o
 .ARM.attributes
                0x00000056       0x20 /usr/lib/gcc/arm-none-eabi/13.2.1/../../../arm-none-eabi/lib/thumb/v7e-m+fp/hard/crt0.o
 .ARM.attributes
                0x00000076       0x34 _build/lilybuzzer.o
 .ARM.attributes
                0x000000aa       0x34 _build/main.o
 .ARM.attributes
                0x000000de       0x34 _build/better_error_handling.o
 .ARM.attributes
                0x00000112       0x34 _build/microbit_before_startup.o
 .ARM.attributes
                0x00000146       0x34 _build/microbit_nrf_log_backend_uart.o
 .ARM.attributes
                0x0000017a       0x34 _build/microbit_retarget.o
 .ARM.attributes
                0x000001ae       0x34 _build/app_error_handler_gcc.o
 .ARM.attributes
                0x000001e2       0x34 _build/app_timer.o
 .ARM.attributes
                0x00000216       0x34 _build/app_util_platform.o
 .ARM.attributes
                0x0000024a       0x34 _build/hardfault_handler_gcc.o
 .ARM.attributes
                0x0000027e       0x34 _build/nrf_assert.o
 .ARM.attributes
                0x000002b2       0x34 _build/nrf_atomic.o
 .ARM.attributes
                0x000002e6       0x34 _build/nrf_balloc.o
 .ARM.attributes
                0x0000031a       0x34 _build/nrf_drv_clock.o
 .ARM.attributes
                0x0000034e       0x34 _build/nrf_drv_uart.o
 .ARM.attributes
                0x00000382       0x34 _build/nrf_fprintf.o
 .ARM.attributes
                0x000003b6       0x34 _build/nrf_fprintf_format.o
 .ARM.attributes
                0x000003ea       0x34 _build/nrf_log_backend_serial.o
 .ARM.attributes
                0x0000041e       0x34 _build/nrf_log_default_backends.o
 .ARM.attributes
                0x00000452       0x34 _build/nrf_log_frontend.o
 .ARM.attributes
                0x00000486       0x34 _build/nrf_log_str_formatter.o
 .ARM.attributes
                0x000004ba       0x34 _build/nrf_memobj.o
 .ARM.attributes
                0x000004ee       0x34 _build/nrf_pwr_mgmt.o
 .ARM.attributes
                0x00000522       0x34 _build/nrf_ringbuf.o
 .ARM.attributes
                0x00000556       0x34 _build/nrf_strerror.o
 .ARM.attributes
                0x0000058a       0x34 _build/nrfx_clock.o
 .ARM.attributes
                0x000005be       0x34 _build/nrfx_gpiote.o
 .ARM.attributes
                0x000005f2       0x34 _build/nrfx_prs.o
 .ARM.attributes
                0x00000626       0x34 _build/nrfx_pwm.o
 .ARM.attributes
                0x0000065a       0x34 _build/nrfx_saadc.o
 .ARM.attributes
                0x0000068e       0x34 _build/nrfx_spim.o
 .ARM.attributes
                0x000006c2       0x34 _build/nrfx_timer.o
 .ARM.attributes
                0x000006f6       0x34 _build/nrfx_twim.o
 .ARM.attributes
                0x0000072a       0x34 _build/nrfx_uart.o
 .ARM.attributes
                0x0000075e       0x34 _build/nrfx_uarte.o
 .ARM.attributes
                0x00000792       0x34 _build/system_nrf52833.o
 .ARM.attributes
                0x000007c6       0x1c _build/gcc_startup_nrf52833.os
 .ARM.attributes
                0x000007e2       0x1c /usr/lib/gcc/arm-none-eabi/13.2.1/../../../arm-none-eabi/lib/thumb/v7e-m+fp/hard/libc.a(libc_a-strlen.o)
 .ARM.attributes
                0x000007fe       0x34 /usr/lib/gcc/arm-none-eabi/13.2.1/../../../arm-none-eabi/lib/thumb/v7e-m+fp/hard/libc.a(libc_a-memset.o)
 .ARM.attributes
                0x00000832       0x34 /usr/lib/gcc/arm-none-eabi/13.2.1/../../../arm-none-eabi/lib/thumb/v7e-m+fp/hard/libc.a(libc_a-impure.o)
 .ARM.attributes
                0x00000866       0x34 /usr/lib/gcc/arm-none-eabi/13.2.1/../../../arm-none-eabi/lib/thumb/v7e-m+fp/hard/libc.a(libc_a-setbuf.o)
 .ARM.attributes
                0x0000089a       0x20 /usr/lib/gcc/arm-none-eabi/13.2.1/../../../arm-none-eabi/lib/thumb/v7e-m+fp/hard/libc.a(libc_a-memcpy.o)
 .ARM.attributes
                0x000008ba       0x34 /usr/lib/gcc/arm-none-eabi/13.2.1/../../../arm-none-eabi/lib/thumb/v7e-m+fp/hard/libc.a(libc_a-init.o)
 .ARM.attributes
                0x000008ee       0x34 /usr/lib/gcc/arm-none-eabi/13.2.1/../../../arm-none-eabi/lib/thumb/v7e-m+fp/hard/libc.a(libc_a-findfp.o)
 .ARM.attributes
                0x00000922       0x34 /usr/lib/gcc/arm-none-eabi/13.2.1/../../../arm-none-eabi/lib/thumb/v7e-m+fp/hard/libc.a(libc_a-exit.o)
 .ARM.attributes
                0x00000956       0x34 /usr/lib/gcc/arm-none-eabi/13.2.1/../../../arm-none-eabi/lib/thumb/v7e-m+fp/hard/libc.a(libc_a-ctype_.o)
 .ARM.attributes
                0x0000098a       0x34 /usr/lib/gcc/arm-none-eabi/13.2.1/../../../arm-none-eabi/lib/thumb/v7e-m+fp/hard/libc.a(libc_a-atexit.o)
 .ARM.attributes
                0x000009be       0x34 /usr/lib/gcc/arm-none-eabi/13.2.1/../../../arm-none-eabi/lib/thumb/v7e-m+fp/hard/libc.a(libc_a-printf.o)
 .ARM.attributes
                0x000009f2       0x34 /usr/lib/gcc/arm-none-eabi/13.2.1/../../../arm-none-eabi/lib/thumb/v7e-m+fp/hard/libc.a(libc_a-fini.o)
 .ARM.attributes
                0x00000a26       0x34 /usr/lib/gcc/arm-none-eabi/13.2.1/../../../arm-none-eabi/lib/thumb/v7e-m+fp/hard/libc.a(libc_a-fwalk.o)
 .ARM.attributes
                0x00000a5a       0x34 /usr/lib/gcc/arm-none-eabi/13.2.1/../../../arm-none-eabi/lib/thumb/v7e-m+fp/hard/libc.a(libc_a-vfprintf.o)
 .ARM.attributes
                0x00000a8e       0x1c /usr/lib/gcc/arm-none-eabi/13.2.1/../../../arm-none-eabi/lib/thumb/v7e-m+fp/hard/libc.a(libc_a-memchr.o)
 .ARM.attributes
                0x00000aaa       0x34 /usr/lib/gcc/arm-none-eabi/13.2.1/../../../arm-none-eabi/lib/thumb/v7e-m+fp/hard/libc.a(libc_a-fflush.o)
 .ARM.attributes
                0x00000ade       0x34 /usr/lib/gcc/arm-none-eabi/13.2.1/../../../arm-none-eabi/lib/thumb/v7e-m+fp/hard/libc.a(libc_a-setvbuf.o)
 .ARM.attributes
                0x00000b12       0x34 /usr/lib/gcc/arm-none-eabi/13.2.1/../../../arm-none-eabi/lib/thumb/v7e-m+fp/hard/libc.a(libc_a-mallocr.o)
 .ARM.attributes
                0x00000b46       0x34 /usr/lib/gcc/arm-none-eabi/13.2.1/../../../arm-none-eabi/lib/thumb/v7e-m+fp/hard/libc.a(libc_a-dtoa.o)
 .ARM.attributes
                0x00000b7a       0x34 /usr/lib/gcc/arm-none-eabi/13.2.1/../../../arm-none-eabi/lib/thumb/v7e-m+fp/hard/libc.a(libc_a-wsetup.o)
 .ARM.attributes
                0x00000bae       0x34 /usr/lib/gcc/arm-none-eabi/13.2.1/../../../arm-none-eabi/lib/thumb/v7e-m+fp/hard/libc.a(libc_a-freer.o)
 .ARM.attributes
                0x00000be2       0x34 /usr/lib/gcc/arm-none-eabi/13.2.1/../../../arm-none-eabi/lib/thumb/v7e-m+fp/hard/libc.a(libc_a-fclose.o)
 .ARM.attributes
                0x00000c16       0x34 /usr/lib/gcc/arm-none-eabi/13.2.1/../../../arm-none-eabi/lib/thumb/v7e-m+fp/hard/libc.a(libc_a-__call_atexit.o)
 .ARM.attributes
                0x00000c4a       0x34 /usr/lib/gcc/arm-none-eabi/13.2.1/../../../arm-none-eabi/lib/thumb/v7e-m+fp/hard/libc.a(libc_a-malloc.o)
 .ARM.attributes
                0x00000c7e       0x34 /usr/lib/gcc/arm-none-eabi/13.2.1/../../../arm-none-eabi/lib/thumb/v7e-m+fp/hard/libc.a(libc_a-sysconf.o)
 .ARM.attributes
                0x00000cb2       0x34 /usr/lib/gcc/arm-none-eabi/13.2.1/../../../arm-none-eabi/lib/thumb/v7e-m+fp/hard/libc.a(libc_a-stdio.o)
 .ARM.attributes
                0x00000ce6       0x34 /usr/lib/gcc/arm-none-eabi/13.2.1/../../../arm-none-eabi/lib/thumb/v7e-m+fp/hard/libc.a(libc_a-__atexit.o)
 .ARM.attributes
                0x00000d1a       0x34 /usr/lib/gcc/arm-none-eabi/13.2.1/../../../arm-none-eabi/lib/thumb/v7e-m+fp/hard/libc.a(libc_a-writer.o)
 .ARM.attributes
                0x00000d4e       0x34 /usr/lib/gcc/arm-none-eabi/13.2.1/../../../arm-none-eabi/lib/thumb/v7e-m+fp/hard/libc.a(libc_a-mlock.o)
 .ARM.attributes
                0x00000d82       0x34 /usr/lib/gcc/arm-none-eabi/13.2.1/../../../arm-none-eabi/lib/thumb/v7e-m+fp/hard/libc.a(libc_a-sbrkr.o)
 .ARM.attributes
                0x00000db6       0x34 /usr/lib/gcc/arm-none-eabi/13.2.1/../../../arm-none-eabi/lib/thumb/v7e-m+fp/hard/libc.a(libc_a-closer.o)
 .ARM.attributes
                0x00000dea       0x34 /usr/lib/gcc/arm-none-eabi/13.2.1/../../../arm-none-eabi/lib/thumb/v7e-m+fp/hard/libc.a(libc_a-sprint_r.o)
 .ARM.attributes
                0x00000e1e       0x34 /usr/lib/gcc/arm-none-eabi/13.2.1/../../../arm-none-eabi/lib/thumb/v7e-m+fp/hard/libc.a(libc_a-assert.o)
 .ARM.attributes
                0x00000e52       0x34 /usr/lib/gcc/arm-none-eabi/13.2.1/../../../arm-none-eabi/lib/thumb/v7e-m+fp/hard/libc.a(libc_a-mprec.o)
 .ARM.attributes
                0x00000e86       0x34 /usr/lib/gcc/arm-none-eabi/13.2.1/../../../arm-none-eabi/lib/thumb/v7e-m+fp/hard/libc.a(libc_a-localeconv.o)
 .ARM.attributes
                0x00000eba       0x34 /usr/lib/gcc/arm-none-eabi/13.2.1/../../../arm-none-eabi/lib/thumb/v7e-m+fp/hard/libc.a(libc_a-makebuf.o)
 .ARM.attributes
                0x00000eee       0x34 /usr/lib/gcc/arm-none-eabi/13.2.1/../../../arm-none-eabi/lib/thumb/v7e-m+fp/hard/libc.a(libc_a-locale.o)
 .ARM.attributes
                0x00000f22       0x34 /usr/lib/gcc/arm-none-eabi/13.2.1/../../../arm-none-eabi/lib/thumb/v7e-m+fp/hard/libc.a(libc_a-mbtowc_r.o)
 .ARM.attributes
                0x00000f56       0x34 /usr/lib/gcc/arm-none-eabi/13.2.1/../../../arm-none-eabi/lib/thumb/v7e-m+fp/hard/libc.a(libc_a-errno.o)
 .ARM.attributes
                0x00000f8a       0x34 /usr/lib/gcc/arm-none-eabi/13.2.1/../../../arm-none-eabi/lib/thumb/v7e-m+fp/hard/libc.a(libc_a-abort.o)
 .ARM.attributes
                0x00000fbe       0x34 /usr/lib/gcc/arm-none-eabi/13.2.1/../../../arm-none-eabi/lib/thumb/v7e-m+fp/hard/libc.a(libc_a-callocr.o)
 .ARM.attributes
                0x00000ff2       0x34 /usr/lib/gcc/arm-none-eabi/13.2.1/../../../arm-none-eabi/lib/thumb/v7e-m+fp/hard/libc.a(libc_a-readr.o)
 .ARM.attributes
                0x00001026       0x34 /usr/lib/gcc/arm-none-eabi/13.2.1/../../../arm-none-eabi/lib/thumb/v7e-m+fp/hard/libc.a(libc_a-fiprintf.o)
 .ARM.attributes
                0x0000105a       0x34 /usr/lib/gcc/arm-none-eabi/13.2.1/../../../arm-none-eabi/lib/thumb/v7e-m+fp/hard/libc.a(libc_a-wctomb_r.o)
 .ARM.attributes
                0x0000108e       0x34 /usr/lib/gcc/arm-none-eabi/13.2.1/../../../arm-none-eabi/lib/thumb/v7e-m+fp/hard/libc.a(libc_a-lseekr.o)
 .ARM.attributes
                0x000010c2       0x34 /usr/lib/gcc/arm-none-eabi/13.2.1/../../../arm-none-eabi/lib/thumb/v7e-m+fp/hard/libc.a(libc_a-reent.o)
 .ARM.attributes
                0x000010f6       0x34 /usr/lib/gcc/arm-none-eabi/13.2.1/../../../arm-none-eabi/lib/thumb/v7e-m+fp/hard/libc.a(libc_a-fstatr.o)
 .ARM.attributes
                0x0000112a       0x34 /usr/lib/gcc/arm-none-eabi/13.2.1/../../../arm-none-eabi/lib/thumb/v7e-m+fp/hard/libc.a(libc_a-isattyr.o)
 .ARM.attributes
                0x0000115e       0x34 /usr/lib/gcc/arm-none-eabi/13.2.1/../../../arm-none-eabi/lib/thumb/v7e-m+fp/hard/libc.a(libc_a-fvwrite.o)
 .ARM.attributes
                0x00001192       0x34 /usr/lib/gcc/arm-none-eabi/13.2.1/../../../arm-none-eabi/lib/thumb/v7e-m+fp/hard/libc.a(libc_a-signal.o)
 .ARM.attributes
                0x000011c6       0x34 /usr/lib/gcc/arm-none-eabi/13.2.1/../../../arm-none-eabi/lib/thumb/v7e-m+fp/hard/libc.a(libc_a-signalr.o)
 .ARM.attributes
                0x000011fa       0x34 /usr/lib/gcc/arm-none-eabi/13.2.1/../../../arm-none-eabi/lib/thumb/v7e-m+fp/hard/libc.a(libc_a-memmove.o)
 .ARM.attributes
                0x0000122e       0x34 /usr/lib/gcc/arm-none-eabi/13.2.1/../../../arm-none-eabi/lib/thumb/v7e-m+fp/hard/libc.a(libc_a-vfiprintf.o)
 .ARM.attributes
                0x00001262       0x34 /usr/lib/gcc/arm-none-eabi/13.2.1/../../../arm-none-eabi/lib/thumb/v7e-m+fp/hard/libc.a(libc_a-reallocr.o)
 .ARM.attributes
                0x00001296       0x34 /usr/lib/gcc/arm-none-eabi/13.2.1/../../../arm-none-eabi/lib/thumb/v7e-m+fp/hard/libnosys.a(close.o)
 .ARM.attributes
                0x000012ca       0x34 /usr/lib/gcc/arm-none-eabi/13.2.1/../../../arm-none-eabi/lib/thumb/v7e-m+fp/hard/libnosys.a(fstat.o)
 .ARM.attributes
                0x000012fe       0x34 /usr/lib/gcc/arm-none-eabi/13.2.1/../../../arm-none-eabi/lib/thumb/v7e-m+fp/hard/libnosys.a(getpid.o)
 .ARM.attributes
                0x00001332       0x34 /usr/lib/gcc/arm-none-eabi/13.2.1/../../../arm-none-eabi/lib/thumb/v7e-m+fp/hard/libnosys.a(isatty.o)
 .ARM.attributes
                0x00001366       0x34 /usr/lib/gcc/arm-none-eabi/13.2.1/../../../arm-none-eabi/lib/thumb/v7e-m+fp/hard/libnosys.a(kill.o)
 .ARM.attributes
                0x0000139a       0x34 /usr/lib/gcc/arm-none-eabi/13.2.1/../../../arm-none-eabi/lib/thumb/v7e-m+fp/hard/libnosys.a(lseek.o)
 .ARM.attributes
                0x000013ce       0x34 /usr/lib/gcc/arm-none-eabi/13.2.1/../../../arm-none-eabi/lib/thumb/v7e-m+fp/hard/libnosys.a(sbrk.o)
 .ARM.attributes
                0x00001402       0x34 /usr/lib/gcc/arm-none-eabi/13.2.1/../../../arm-none-eabi/lib/thumb/v7e-m+fp/hard/libnosys.a(_exit.o)
 .ARM.attributes
                0x00001436       0x22 /usr/lib/gcc/arm-none-eabi/13.2.1/thumb/v7e-m+fp/hard/libgcc.a(_arm_addsubdf3.o)
 .ARM.attributes
                0x00001458       0x22 /usr/lib/gcc/arm-none-eabi/13.2.1/thumb/v7e-m+fp/hard/libgcc.a(_arm_muldivdf3.o)
 .ARM.attributes
                0x0000147a       0x22 /usr/lib/gcc/arm-none-eabi/13.2.1/thumb/v7e-m+fp/hard/libgcc.a(_arm_cmpdf2.o)
 .ARM.attributes
                0x0000149c       0x22 /usr/lib/gcc/arm-none-eabi/13.2.1/thumb/v7e-m+fp/hard/libgcc.a(_arm_unorddf2.o)
 .ARM.attributes
                0x000014be       0x22 /usr/lib/gcc/arm-none-eabi/13.2.1/thumb/v7e-m+fp/hard/libgcc.a(_arm_fixdfsi.o)
 .ARM.attributes
                0x000014e0       0x34 /usr/lib/gcc/arm-none-eabi/13.2.1/thumb/v7e-m+fp/hard/crtend.o
 .ARM.attributes
                0x00001514       0x22 /usr/lib/gcc/arm-none-eabi/13.2.1/thumb/v7e-m+fp/hard/crtn.o

.comment        0x00000000       0x26
 .comment       0x00000000       0x26 /usr/lib/gcc/arm-none-eabi/13.2.1/thumb/v7e-m+fp/hard/crtbegin.o
                                 0x27 (size before relaxing)
 .comment       0x00000026       0x27 _build/lilybuzzer.o
 .comment       0x00000026       0x27 _build/main.o
 .comment       0x00000026       0x27 _build/better_error_handling.o
 .comment       0x00000026       0x27 _build/microbit_before_startup.o
 .comment       0x00000026       0x27 _build/microbit_nrf_log_backend_uart.o
 .comment       0x00000026       0x27 _build/microbit_retarget.o
 .comment       0x00000026       0x27 _build/app_error_handler_gcc.o
 .comment       0x00000026       0x27 _build/app_timer.o
 .comment       0x00000026       0x27 _build/app_util_platform.o
 .comment       0x00000026       0x27 _build/hardfault_handler_gcc.o
 .comment       0x00000026       0x27 _build/nrf_assert.o
 .comment       0x00000026       0x27 _build/nrf_atomic.o
 .comment       0x00000026       0x27 _build/nrf_balloc.o
 .comment       0x00000026       0x27 _build/nrf_drv_clock.o
 .comment       0x00000026       0x27 _build/nrf_drv_uart.o
 .comment       0x00000026       0x27 _build/nrf_fprintf.o
 .comment       0x00000026       0x27 _build/nrf_fprintf_format.o
 .comment       0x00000026       0x27 _build/nrf_log_backend_serial.o
 .comment       0x00000026       0x27 _build/nrf_log_default_backends.o
 .comment       0x00000026       0x27 _build/nrf_log_frontend.o
 .comment       0x00000026       0x27 _build/nrf_log_str_formatter.o
 .comment       0x00000026       0x27 _build/nrf_memobj.o
 .comment       0x00000026       0x27 _build/nrf_pwr_mgmt.o
 .comment       0x00000026       0x27 _build/nrf_ringbuf.o
 .comment       0x00000026       0x27 _build/nrf_strerror.o
 .comment       0x00000026       0x27 _build/nrfx_clock.o
 .comment       0x00000026       0x27 _build/nrfx_gpiote.o
 .comment       0x00000026       0x27 _build/nrfx_prs.o
 .comment       0x00000026       0x27 _build/nrfx_pwm.o
 .comment       0x00000026       0x27 _build/nrfx_saadc.o
 .comment       0x00000026       0x27 _build/nrfx_spim.o
 .comment       0x00000026       0x27 _build/nrfx_timer.o
 .comment       0x00000026       0x27 _build/nrfx_twim.o
 .comment       0x00000026       0x27 _build/nrfx_uart.o
 .comment       0x00000026       0x27 _build/nrfx_uarte.o
 .comment       0x00000026       0x27 _build/system_nrf52833.o
 .comment       0x00000026       0x27 /usr/lib/gcc/arm-none-eabi/13.2.1/../../../arm-none-eabi/lib/thumb/v7e-m+fp/hard/libc.a(libc_a-memset.o)
 .comment       0x00000026       0x27 /usr/lib/gcc/arm-none-eabi/13.2.1/../../../arm-none-eabi/lib/thumb/v7e-m+fp/hard/libc.a(libc_a-impure.o)
 .comment       0x00000026       0x27 /usr/lib/gcc/arm-none-eabi/13.2.1/../../../arm-none-eabi/lib/thumb/v7e-m+fp/hard/libc.a(libc_a-setbuf.o)
 .comment       0x00000026       0x27 /usr/lib/gcc/arm-none-eabi/13.2.1/../../../arm-none-eabi/lib/thumb/v7e-m+fp/hard/libc.a(libc_a-init.o)
 .comment       0x00000026       0x27 /usr/lib/gcc/arm-none-eabi/13.2.1/../../../arm-none-eabi/lib/thumb/v7e-m+fp/hard/libc.a(libc_a-findfp.o)
 .comment       0x00000026       0x27 /usr/lib/gcc/arm-none-eabi/13.2.1/../../../arm-none-eabi/lib/thumb/v7e-m+fp/hard/libc.a(libc_a-exit.o)
 .comment       0x00000026       0x27 /usr/lib/gcc/arm-none-eabi/13.2.1/../../../arm-none-eabi/lib/thumb/v7e-m+fp/hard/libc.a(libc_a-ctype_.o)
 .comment       0x00000026       0x27 /usr/lib/gcc/arm-none-eabi/13.2.1/../../../arm-none-eabi/lib/thumb/v7e-m+fp/hard/libc.a(libc_a-atexit.o)
 .comment       0x00000026       0x27 /usr/lib/gcc/arm-none-eabi/13.2.1/../../../arm-none-eabi/lib/thumb/v7e-m+fp/hard/libc.a(libc_a-printf.o)
 .comment       0x00000026       0x27 /usr/lib/gcc/arm-none-eabi/13.2.1/../../../arm-none-eabi/lib/thumb/v7e-m+fp/hard/libc.a(libc_a-fini.o)
 .comment       0x00000026       0x27 /usr/lib/gcc/arm-none-eabi/13.2.1/../../../arm-none-eabi/lib/thumb/v7e-m+fp/hard/libc.a(libc_a-fwalk.o)
 .comment       0x00000026       0x27 /usr/lib/gcc/arm-none-eabi/13.2.1/../../../arm-none-eabi/lib/thumb/v7e-m+fp/hard/libc.a(libc_a-vfprintf.o)
 .comment       0x00000026       0x27 /usr/lib/gcc/arm-none-eabi/13.2.1/../../../arm-none-eabi/lib/thumb/v7e-m+fp/hard/libc.a(libc_a-fflush.o)
 .comment       0x00000026       0x27 /usr/lib/gcc/arm-none-eabi/13.2.1/../../../arm-none-eabi/lib/thumb/v7e-m+fp/hard/libc.a(libc_a-setvbuf.o)
 .comment       0x00000026       0x27 /usr/lib/gcc/arm-none-eabi/13.2.1/../../../arm-none-eabi/lib/thumb/v7e-m+fp/hard/libc.a(libc_a-mallocr.o)
 .comment       0x00000026       0x27 /usr/lib/gcc/arm-none-eabi/13.2.1/../../../arm-none-eabi/lib/thumb/v7e-m+fp/hard/libc.a(libc_a-dtoa.o)
 .comment       0x00000026       0x27 /usr/lib/gcc/arm-none-eabi/13.2.1/../../../arm-none-eabi/lib/thumb/v7e-m+fp/hard/libc.a(libc_a-wsetup.o)
 .comment       0x00000026       0x27 /usr/lib/gcc/arm-none-eabi/13.2.1/../../../arm-none-eabi/lib/thumb/v7e-m+fp/hard/libc.a(libc_a-freer.o)
 .comment       0x00000026       0x27 /usr/lib/gcc/arm-none-eabi/13.2.1/../../../arm-none-eabi/lib/thumb/v7e-m+fp/hard/libc.a(libc_a-fclose.o)
 .comment       0x00000026       0x27 /usr/lib/gcc/arm-none-eabi/13.2.1/../../../arm-none-eabi/lib/thumb/v7e-m+fp/hard/libc.a(libc_a-__call_atexit.o)
 .comment       0x00000026       0x27 /usr/lib/gcc/arm-none-eabi/13.2.1/../../../arm-none-eabi/lib/thumb/v7e-m+fp/hard/libc.a(libc_a-malloc.o)
 .comment       0x00000026       0x27 /usr/lib/gcc/arm-none-eabi/13.2.1/../../../arm-none-eabi/lib/thumb/v7e-m+fp/hard/libc.a(libc_a-sysconf.o)
 .comment       0x00000026       0x27 /usr/lib/gcc/arm-none-eabi/13.2.1/../../../arm-none-eabi/lib/thumb/v7e-m+fp/hard/libc.a(libc_a-stdio.o)
 .comment       0x00000026       0x27 /usr/lib/gcc/arm-none-eabi/13.2.1/../../../arm-none-eabi/lib/thumb/v7e-m+fp/hard/libc.a(libc_a-__atexit.o)
 .comment       0x00000026       0x27 /usr/lib/gcc/arm-none-eabi/13.2.1/../../../arm-none-eabi/lib/thumb/v7e-m+fp/hard/libc.a(libc_a-writer.o)
 .comment       0x00000026       0x27 /usr/lib/gcc/arm-none-eabi/13.2.1/../../../arm-none-eabi/lib/thumb/v7e-m+fp/hard/libc.a(libc_a-mlock.o)
 .comment       0x00000026       0x27 /usr/lib/gcc/arm-none-eabi/13.2.1/../../../arm-none-eabi/lib/thumb/v7e-m+fp/hard/libc.a(libc_a-sbrkr.o)
 .comment       0x00000026       0x27 /usr/lib/gcc/arm-none-eabi/13.2.1/../../../arm-none-eabi/lib/thumb/v7e-m+fp/hard/libc.a(libc_a-closer.o)
 .comment       0x00000026       0x27 /usr/lib/gcc/arm-none-eabi/13.2.1/../../../arm-none-eabi/lib/thumb/v7e-m+fp/hard/libc.a(libc_a-sprint_r.o)
 .comment       0x00000026       0x27 /usr/lib/gcc/arm-none-eabi/13.2.1/../../../arm-none-eabi/lib/thumb/v7e-m+fp/hard/libc.a(libc_a-assert.o)
 .comment       0x00000026       0x27 /usr/lib/gcc/arm-none-eabi/13.2.1/../../../arm-none-eabi/lib/thumb/v7e-m+fp/hard/libc.a(libc_a-mprec.o)
 .comment       0x00000026       0x27 /usr/lib/gcc/arm-none-eabi/13.2.1/../../../arm-none-eabi/lib/thumb/v7e-m+fp/hard/libc.a(libc_a-localeconv.o)
 .comment       0x00000026       0x27 /usr/lib/gcc/arm-none-eabi/13.2.1/../../../arm-none-eabi/lib/thumb/v7e-m+fp/hard/libc.a(libc_a-makebuf.o)
 .comment       0x00000026       0x27 /usr/lib/gcc/arm-none-eabi/13.2.1/../../../arm-none-eabi/lib/thumb/v7e-m+fp/hard/libc.a(libc_a-locale.o)
 .comment       0x00000026       0x27 /usr/lib/gcc/arm-none-eabi/13.2.1/../../../arm-none-eabi/lib/thumb/v7e-m+fp/hard/libc.a(libc_a-mbtowc_r.o)
 .comment       0x00000026       0x27 /usr/lib/gcc/arm-none-eabi/13.2.1/../../../arm-none-eabi/lib/thumb/v7e-m+fp/hard/libc.a(libc_a-errno.o)
 .comment       0x00000026       0x27 /usr/lib/gcc/arm-none-eabi/13.2.1/../../../arm-none-eabi/lib/thumb/v7e-m+fp/hard/libc.a(libc_a-abort.o)
 .comment       0x00000026       0x27 /usr/lib/gcc/arm-none-eabi/13.2.1/../../../arm-none-eabi/lib/thumb/v7e-m+fp/hard/libc.a(libc_a-callocr.o)
 .comment       0x00000026       0x27 /usr/lib/gcc/arm-none-eabi/13.2.1/../../../arm-none-eabi/lib/thumb/v7e-m+fp/hard/libc.a(libc_a-readr.o)
 .comment       0x00000026       0x27 /usr/lib/gcc/arm-none-eabi/13.2.1/../../../arm-none-eabi/lib/thumb/v7e-m+fp/hard/libc.a(libc_a-fiprintf.o)
 .comment       0x00000026       0x27 /usr/lib/gcc/arm-none-eabi/13.2.1/../../../arm-none-eabi/lib/thumb/v7e-m+fp/hard/libc.a(libc_a-wctomb_r.o)
 .comment       0x00000026       0x27 /usr/lib/gcc/arm-none-eabi/13.2.1/../../../arm-none-eabi/lib/thumb/v7e-m+fp/hard/libc.a(libc_a-lseekr.o)
 .comment       0x00000026       0x27 /usr/lib/gcc/arm-none-eabi/13.2.1/../../../arm-none-eabi/lib/thumb/v7e-m+fp/hard/libc.a(libc_a-reent.o)
 .comment       0x00000026       0x27 /usr/lib/gcc/arm-none-eabi/13.2.1/../../../arm-none-eabi/lib/thumb/v7e-m+fp/hard/libc.a(libc_a-fstatr.o)
 .comment       0x00000026       0x27 /usr/lib/gcc/arm-none-eabi/13.2.1/../../../arm-none-eabi/lib/thumb/v7e-m+fp/hard/libc.a(libc_a-isattyr.o)
 .comment       0x00000026       0x27 /usr/lib/gcc/arm-none-eabi/13.2.1/../../../arm-none-eabi/lib/thumb/v7e-m+fp/hard/libc.a(libc_a-fvwrite.o)
 .comment       0x00000026       0x27 /usr/lib/gcc/arm-none-eabi/13.2.1/../../../arm-none-eabi/lib/thumb/v7e-m+fp/hard/libc.a(libc_a-signal.o)
 .comment       0x00000026       0x27 /usr/lib/gcc/arm-none-eabi/13.2.1/../../../arm-none-eabi/lib/thumb/v7e-m+fp/hard/libc.a(libc_a-signalr.o)
 .comment       0x00000026       0x27 /usr/lib/gcc/arm-none-eabi/13.2.1/../../../arm-none-eabi/lib/thumb/v7e-m+fp/hard/libc.a(libc_a-memmove.o)
 .comment       0x00000026       0x27 /usr/lib/gcc/arm-none-eabi/13.2.1/../../../arm-none-eabi/lib/thumb/v7e-m+fp/hard/libc.a(libc_a-vfiprintf.o)
 .comment       0x00000026       0x27 /usr/lib/gcc/arm-none-eabi/13.2.1/../../../arm-none-eabi/lib/thumb/v7e-m+fp/hard/libc.a(libc_a-reallocr.o)
 .comment       0x00000026       0x27 /usr/lib/gcc/arm-none-eabi/13.2.1/../../../arm-none-eabi/lib/thumb/v7e-m+fp/hard/libnosys.a(close.o)
 .comment       0x00000026       0x27 /usr/lib/gcc/arm-none-eabi/13.2.1/../../../arm-none-eabi/lib/thumb/v7e-m+fp/hard/libnosys.a(fstat.o)
 .comment       0x00000026       0x27 /usr/lib/gcc/arm-none-eabi/13.2.1/../../../arm-none-eabi/lib/thumb/v7e-m+fp/hard/libnosys.a(getpid.o)
 .comment       0x00000026       0x27 /usr/lib/gcc/arm-none-eabi/13.2.1/../../../arm-none-eabi/lib/thumb/v7e-m+fp/hard/libnosys.a(isatty.o)
 .comment       0x00000026       0x27 /usr/lib/gcc/arm-none-eabi/13.2.1/../../../arm-none-eabi/lib/thumb/v7e-m+fp/hard/libnosys.a(kill.o)