Archive member included to satisfy reference by file (symbol)

/usr/lib/gcc/arm-none-eabi/13.2.1/../../../arm-none-eabi/lib/thumb/v7e-m+fp/hard/libc.a(libc_a-strlen.o)
                              ../lilybuzzer/_build/nrf_fprintf_format.o (strlen)
/usr/lib/gcc/arm-none-eabi/13.2.1/../../../arm-none-eabi/lib/thumb/v7e-m+fp/hard/libc.a(libc_a-memset.o)
                              /usr/lib/gcc/arm-none-eabi/13.2.1/../../../arm-none-eabi/lib/thumb/v7e-m+fp/hard/crt0.o (memset)
/usr/lib/gcc/arm-none-eabi/13.2.1/../../../arm-none-eabi/lib/thumb/v7e-m+fp/hard/libc.a(libc_a-impure.o)
                              ../lilybuzzer/_build/microbit_before_startup.o (_impure_ptr)
/usr/lib/gcc/arm-none-eabi/13.2.1/../../../arm-none-eabi/lib/thumb/v7e-m+fp/hard/libc.a(libc_a-setbuf.o)
                              ../lilybuzzer/_build/microbit_before_startup.o (setbuf)
/usr/lib/gcc/arm-none-eabi/13.2.1/../../../arm-none-eabi/lib/thumb/v7e-m+fp/hard/libc.a(libc_a-memcmp.o)
                              _build/nrf_serial_flash_params.o (memcmp)
/usr/lib/gcc/arm-none-eabi/13.2.1/../../../arm-none-eabi/lib/thumb/v7e-m+fp/hard/libc.a(libc_a-memcpy.o)
                              ../lilybuzzer/_build/app_scheduler.o (memcpy)
/usr/lib/gcc/arm-none-eabi/13.2.1/../../../arm-none-eabi/lib/thumb/v7e-m+fp/hard/libc.a(libc_a-init.o)
                              /usr/lib/gcc/arm-none-eabi/13.2.1/../../../arm-none-eabi/lib/thumb/v7e-m+fp/hard/crt0.o (__libc_init_array)
/usr/lib/gcc/arm-none-eabi/13.2.1/../../../arm-none-eabi/lib/thumb/v7e-m+fp/hard/libc.a(libc_a-findfp.o)
                              /usr/lib/gcc/arm-none-eabi/13.2.1/../../../arm-none-eabi/lib/thumb/v7e-m+fp/hard/libc.a(libc_a-impure.o) (__sf)
/usr/lib/gcc/arm-none-eabi/13.2.1/../../../arm-none-eabi/lib/thumb/v7e-m+fp/hard/libc.a(libc_a-exit.o)
                              /usr/lib/gcc/arm-none-eabi/13.2.1/../../../arm-none-eabi/lib/thumb/v7e-m+fp/hard/crt0.o (exit)
/usr/lib/gcc/arm-none-eabi/13.2.1/../../../arm-none-eabi/lib/thumb/v7e-m+fp/hard/libc.a(libc_a-ctype_.o)
                              ../lilybuzzer/_build/nrf_log_str_formatter.o (_ctype_)
/usr/lib/gcc/arm-none-eabi/13.2.1/../../../arm-none-eabi/lib/thumb/v7e-m+fp/hard/libc.a(libc_a-atexit.o)
                              /usr/lib/gcc/arm-none-eabi/13.2.1/../../../arm-none-eabi/lib/thumb/v7e-m+fp/hard/crt0.o (atexit)
/usr/lib/gcc/arm-none-eabi/13.2.1/../../../arm-none-eabi/lib/thumb/v7e-m+fp/hard/libc.a(libc_a-printf.o)
                              _build/main.o (printf)
/usr/lib/gcc/arm-none-eabi/13.2.1/../../../arm-none-eabi/lib/thumb/v7e-m+fp/hard/libc.a(libc_a-fini.o)
                              /usr/lib/gcc/arm-none-eabi/13.2.1/../../../arm-none-eabi/lib/thumb/v7e-m+fp/hard/crt0.o (__libc_fini_array)
/usr/lib/gcc/arm-none-eabi/13.2.1/../../../arm-none-eabi/lib/thumb/v7e-m+fp/hard/libc.a(libc_a-fwalk.o)
                              /usr/lib/gcc/arm-none-eabi/13.2.1/../../../arm-none-eabi/lib/thumb/v7e-m+fp/hard/libc.a(libc_a-findfp.o) (_fwalk_sglue)
/usr/lib/gcc/arm-none-eabi/13.2.1/../../../arm-none-eabi/lib/thumb/v7e-m+fp/hard/libc.a(libc_a-vfprintf.o)
                              /usr/lib/gcc/arm-none-eabi/13.2.1/../../../arm-none-eabi/lib/thumb/v7e-m+fp/hard/libc.a(libc_a-printf.o) (_vfprintf_r)
/usr/lib/gcc/arm-none-eabi/13.2.1/../../../arm-none-eabi/lib/thumb/v7e-m+fp/hard/libc.a(libc_a-memchr.o)
                              /usr/lib/gcc/arm-none-eabi/13.2.1/../../../arm-none-eabi/lib/thumb/v7e-m+fp/hard/libc.a(libc_a-vfprintf.o) (memchr)
/usr/lib/gcc/arm-none-eabi/13.2.1/../../../arm-none-eabi/lib/thumb/v7e-m+fp/hard/libc.a(libc_a-fflush.o)
                              /usr/lib/gcc/arm-none-eabi/13.2.1/../../../arm-none-eabi/lib/thumb/v7e-m+fp/hard/libc.a(libc_a-vfprintf.o) (_fflush_r)
/usr/lib/gcc/arm-none-eabi/13.2.1/../../../arm-none-eabi/lib/thumb/v7e-m+fp/hard/libc.a(libc_a-setvbuf.o)
                              /usr/lib/gcc/arm-none-eabi/13.2.1/../../../arm-none-eabi/lib/thumb/v7e-m+fp/hard/libc.a(libc_a-setbuf.o) (setvbuf)
/usr/lib/gcc/arm-none-eabi/13.2.1/../../../arm-none-eabi/lib/thumb/v7e-m+fp/hard/libc.a(libc_a-mallocr.o)
                              /usr/lib/gcc/arm-none-eabi/13.2.1/../../../arm-none-eabi/lib/thumb/v7e-m+fp/hard/libc.a(libc_a-findfp.o) (_malloc_r)
/usr/lib/gcc/arm-none-eabi/13.2.1/../../../arm-none-eabi/lib/thumb/v7e-m+fp/hard/libc.a(libc_a-dtoa.o)
                              /usr/lib/gcc/arm-none-eabi/13.2.1/../../../arm-none-eabi/lib/thumb/v7e-m+fp/hard/libc.a(libc_a-vfprintf.o) (_dtoa_r)
/usr/lib/gcc/arm-none-eabi/13.2.1/../../../arm-none-eabi/lib/thumb/v7e-m+fp/hard/libc.a(libc_a-wsetup.o)
                              /usr/lib/gcc/arm-none-eabi/13.2.1/../../../arm-none-eabi/lib/thumb/v7e-m+fp/hard/libc.a(libc_a-vfprintf.o) (__swsetup_r)
/usr/lib/gcc/arm-none-eabi/13.2.1/../../../arm-none-eabi/lib/thumb/v7e-m+fp/hard/libc.a(libc_a-freer.o)
[...]
Memory Configuration

Name             Origin             Length             Attributes
FLASH            0x00000000         0x00080000         xr
RAM              0x20000000         0x00020000         xrw
*default*        0x00000000         0xffffffff

Linker script and memory map

                0x0007f000                        __stop_ot_flash_data = ((ORIGIN (FLASH) + LENGTH (FLASH)) - FLASH_PAGE_SIZE)
                0x0007b000                        __start_ot_flash_data = (__stop_ot_flash_data - (FLASH_PAGE_SIZE * FLASH_DATA_PAGES_USED))
                0x00000001                        ASSERT ((__start_ot_flash_data >= (__etext + SIZEOF (.data))), Error: Code overlaps flash data area.)

.text           0x00000000     0xcfe4
 *(.isr_vector)
 .isr_vector    0x00000000      0x200 ../lilybuzzer/_build/gcc_startup_nrf52833.os
                0x00000000                __isr_vector
 *(.text*)
 .text          0x00000200       0x88 /usr/lib/gcc/arm-none-eabi/13.2.1/thumb/v7e-m+fp/hard/crtbegin.o
 .text          0x00000288       0x70 /usr/lib/gcc/arm-none-eabi/13.2.1/../../../arm-none-eabi/lib/thumb/v7e-m+fp/hard/crt0.o
                0x00000288                _stack_init
                0x00000290                _mainCRTStartup
                0x00000290                _start
 .text.startup.main
                0x000002f8      0x138 _build/main.o
                0x000002f8                main
 .text.read_reg
                0x00000430       0x64 _build/sx1509.o
 .text.write_reg.isra.0
                0x00000494       0x44 _build/sx1509.o
 .text.clear_pin_bit
                0x000004d8       0x2a _build/sx1509.o
 .text.set_pin_bit
                0x00000502       0x2a _build/sx1509.o
 .text.sx1509_is_connected
                0x0000052c       0x3c _build/sx1509.o
                0x0000052c                sx1509_is_connected
 .text.sx1509_init
                0x00000568       0x34 _build/sx1509.o
                0x00000568                sx1509_init
 .text.sx1509_pin_config_input_pullup
                0x0000059c       0x22 _build/sx1509.o
                0x0000059c                sx1509_pin_config_input_pullup
 .text.sx1509_pin_config_output
                0x000005be        0xe _build/sx1509.o
                0x000005be                sx1509_pin_config_output
 .text.sx1509_pin_read
                0x000005cc       0x24 _build/sx1509.o
                0x000005cc                sx1509_pin_read
 .text.sx1509_pin_clear
                0x000005f0        0xe _build/sx1509.o
                0x000005f0                sx1509_pin_clear
 .text.sx1509_pin_set
                0x000005fe        0xe _build/sx1509.o
                0x000005fe                sx1509_pin_set
 .text.sx1509_pin_write
                0x0000060c        0xa _build/sx1509.o
                0x0000060c                sx1509_pin_write
 *fill*         0x00000616        0x2 
 .text.lilybuzzer_init
                0x00000618       0x7c _build/lilybuzzer.o
                0x00000618                lilybuzzer_init
 .text.stop_buzzer
                0x00000694       0x1c _build/lilybuzzer.o
                0x00000694                stop_buzzer
 .text.play_curr_symbol
                0x000006b0       0xd4 _build/lilybuzzer.o
 .text.play_morse_message
                0x00000784       0x28 _build/lilybuzzer.o
                0x00000784                play_morse_message
 .text.keypad_read_input
                0x000007ac       0xa4 _build/keypad.o
 .text.keypad_init
                0x00000850       0x5c _build/keypad.o
                0x00000850                keypad_init
 .text.keypad_clear_input_record
                0x000008ac       0x20 _build/keypad.o
                0x000008ac                keypad_clear_input_record
 .text.keypad_get_input
                0x000008cc        0x8 _build/keypad.o
                0x000008cc                keypad_get_input
 .text.keypad_get_input_length
                0x000008d4        0xc _build/keypad.o
                0x000008d4                keypad_get_input_length
 .text.nrf_gpio_pin_port_decode
                0x000008e0       0x30 ../lilybuzzer/_build/better_error_handling.o
 .text.nrf_gpio_pin_clear
                0x00000910       0x1a ../lilybuzzer/_build/better_error_handling.o
 .text.nrf_gpio_pin_set
                0x0000092a       0x1a ../lilybuzzer/_build/better_error_handling.o
 .text.nrf_delay_ms.part.0
                0x00000944       0x1c ../lilybuzzer/_build/better_error_handling.o
 .text.error_blink_pattern
                0x00000960      0x104 ../lilybuzzer/_build/better_error_handling.o
 .text.app_error_fault_handler
                0x00000a64       0x70 ../lilybuzzer/_build/better_error_handling.o
                0x00000a64                app_error_fault_handler
 .text.HardFault_c_handler
                0x00000ad4       0xec ../lilybuzzer/_build/better_error_handling.o
                0x00000ad4                HardFault_c_handler
 .text.startup.called_first
                0x00000bc0       0x48 ../lilybuzzer/_build/microbit_before_startup.o
                0x00000bc0                called_first
 .text.nrf_log_backend_uart_flush
                0x00000c08        0x2 ../lilybuzzer/_build/microbit_nrf_log_backend_uart.o
 *fill*         0x00000c0a        0x2 
 .text.nrf_log_backend_uart_put
                0x00000c0c       0x1c ../lilybuzzer/_build/microbit_nrf_log_backend_uart.o
 .text.uart_init.constprop.0
                0x00000c28       0x54 ../lilybuzzer/_build/microbit_nrf_log_backend_uart.o
 .text.serial_tx
                0x00000c7c       0x50 ../lilybuzzer/_build/microbit_nrf_log_backend_uart.o
 .text.nrf_log_backend_uart_panic_set
                0x00000ccc       0x2c ../lilybuzzer/_build/microbit_nrf_log_backend_uart.o
 .text.nrf_log_backend_uart_init
                0x00000cf8        0x4 ../lilybuzzer/_build/microbit_nrf_log_backend_uart.o
                0x00000cf8                nrf_log_backend_uart_init
 .text._write   0x00000cfc       0x2c ../lilybuzzer/_build/microbit_retarget.o
                0x00000cfc                _write
 .text._read    0x00000d28       0x30 ../lilybuzzer/_build/microbit_retarget.o
                0x00000d28                _read
 .text.app_error_handler
                0x00000d58       0x1a ../lilybuzzer/_build/app_error_handler_gcc.o
                0x00000d58                app_error_handler
 *fill*         0x00000d72        0x2 
 .text.user_op_alloc
                0x00000d74       0x2c ../lilybuzzer/_build/app_timer.o
 .text.timer_stop_op_schedule
                0x00000da0       0x48 ../lilybuzzer/_build/app_timer.o
 .text.nrfx_coredep_delay_us.part.0.constprop.0
                0x00000de8       0x10 ../lilybuzzer/_build/app_timer.o
 .text.RTC1_IRQHandler
                0x00000df8       0x9c ../lilybuzzer/_build/app_timer.o
                0x00000df8                RTC1_IRQHandler
 .text.SWI0_EGU0_IRQHandler
                0x00000e94      0x2b0 ../lilybuzzer/_build/app_timer.o
                0x00000e94                SWI0_EGU0_IRQHandler
 .text.app_timer_init
                0x00001144       0x90 ../lilybuzzer/_build/app_timer.o
                0x00001144                app_timer_init
 .text.app_timer_create
                0x000011d4       0x24 ../lilybuzzer/_build/app_timer.o
                0x000011d4                app_timer_create
 .text.app_timer_start
                0x000011f8       0x8c ../lilybuzzer/_build/app_timer.o
                0x000011f8                app_timer_start
 .text.app_timer_stop
                0x00001284       0x20 ../lilybuzzer/_build/app_timer.o
                0x00001284                app_timer_stop
 .text.app_util_disable_irq
                0x000012a4       0x10 ../lilybuzzer/_build/app_util_platform.o
                0x000012a4                app_util_disable_irq
 .text.app_util_enable_irq
                0x000012b4       0x14 ../lilybuzzer/_build/app_util_platform.o
                0x000012b4                app_util_enable_irq
 .text.privilege_level_get
                0x000012c8       0x1a ../lilybuzzer/_build/app_util_platform.o
                0x000012c8                privilege_level_get
 *fill*         0x000012e2        0x2 
 .text.app_util_critical_region_enter
                0x000012e4       0x20 ../lilybuzzer/_build/app_util_platform.o
                0x000012e4                app_util_critical_region_enter
 .text.app_util_critical_region_exit
                0x00001304       0x20 ../lilybuzzer/_build/app_util_platform.o
                0x00001304                app_util_critical_region_exit
 .text.HardFault_Handler
                0x00001324       0x34 ../lilybuzzer/_build/hardfault_handler_gcc.o
                0x00001324                HardFault_Handler
 .text.assert_nrf_callback
                0x00001358       0x1a ../lilybuzzer/_build/nrf_assert.o
                0x00001358                assert_nrf_callback
 .text.nrf_atomic_u32_fetch_store
                0x00001372       0x16 ../lilybuzzer/_build/nrf_atomic.o
                0x00001372                nrf_atomic_u32_fetch_store
 .text.nrf_atomic_u32_or
                0x00001388       0x18 ../lilybuzzer/_build/nrf_atomic.o
                0x00001388                nrf_atomic_u32_or
 .text.nrf_atomic_u32_fetch_and
                0x000013a0       0x18 ../lilybuzzer/_build/nrf_atomic.o
                0x000013a0                nrf_atomic_u32_fetch_and
 .text.nrf_atomic_u32_add
                0x000013b8       0x18 ../lilybuzzer/_build/nrf_atomic.o
                0x000013b8                nrf_atomic_u32_add
 .text.nrf_atomic_u32_sub
                0x000013d0       0x18 ../lilybuzzer/_build/nrf_atomic.o
                0x000013d0                nrf_atomic_u32_sub
 .text.nrf_atomic_flag_set
                0x000013e8        0x6 ../lilybuzzer/_build/nrf_atomic.o
                0x000013e8                nrf_atomic_flag_set
 .text.nrf_atomic_flag_clear_fetch
                0x000013ee        0x6 ../lilybuzzer/_build/nrf_atomic.o
                0x000013ee                nrf_atomic_flag_clear_fetch
 .text.nrf_balloc_init
                0x000013f4       0x7c ../lilybuzzer/_build/nrf_balloc.o
                0x000013f4                nrf_balloc_init
 .text.nrf_balloc_alloc
                0x00001470       0x54 ../lilybuzzer/_build/nrf_balloc.o
                0x00001470                nrf_balloc_alloc
 .text.nrf_balloc_free
                0x000014c4       0x48 ../lilybuzzer/_build/nrf_balloc.o
                0x000014c4                nrf_balloc_free
 .text.twim_evt_handler
                0x0000150c       0x40 ../lilybuzzer/_build/nrf_drv_twi.o
 .text.nrf_gpio_pin_port_decode
                0x0000154c       0x30 ../lilybuzzer/_build/nrf_drv_twi.o
 .text.nrf_gpio_pin_set
                0x0000157c       0x1a ../lilybuzzer/_build/nrf_drv_twi.o
 *fill*         0x00001596        0x2 
 .text.nrfx_coredep_delay_us.part.0.constprop.0
                0x00001598       0x10 ../lilybuzzer/_build/nrf_drv_twi.o
 .text.nrf_drv_twi_init
                0x000015a8       0xec ../lilybuzzer/_build/nrf_drv_twi.o
                0x000015a8                nrf_drv_twi_init
 .text.uarte_evt_handler
                0x00001694       0x34 ../lilybuzzer/_build/nrf_drv_uart.o
 .text.uart_evt_handler
                0x000016c8       0x34 ../lilybuzzer/_build/nrf_drv_uart.o
 .text.nrf_drv_uart_init
                0x000016fc       0x7c ../lilybuzzer/_build/nrf_drv_uart.o
                0x000016fc                nrf_drv_uart_init
 .text.nrf_fprintf_buffer_flush
                0x00001778       0x24 ../lilybuzzer/_build/nrf_fprintf.o
                0x00001778                nrf_fprintf_buffer_flush
 .text.nrf_fprintf
                0x0000179c       0x54 ../lilybuzzer/_build/nrf_fprintf.o
                0x0000179c                nrf_fprintf
 .text.buffer_add
                0x000017f0       0x1e ../lilybuzzer/_build/nrf_fprintf_format.o
 *fill*         0x0000180e        0x2 
 .text.unsigned_print
                0x00001810       0xb4 ../lilybuzzer/_build/nrf_fprintf_format.o
 .text.nrf_fprintf_fmt
                0x000018c4      0x2f8 ../lilybuzzer/_build/nrf_fprintf_format.o
                0x000018c4                nrf_fprintf_fmt
 .text.nrf_log_backend_serial_put
                0x00001bbc       0xc2 ../lilybuzzer/_build/nrf_log_backend_serial.o
                0x00001bbc                nrf_log_backend_serial_put
 *fill*         0x00001c7e        0x2 
 .text.nrf_log_default_backends_init
                0x00001c80       0x30 ../lilybuzzer/_build/nrf_log_default_backends.o
                0x00001c80                nrf_log_default_backends_init
 .text.invalid_packets_omit
                0x00001cb0       0x38 ../lilybuzzer/_build/nrf_log_frontend.o
 .text.buf_prealloc
                0x00001ce8      0x140 ../lilybuzzer/_build/nrf_log_frontend.o
 .text.nrf_log_init
                0x00001e28       0x3c ../lilybuzzer/_build/nrf_log_frontend.o
                0x00001e28                nrf_log_init
 .text.nrf_log_module_name_get
                0x00001e64       0x38 ../lilybuzzer/_build/nrf_log_frontend.o
                0x00001e64                nrf_log_module_name_get
 .text.nrf_log_color_id_get
                0x00001e9c       0x2c ../lilybuzzer/_build/nrf_log_frontend.o
                0x00001e9c                nrf_log_color_id_get
 .text.buffer_is_empty
                0x00001ec8       0x14 ../lilybuzzer/_build/nrf_log_frontend.o
                0x00001ec8                buffer_is_empty
 .text.nrf_log_frontend_dequeue
                0x00001edc      0x220 ../lilybuzzer/_build/nrf_log_frontend.o
                0x00001edc                nrf_log_frontend_dequeue
 .text.std_n    0x000020fc       0xb8 ../lilybuzzer/_build/nrf_log_frontend.o
 .text.nrf_log_frontend_std_0
                0x000021b4        0x8 ../lilybuzzer/_build/nrf_log_frontend.o
                0x000021b4                nrf_log_frontend_std_0
 .text.nrf_log_frontend_std_1
                0x000021bc       0x12 ../lilybuzzer/_build/nrf_log_frontend.o
                0x000021bc                nrf_log_frontend_std_1
 .text.nrf_log_frontend_std_3
                0x000021ce       0x18 ../lilybuzzer/_build/nrf_log_frontend.o
                0x000021ce                nrf_log_frontend_std_3
 .text.nrf_log_frontend_std_4
                0x000021e6       0x1c ../lilybuzzer/_build/nrf_log_frontend.o
                0x000021e6                nrf_log_frontend_std_4
 *fill*         0x00002202        0x2 
 .text.nrf_log_backend_add
                0x00002204       0x54 ../lilybuzzer/_build/nrf_log_frontend.o
                0x00002204                nrf_log_backend_add
 .text.nrf_log_panic
                0x00002258       0x28 ../lilybuzzer/_build/nrf_log_frontend.o
                0x00002258                nrf_log_panic
 .text.postfix_process
                0x00002280       0x3c ../lilybuzzer/_build/nrf_log_str_formatter.o
 .text.prefix_process.constprop.0
                0x000022bc       0x78 ../lilybuzzer/_build/nrf_log_str_formatter.o
 .text.nrf_log_std_entry_process
                0x00002334       0xc8 ../lilybuzzer/_build/nrf_log_str_formatter.o
                0x00002334                nrf_log_std_entry_process
 .text.nrf_log_hexdump_entry_process
                0x000023fc       0xbc ../lilybuzzer/_build/nrf_log_str_formatter.o
                0x000023fc                nrf_log_hexdump_entry_process
 .text.memobj_op
                0x000024b8       0xa8 ../lilybuzzer/_build/nrf_memobj.o
 .text.nrf_memobj_pool_init
                0x00002560        0x4 ../lilybuzzer/_build/nrf_memobj.o
                0x00002560                nrf_memobj_pool_init
 .text.nrf_memobj_free
                0x00002564       0x2c ../lilybuzzer/_build/nrf_memobj.o
                0x00002564                nrf_memobj_free
 .text.nrf_memobj_alloc
                0x00002590       0x58 ../lilybuzzer/_build/nrf_memobj.o
                0x00002590                nrf_memobj_alloc
 .text.nrf_memobj_get
                0x000025e8        0x8 ../lilybuzzer/_build/nrf_memobj.o
                0x000025e8                nrf_memobj_get
 .text.nrf_memobj_put
                0x000025f0       0x1c ../lilybuzzer/_build/nrf_memobj.o
                0x000025f0                nrf_memobj_put
 .text.nrf_memobj_write
                0x0000260c       0x2c ../lilybuzzer/_build/nrf_memobj.o
                0x0000260c                nrf_memobj_write
 .text.nrf_memobj_read
                0x00002638       0x30 ../lilybuzzer/_build/nrf_memobj.o
                0x00002638                nrf_memobj_read
 .text.queue_utilization_get
                0x00002668       0x18 ../lilybuzzer/_build/nrf_queue.o
 .text.nrf_queue_next_idx
                0x00002680       0x20 ../lilybuzzer/_build/nrf_queue.o
 .text.nrf_queue_is_full
                0x000026a0       0x28 ../lilybuzzer/_build/nrf_queue.o
                0x000026a0                nrf_queue_is_full
 .text.nrf_queue_push
                0x000026c8       0xc4 ../lilybuzzer/_build/nrf_queue.o
                0x000026c8                nrf_queue_push
 .text.nrf_queue_is_empty
                0x0000278c       0x24 ../lilybuzzer/_build/nrf_queue.o
                0x0000278c                nrf_queue_is_empty
 .text.nrf_queue_generic_pop
                0x000027b0       0x9c ../lilybuzzer/_build/nrf_queue.o
                0x000027b0                nrf_queue_generic_pop
 .text.nrf_ringbuf_init
                0x0000284c       0x1c ../lilybuzzer/_build/nrf_ringbuf.o
                0x0000284c                nrf_ringbuf_init
 .text.nrf_strerror_find
                0x00002868       0x34 ../lilybuzzer/_build/nrf_strerror.o
                0x00002868                nrf_strerror_find
 .text.nrf_strerror_get
                0x0000289c       0x14 ../lilybuzzer/_build/nrf_strerror.o
                0x0000289c                nrf_strerror_get
 .text.internal_transaction_cb
                0x000028b0        0xa ../lilybuzzer/_build/nrf_twi_mngr.o
 *fill*         0x000028ba        0x2 
 .text.transaction_end_signal
                0x000028bc       0x30 ../lilybuzzer/_build/nrf_twi_mngr.o
 .text.start_transfer
                0x000028ec       0xc4 ../lilybuzzer/_build/nrf_twi_mngr.o
 .text.start_pending_transaction
                0x000029b0       0xb0 ../lilybuzzer/_build/nrf_twi_mngr.o
 .text.twi_event_handler
                0x00002a60       0x58 ../lilybuzzer/_build/nrf_twi_mngr.o
 .text.nrf_twi_mngr_init
                0x00002ab8       0x78 ../lilybuzzer/_build/nrf_twi_mngr.o
                0x00002ab8                nrf_twi_mngr_init
 .text.nrf_twi_mngr_schedule
                0x00002b30       0x60 ../lilybuzzer/_build/nrf_twi_mngr.o
                0x00002b30                nrf_twi_mngr_schedule
 .text.nrf_twi_mngr_perform
                0x00002b90       0x84 ../lilybuzzer/_build/nrf_twi_mngr.o
                0x00002b90                nrf_twi_mngr_perform
 .text.POWER_CLOCK_IRQHandler
                0x00002c14       0x5c ../lilybuzzer/_build/nrfx_clock.o
                0x00002c14                POWER_CLOCK_IRQHandler
 .text.nrf_gpiote_event_clear
                0x00002c70       0x18 ../lilybuzzer/_build/nrfx_gpiote.o
 .text.nrf_bitmask_bit_set
                0x00002c88       0x12 ../lilybuzzer/_build/nrfx_gpiote.o
 *fill*         0x00002c9a        0x2 
 .text.nrf_gpio_pin_port_decode
                0x00002c9c       0x30 ../lilybuzzer/_build/nrfx_gpiote.o
 .text.nrf_gpio_cfg_sense_set
                0x00002ccc       0x2e ../lilybuzzer/_build/nrfx_gpiote.o
 *fill*         0x00002cfa        0x2 
 .text.nrf_gpio_ports_read.constprop.0
                0x00002cfc       0x18 ../lilybuzzer/_build/nrfx_gpiote.o
 .text.GPIOTE_IRQHandler
                0x00002d14      0x19c ../lilybuzzer/_build/nrfx_gpiote.o
                0x00002d14                GPIOTE_IRQHandler
 .text.UARTE0_UART0_IRQHandler
                0x00002eb0       0x20 ../lilybuzzer/_build/nrfx_prs.o
                0x00002eb0                UARTE0_UART0_IRQHandler
 .text.nrfx_prs_acquire
                0x00002ed0       0x44 ../lilybuzzer/_build/nrfx_prs.o
                0x00002ed0                nrfx_prs_acquire
 .text.nrfx_prs_release
                0x00002f14       0x28 ../lilybuzzer/_build/nrfx_prs.o
                0x00002f14                nrfx_prs_release
 .text.nrf_pwm_event_clear
                0x00002f3c       0x10 ../lilybuzzer/_build/nrfx_pwm.o
 .text.start_playback
                0x00002f4c       0x4c ../lilybuzzer/_build/nrfx_pwm.o
 .text.irq_handler
                0x00002f98       0x80 ../lilybuzzer/_build/nrfx_pwm.o
 .text.nrf_gpio_pin_port_decode
                0x00003018       0x30 ../lilybuzzer/_build/nrfx_pwm.o
 .text.nrf_pwm_sequence_set
                0x00003048       0x88 ../lilybuzzer/_build/nrfx_pwm.o
 .text.nrfx_pwm_init
                0x000030d0      0x1b0 ../lilybuzzer/_build/nrfx_pwm.o
                0x000030d0                nrfx_pwm_init
 .text.nrfx_pwm_simple_playback
                0x00003280       0xa4 ../lilybuzzer/_build/nrfx_pwm.o
                0x00003280                nrfx_pwm_simple_playback
 .text.nrfx_pwm_is_stopped
                0x00003324       0x40 ../lilybuzzer/_build/nrfx_pwm.o
                0x00003324                nrfx_pwm_is_stopped
 .text.nrfx_pwm_stop
                0x00003364       0x48 ../lilybuzzer/_build/nrfx_pwm.o
                0x00003364                nrfx_pwm_stop
 .text.PWM0_IRQHandler
                0x000033ac       0x10 ../lilybuzzer/_build/nrfx_pwm.o
                0x000033ac                PWM0_IRQHandler
 .text.PWM1_IRQHandler
                0x000033bc       0x10 ../lilybuzzer/_build/nrfx_pwm.o
                0x000033bc                PWM1_IRQHandler
 .text.nrf_saadc_event_clear
                0x000033cc       0x18 ../lilybuzzer/_build/nrfx_saadc.o
 .text.SAADC_IRQHandler
                0x000033e4      0x15c ../lilybuzzer/_build/nrfx_saadc.o
                0x000033e4                SAADC_IRQHandler
 .text.nrf_gpio_pin_port_decode
                0x00003540       0x30 ../lilybuzzer/_build/nrfx_spim.o
 .text.nrf_gpio_pin_clear
                0x00003570       0x1a ../lilybuzzer/_build/nrfx_spim.o
 .text.nrf_gpio_pin_set
                0x0000358a       0x1a ../lilybuzzer/_build/nrfx_spim.o
 .text.SPIM2_SPIS2_SPI2_IRQHandler
                0x000035a4       0x64 ../lilybuzzer/_build/nrfx_spim.o
                0x000035a4                SPIM2_SPIS2_SPI2_IRQHandler
 .text.irq_handler.constprop.0
                0x00003608       0x4c ../lilybuzzer/_build/nrfx_timer.o
 .text.TIMER0_IRQHandler
                0x00003654       0x10 ../lilybuzzer/_build/nrfx_timer.o
                0x00003654                TIMER0_IRQHandler
 .text.TIMER1_IRQHandler
                0x00003664       0x10 ../lilybuzzer/_build/nrfx_timer.o
                0x00003664                TIMER1_IRQHandler
 .text.nrf_twim_event_clear
                0x00003674       0x10 ../lilybuzzer/_build/nrfx_twim.o
 .text.xfer_completeness_check
                0x00003684       0x6c ../lilybuzzer/_build/nrfx_twim.o
 .text.nrf_gpio_pin_port_decode
                0x000036f0       0x30 ../lilybuzzer/_build/nrfx_twim.o
 .text.twim_irq_handler
                0x00003720      0x138 ../lilybuzzer/_build/nrfx_twim.o
 .text.SPIM0_SPIS0_TWIM0_TWIS0_SPI0_TWI0_IRQHandler
                0x00003858       0x10 ../lilybuzzer/_build/nrfx_twim.o
                0x00003858                SPIM0_SPIS0_TWIM0_TWIS0_SPI0_TWI0_IRQHandler
 .text.SPIM1_SPIS1_TWIM1_TWIS1_SPI1_TWI1_IRQHandler
                0x00003868       0x10 ../lilybuzzer/_build/nrfx_twim.o
                0x00003868                SPIM1_SPIS1_TWIM1_TWIS1_SPI1_TWI1_IRQHandler
 .text.nrfx_twim_init
                0x00003878      0x138 ../lilybuzzer/_build/nrfx_twim.o
                0x00003878                nrfx_twim_init
 .text.nrfx_twim_enable
                0x000039b0       0x40 ../lilybuzzer/_build/nrfx_twim.o
                0x000039b0                nrfx_twim_enable
 .text.nrfx_twim_disable
                0x000039f0       0x54 ../lilybuzzer/_build/nrfx_twim.o
                0x000039f0                nrfx_twim_disable
 .text.nrfx_twim_uninit
                0x00003a44       0xb4 ../lilybuzzer/_build/nrfx_twim.o
                0x00003a44                nrfx_twim_uninit
 .text.nrfx_twim_xfer
                0x00003af8      0x320 ../lilybuzzer/_build/nrfx_twim.o
                0x00003af8                nrfx_twim_xfer
 .text.nrf_uart_event_clear
                0x00003e18       0x10 ../lilybuzzer/_build/nrfx_uart.o
 .text.tx_byte  0x00003e28       0x1e ../lilybuzzer/_build/nrfx_uart.o
 .text.rx_enable
                0x00003e46       0x20 ../lilybuzzer/_build/nrfx_uart.o
 *fill*         0x00003e66        0x2 
 .text.nrf_gpio_pin_port_decode
                0x00003e68       0x30 ../lilybuzzer/_build/nrfx_uart.o
 .text.nrf_gpio_cfg_default
                0x00003e98       0x1c ../lilybuzzer/_build/nrfx_uart.o
 .text.rx_byte  0x00003eb4       0x2c ../lilybuzzer/_build/nrfx_uart.o
 .text.rx_done_event.constprop.0
                0x00003ee0       0x20 ../lilybuzzer/_build/nrfx_uart.o
 .text.nrfx_uart_0_irq_handler
                0x00003f00      0x144 ../lilybuzzer/_build/nrfx_uart.o
                0x00003f00                nrfx_uart_0_irq_handler
 .text.nrfx_uart_init
                0x00004044      0x1d8 ../lilybuzzer/_build/nrfx_uart.o
                0x00004044                nrfx_uart_init
 .text.nrfx_uart_uninit
                0x0000421c       0xc0 ../lilybuzzer/_build/nrfx_uart.o
                0x0000421c                nrfx_uart_uninit
 .text.nrfx_uart_tx_in_progress
                0x000042dc       0x18 ../lilybuzzer/_build/nrfx_uart.o
                0x000042dc                nrfx_uart_tx_in_progress
 .text.nrfx_uart_tx
                0x000042f4       0xe0 ../lilybuzzer/_build/nrfx_uart.o
                0x000042f4                nrfx_uart_tx
 .text.nrfx_uart_rx
                0x000043d4      0x128 ../lilybuzzer/_build/nrfx_uart.o
                0x000043d4                nrfx_uart_rx
 .text.nrf_uarte_event_clear
                0x000044fc       0x10 ../lilybuzzer/_build/nrfx_uarte.o
 .text.nrf_gpio_pin_port_decode
                0x0000450c       0x30 ../lilybuzzer/_build/nrfx_uarte.o
 .text.nrf_gpio_cfg_default
                0x0000453c       0x1c ../lilybuzzer/_build/nrfx_uarte.o
 .text.rx_done_event.constprop.0
                0x00004558       0x20 ../lilybuzzer/_build/nrfx_uarte.o
 .text.nrfx_uarte_0_irq_handler
                0x00004578      0x118 ../lilybuzzer/_build/nrfx_uarte.o
                0x00004578                nrfx_uarte_0_irq_handler
 .text.nrfx_uarte_init
                0x00004690      0x1f0 ../lilybuzzer/_build/nrfx_uarte.o
                0x00004690                nrfx_uarte_init
 .text.nrfx_uarte_uninit
                0x00004880       0xec ../lilybuzzer/_build/nrfx_uarte.o
                0x00004880                nrfx_uarte_uninit
 .text.nrfx_uarte_tx_in_progress
                0x0000496c       0x18 ../lilybuzzer/_build/nrfx_uarte.o
                0x0000496c                nrfx_uarte_tx_in_progress
 .text.nrfx_uarte_tx
                0x00004984       0xf0 ../lilybuzzer/_build/nrfx_uarte.o
                0x00004984                nrfx_uarte_tx
 .text.nrfx_uarte_rx
                0x00004a74      0x13c ../lilybuzzer/_build/nrfx_uarte.o
                0x00004a74                nrfx_uarte_rx
 .text.__NVIC_SystemReset
                0x00004bb0       0x24 ../lilybuzzer/_build/system_nrf52833.o
 .text.errata_36
                0x00004bd4       0x1a ../lilybuzzer/_build/system_nrf52833.o
 *fill*         0x00004bee        0x2 
 .text.SystemInit
                0x00004bf0      0x19c ../lilybuzzer/_build/system_nrf52833.o
                0x00004bf0                SystemInit
 .text          0x00004d8c       0x3c ../lilybuzzer/_build/gcc_startup_nrf52833.os
                0x00004d8c                Reset_Handler
                0x00004db4                NMI_Handler
                0x00004db8                MemoryManagement_Handler
                0x00004dba                BusFault_Handler
                0x00004dbc                UsageFault_Handler
                0x00004dbe                SVC_Handler
                0x00004dc0                DebugMon_Handler
                0x00004dc2                PendSV_Handler
                0x00004dc4                SysTick_Handler
                0x00004dc6                TIMER2_IRQHandler
                0x00004dc6                RTC0_IRQHandler
                0x00004dc6                SWI2_EGU2_IRQHandler
                0x00004dc6                RADIO_IRQHandler
                0x00004dc6                PDM_IRQHandler
                0x00004dc6                TEMP_IRQHandler
                0x00004dc6                QDEC_IRQHandler
                0x00004dc6                TIMER3_IRQHandler
                0x00004dc6                PWM3_IRQHandler
                0x00004dc6                FPU_IRQHandler
                0x00004dc6                USBD_IRQHandler
                0x00004dc6                TIMER4_IRQHandler
                0x00004dc6                I2S_IRQHandler
                0x00004dc6                SWI4_EGU4_IRQHandler
                0x00004dc6                UARTE1_IRQHandler
                0x00004dc6                SPIM3_IRQHandler
                0x00004dc6                PWM2_IRQHandler
                0x00004dc6                ECB_IRQHandler
                0x00004dc6                Default_Handler
                0x00004dc6                CCM_AAR_IRQHandler
                0x00004dc6                WDT_IRQHandler
                0x00004dc6                SWI5_EGU5_IRQHandler
                0x00004dc6                RNG_IRQHandler
                0x00004dc6                RTC2_IRQHandler
                0x00004dc6                SWI3_EGU3_IRQHandler
                0x00004dc6                SWI1_EGU1_IRQHandler
                0x00004dc6                NFCT_IRQHandler
                0x00004dc6                MWU_IRQHandler
                0x00004dc6                COMP_LPCOMP_IRQHandler
 *fill*         0x00004dc8       0x38 
 .text          0x00004e00       0xd8 /usr/lib/gcc/arm-none-eabi/13.2.1/../../../arm-none-eabi/lib/thumb/v7e-m+fp/hard/libc.a(libc_a-strlen.o)
                0x00004e00                strlen
 .text          0x00004ed8       0xa4 /usr/lib/gcc/arm-none-eabi/13.2.1/../../../arm-none-eabi/lib/thumb/v7e-m+fp/hard/libc.a(libc_a-memset.o)
                0x00004ed8                memset
 .text          0x00004f7c       0x10 /usr/lib/gcc/arm-none-eabi/13.2.1/../../../arm-none-eabi/lib/thumb/v7e-m+fp/hard/libc.a(libc_a-setbuf.o)
                0x00004f7c                setbuf
 .text          0x00004f8c       0x5c /usr/lib/gcc/arm-none-eabi/13.2.1/../../../arm-none-eabi/lib/thumb/v7e-m+fp/hard/libc.a(libc_a-memcmp.o)
                0x00004f8c                memcmp
 .text          0x00004fe8      0x134 /usr/lib/gcc/arm-none-eabi/13.2.1/../../../arm-none-eabi/lib/thumb/v7e-m+fp/hard/libc.a(libc_a-memcpy.o)
                0x00004fe8                memcpy
 .text          0x0000511c       0x50 /usr/lib/gcc/arm-none-eabi/13.2.1/../../../arm-none-eabi/lib/thumb/v7e-m+fp/hard/libc.a(libc_a-init.o)
                0x0000511c                __libc_init_array
 .text          0x0000516c      0x224 /usr/lib/gcc/arm-none-eabi/13.2.1/../../../arm-none-eabi/lib/thumb/v7e-m+fp/hard/libc.a(libc_a-findfp.o)
                0x0000529c                __sfp
                0x00005340                __sinit
                0x00005360                __sfp_lock_acquire
                0x00005364                __sfp_lock_release
                0x00005368                __fp_lock_all
                0x0000537c                __fp_unlock_all
 .text          0x00005390       0x1c /usr/lib/gcc/arm-none-eabi/13.2.1/../../../arm-none-eabi/lib/thumb/v7e-m+fp/hard/libc.a(libc_a-exit.o)
                0x00005390                exit
 .text          0x000053ac        0xc /usr/lib/gcc/arm-none-eabi/13.2.1/../../../arm-none-eabi/lib/thumb/v7e-m+fp/hard/libc.a(libc_a-atexit.o)
                0x000053ac                atexit
 .text          0x000053b8       0x48 /usr/lib/gcc/arm-none-eabi/13.2.1/../../../arm-none-eabi/lib/thumb/v7e-m+fp/hard/libc.a(libc_a-printf.o)
                0x000053b8                _printf_r
                0x000053d8                printf
 .text          0x00005400       0x28 /usr/lib/gcc/arm-none-eabi/13.2.1/../../../arm-none-eabi/lib/thumb/v7e-m+fp/hard/libc.a(libc_a-fini.o)
                0x00005400                __libc_fini_array
 .text          0x00005428       0x44 /usr/lib/gcc/arm-none-eabi/13.2.1/../../../arm-none-eabi/lib/thumb/v7e-m+fp/hard/libc.a(libc_a-fwalk.o)
                0x00005428                _fwalk_sglue
 *fill*         0x0000546c        0x4 
 .text          0x00005470     0x14ac /usr/lib/gcc/arm-none-eabi/13.2.1/../../../arm-none-eabi/lib/thumb/v7e-m+fp/hard/libc.a(libc_a-vfprintf.o)
                0x00005470                _vfprintf_r
                0x00006894                vfprintf
 *fill*         0x0000691c        0x4 
 .text          0x00006920       0xa0 /usr/lib/gcc/arm-none-eabi/13.2.1/../../../arm-none-eabi/lib/thumb/v7e-m+fp/hard/libc.a(libc_a-memchr.o)
                0x00006920                memchr
 .text          0x000069c0      0x1ac /usr/lib/gcc/arm-none-eabi/13.2.1/../../../arm-none-eabi/lib/thumb/v7e-m+fp/hard/libc.a(libc_a-fflush.o)
                0x000069c0                __sflush_r
                0x00006af8                _fflush_r
                0x00006b24                fflush
 .text          0x00006b6c      0x164 /usr/lib/gcc/arm-none-eabi/13.2.1/../../../arm-none-eabi/lib/thumb/v7e-m+fp/hard/libc.a(libc_a-setvbuf.o)
                0x00006b6c                setvbuf
 .text          0x00006cd0      0x554 /usr/lib/gcc/arm-none-eabi/13.2.1/../../../arm-none-eabi/lib/thumb/v7e-m+fp/hard/libc.a(libc_a-mallocr.o)
                0x00006cd0                _malloc_r
 *fill*         0x00007224        0x4 
 .text          0x00007228      0xfb0 /usr/lib/gcc/arm-none-eabi/13.2.1/../../../arm-none-eabi/lib/thumb/v7e-m+fp/hard/libc.a(libc_a-dtoa.o)
                0x00007354                _dtoa_r
 .text          0x000081d8       0xc4 /usr/lib/gcc/arm-none-eabi/13.2.1/../../../arm-none-eabi/lib/thumb/v7e-m+fp/hard/libc.a(libc_a-wsetup.o)
                0x000081d8                __swsetup_r
 .text          0x0000829c      0x2b0 /usr/lib/gcc/arm-none-eabi/13.2.1/../../../arm-none-eabi/lib/thumb/v7e-m+fp/hard/libc.a(libc_a-freer.o)
                0x0000829c                _malloc_trim_r
                0x00008354                _free_r
 .text          0x0000854c       0x90 /usr/lib/gcc/arm-none-eabi/13.2.1/../../../arm-none-eabi/lib/thumb/v7e-m+fp/hard/libc.a(libc_a-fclose.o)
                0x0000854c                _fclose_r
                0x000085cc                fclose
 .text          0x000085dc       0xb0 /usr/lib/gcc/arm-none-eabi/13.2.1/../../../arm-none-eabi/lib/thumb/v7e-m+fp/hard/libc.a(libc_a-__call_atexit.o)
                0x000085dc                __call_exitprocs
 .text.startup  0x0000868c       0x14 /usr/lib/gcc/arm-none-eabi/13.2.1/../../../arm-none-eabi/lib/thumb/v7e-m+fp/hard/libc.a(libc_a-__call_atexit.o)
 .text          0x000086a0       0x20 /usr/lib/gcc/arm-none-eabi/13.2.1/../../../arm-none-eabi/lib/thumb/v7e-m+fp/hard/libc.a(libc_a-malloc.o)
                0x000086a0                malloc
                0x000086b0                free
 .text          0x000086c0       0x1c /usr/lib/gcc/arm-none-eabi/13.2.1/../../../arm-none-eabi/lib/thumb/v7e-m+fp/hard/libc.a(libc_a-sysconf.o)
                0x000086c0                sysconf
 .text          0x000086dc       0x94 /usr/lib/gcc/arm-none-eabi/13.2.1/../../../arm-none-eabi/lib/thumb/v7e-m+fp/hard/libc.a(libc_a-stdio.o)
                0x000086dc                __sread
                0x00008700                __seofread
                0x00008704                __swrite
                0x00008744                __sseek
                0x00008768                __sclose
 .text          0x00008770       0x64 /usr/lib/gcc/arm-none-eabi/13.2.1/../../../arm-none-eabi/lib/thumb/v7e-m+fp/hard/libc.a(libc_a-__atexit.o)
                0x00008770                __register_exitproc
 .text          0x000087d4       0x2c /usr/lib/gcc/arm-none-eabi/13.2.1/../../../arm-none-eabi/lib/thumb/v7e-m+fp/hard/libc.a(libc_a-writer.o)
                0x000087d4                _write_r
 .text          0x00008800        0x8 /usr/lib/gcc/arm-none-eabi/13.2.1/../../../arm-none-eabi/lib/thumb/v7e-m+fp/hard/libc.a(libc_a-mlock.o)
                0x00008800                __malloc_lock
                0x00008804                __malloc_unlock
 .text          0x00008808       0x24 /usr/lib/gcc/arm-none-eabi/13.2.1/../../../arm-none-eabi/lib/thumb/v7e-m+fp/hard/libc.a(libc_a-sbrkr.o)
                0x00008808                _sbrk_r
 .text          0x0000882c       0x24 /usr/lib/gcc/arm-none-eabi/13.2.1/../../../arm-none-eabi/lib/thumb/v7e-m+fp/hard/libc.a(libc_a-closer.o)
                0x0000882c                _close_r
 .text          0x00008850       0x20 /usr/lib/gcc/arm-none-eabi/13.2.1/../../../arm-none-eabi/lib/thumb/v7e-m+fp/hard/libc.a(libc_a-sprint_r.o)
                0x00008850                __sprint_r
 .text          0x00008870       0x4c /usr/lib/gcc/arm-none-eabi/13.2.1/../../../arm-none-eabi/lib/thumb/v7e-m+fp/hard/libc.a(libc_a-assert.o)
                0x00008870                __assert_func
                0x000088b0                __assert
 .text          0x000088bc      0xab8 /usr/lib/gcc/arm-none-eabi/13.2.1/../../../arm-none-eabi/lib/thumb/v7e-m+fp/hard/libc.a(libc_a-mprec.o)
                0x000088bc                _Balloc
                0x00008908                _Bfree
                0x0000891c                __multadd
                0x000089bc                __s2b
                0x00008a70                __hi0bits
                0x00008ab4                __lo0bits
                0x00008b14                __i2b
                0x00008b70                __multiply
                0x00008cdc                __pow5mult
                0x00008d90                __lshift
                0x00008e80                __mcmp
                0x00008ec4                __mdiff
                0x0000903c                __ulp
                0x000090a0                __b2d
                0x0000915c                __d2b
                0x0000921c                __ratio
                0x0000927c                _mprec_log10
                0x000092bc                __copybits
                0x00009318                __any_on
 .text          0x00009374       0x14 /usr/lib/gcc/arm-none-eabi/13.2.1/../../../arm-none-eabi/lib/thumb/v7e-m+fp/hard/libc.a(libc_a-localeconv.o)
                0x00009374                __localeconv_l
                0x00009378                _localeconv_r
                0x00009380                localeconv
 .text          0x00009388      0x13c /usr/lib/gcc/arm-none-eabi/13.2.1/../../../arm-none-eabi/lib/thumb/v7e-m+fp/hard/libc.a(libc_a-makebuf.o)
                0x00009388                __smakebuf_r
                0x00009464                __swhatbuf_r
 .text          0x000094c4       0x40 /usr/lib/gcc/arm-none-eabi/13.2.1/../../../arm-none-eabi/lib/thumb/v7e-m+fp/hard/libc.a(libc_a-mbtowc_r.o)
                0x000094c4                _mbtowc_r
                0x000094d8                __ascii_mbtowc
 .text          0x00009504        0xc /usr/lib/gcc/arm-none-eabi/13.2.1/../../../arm-none-eabi/lib/thumb/v7e-m+fp/hard/libc.a(libc_a-errno.o)
                0x00009504                __errno
 .text          0x00009510       0x10 /usr/lib/gcc/arm-none-eabi/13.2.1/../../../arm-none-eabi/lib/thumb/v7e-m+fp/hard/libc.a(libc_a-abort.o)
                0x00009510                abort
 .text          0x00009520       0x6c /usr/lib/gcc/arm-none-eabi/13.2.1/../../../arm-none-eabi/lib/thumb/v7e-m+fp/hard/libc.a(libc_a-callocr.o)
                0x00009520                _calloc_r
 .text          0x0000958c       0x2c /usr/lib/gcc/arm-none-eabi/13.2.1/../../../arm-none-eabi/lib/thumb/v7e-m+fp/hard/libc.a(libc_a-readr.o)
                0x0000958c                _read_r
 .text          0x000095b8       0x44 /usr/lib/gcc/arm-none-eabi/13.2.1/../../../arm-none-eabi/lib/thumb/v7e-m+fp/hard/libc.a(libc_a-fiprintf.o)
                0x000095b8                _fiprintf_r
                0x000095d4                fiprintf
 .text          0x000095fc       0x30 /usr/lib/gcc/arm-none-eabi/13.2.1/../../../arm-none-eabi/lib/thumb/v7e-m+fp/hard/libc.a(libc_a-wctomb_r.o)
                0x000095fc                _wctomb_r
                0x00009610                __ascii_wctomb
 .text          0x0000962c       0x2c /usr/lib/gcc/arm-none-eabi/13.2.1/../../../arm-none-eabi/lib/thumb/v7e-m+fp/hard/libc.a(libc_a-lseekr.o)
                0x0000962c                _lseek_r
 .text          0x00009658       0x2c /usr/lib/gcc/arm-none-eabi/13.2.1/../../../arm-none-eabi/lib/thumb/v7e-m+fp/hard/libc.a(libc_a-fstatr.o)
                0x00009658                _fstat_r
 .text          0x00009684       0x24 /usr/lib/gcc/arm-none-eabi/13.2.1/../../../arm-none-eabi/lib/thumb/v7e-m+fp/hard/libc.a(libc_a-isattyr.o)
                0x00009684                _isatty_r
 .text          0x000096a8      0x300 /usr/lib/gcc/arm-none-eabi/13.2.1/../../../arm-none-eabi/lib/thumb/v7e-m+fp/hard/libc.a(libc_a-fvwrite.o)
                0x000096a8                __sfvwrite_r
 .text          0x000099a8      0x280 /usr/lib/gcc/arm-none-eabi/13.2.1/../../../arm-none-eabi/lib/thumb/v7e-m+fp/hard/libc.a(libc_a-signal.o)
                0x000099a8                _init_signal_r
                0x000099d8                _signal_r
                0x00009a28                _raise_r
                0x00009a7c                __sigtramp_r
                0x00009ae0                raise
                0x00009b38                signal
                0x00009b88                _init_signal
                0x00009bc0                __sigtramp
 .text          0x00009c28       0x30 /usr/lib/gcc/arm-none-eabi/13.2.1/../../../arm-none-eabi/lib/thumb/v7e-m+fp/hard/libc.a(libc_a-signalr.o)
                0x00009c28                _kill_r
                0x00009c54                _getpid_r
 .text          0x00009c58      0x100 /usr/lib/gcc/arm-none-eabi/13.2.1/../../../arm-none-eabi/lib/thumb/v7e-m+fp/hard/libc.a(libc_a-memmove.o)
                0x00009c58                memmove
 .text          0x00009d58      0xb44 /usr/lib/gcc/arm-none-eabi/13.2.1/../../../arm-none-eabi/lib/thumb/v7e-m+fp/hard/libc.a(libc_a-vfiprintf.o)
                0x00009d58                _vfiprintf_r
                0x0000a814                vfiprintf
 .text          0x0000a89c      0x344 /usr/lib/gcc/arm-none-eabi/13.2.1/../../../arm-none-eabi/lib/thumb/v7e-m+fp/hard/libc.a(libc_a-reallocr.o)
                0x0000a89c                _realloc_r
 .text          0x0000abe0       0x10 /usr/lib/gcc/arm-none-eabi/13.2.1/../../../arm-none-eabi/lib/thumb/v7e-m+fp/hard/libnosys.a(close.o)
                0x0000abe0                _close
 .text          0x0000abf0       0x10 /usr/lib/gcc/arm-none-eabi/13.2.1/../../../arm-none-eabi/lib/thumb/v7e-m+fp/hard/libnosys.a(fstat.o)
                0x0000abf0                _fstat
 .text          0x0000ac00       0x10 /usr/lib/gcc/arm-none-eabi/13.2.1/../../../arm-none-eabi/lib/thumb/v7e-m+fp/hard/libnosys.a(getpid.o)
                0x0000ac00                _getpid
 .text          0x0000ac10       0x10 /usr/lib/gcc/arm-none-eabi/13.2.1/../../../arm-none-eabi/lib/thumb/v7e-m+fp/hard/libnosys.a(isatty.o)
                0x0000ac10                _isatty
 .text          0x0000ac20       0x10 /usr/lib/gcc/arm-none-eabi/13.2.1/../../../arm-none-eabi/lib/thumb/v7e-m+fp/hard/libnosys.a(kill.o)
                0x0000ac20                _kill
 .text          0x0000ac30       0x10 /usr/lib/gcc/arm-none-eabi/13.2.1/../../../arm-none-eabi/lib/thumb/v7e-m+fp/hard/libnosys.a(lseek.o)
                0x0000ac30                _lseek
 .text          0x0000ac40       0x1c /usr/lib/gcc/arm-none-eabi/13.2.1/../../../arm-none-eabi/lib/thumb/v7e-m+fp/hard/libnosys.a(sbrk.o)
                0x0000ac40                _sbrk
 .text          0x0000ac5c        0x4 /usr/lib/gcc/arm-none-eabi/13.2.1/../../../arm-none-eabi/lib/thumb/v7e-m+fp/hard/libnosys.a(_exit.o)
                0x0000ac5c                _exit
 .text          0x0000ac60      0x378 /usr/lib/gcc/arm-none-eabi/13.2.1/thumb/v7e-m+fp/hard/libgcc.a(_arm_addsubdf3.o)
                0x0000ac60                __aeabi_drsub
                0x0000ac68                __aeabi_dsub
                0x0000ac68                __subdf3
                0x0000ac6c                __adddf3
                0x0000ac6c                __aeabi_dadd
                0x0000aee4                __aeabi_ui2d
                0x0000aee4                __floatunsidf
                0x0000af04                __floatsidf
                0x0000af04                __aeabi_i2d
                0x0000af28                __extendsfdf2
                0x0000af28                __aeabi_f2d
                0x0000af6c                __aeabi_ul2d
                0x0000af6c                __floatundidf
                0x0000af7c                __floatdidf
                0x0000af7c                __aeabi_l2d
 .text          0x0000afd8      0x424 /usr/lib/gcc/arm-none-eabi/13.2.1/thumb/v7e-m+fp/hard/libgcc.a(_arm_muldivdf3.o)
                0x0000afd8                __aeabi_dmul
                0x0000afd8                __muldf3
                0x0000b22c                __aeabi_ddiv
                0x0000b22c                __divdf3
 .text          0x0000b3fc      0x110 /usr/lib/gcc/arm-none-eabi/13.2.1/thumb/v7e-m+fp/hard/libgcc.a(_arm_cmpdf2.o)
                0x0000b3fc                __gtdf2
                0x0000b3fc                __gedf2
                0x0000b404                __ltdf2
                0x0000b404                __ledf2
                0x0000b40c                __cmpdf2
                0x0000b40c                __eqdf2
                0x0000b40c                __nedf2
                0x0000b488                __aeabi_cdrcmple
                0x0000b498                __aeabi_cdcmple
                0x0000b498                __aeabi_cdcmpeq
                0x0000b4a8                __aeabi_dcmpeq
                0x0000b4bc                __aeabi_dcmplt
                0x0000b4d0                __aeabi_dcmple
                0x0000b4e4                __aeabi_dcmpge
                0x0000b4f8                __aeabi_dcmpgt
 .text          0x0000b50c       0x2c /usr/lib/gcc/arm-none-eabi/13.2.1/thumb/v7e-m+fp/hard/libgcc.a(_arm_unorddf2.o)
                0x0000b50c                __aeabi_dcmpun
                0x0000b50c                __unorddf2
 .text          0x0000b538       0x50 /usr/lib/gcc/arm-none-eabi/13.2.1/thumb/v7e-m+fp/hard/libgcc.a(_arm_fixdfsi.o)
                0x0000b538                __fixdfsi
                0x0000b538                __aeabi_d2iz
 *(.init)
 .init          0x0000b588        0x4 /usr/lib/gcc/arm-none-eabi/13.2.1/thumb/v7e-m+fp/hard/crti.o
                0x0000b588                _init
 .init          0x0000b58c        0x8 /usr/lib/gcc/arm-none-eabi/13.2.1/thumb/v7e-m+fp/hard/crtn.o
 *(.fini)
 .fini          0x0000b594        0x4 /usr/lib/gcc/arm-none-eabi/13.2.1/thumb/v7e-m+fp/hard/crti.o
                0x0000b594                _fini
 .fini          0x0000b598        0x8 /usr/lib/gcc/arm-none-eabi/13.2.1/thumb/v7e-m+fp/hard/crtn.o
 *crtbegin.o(.ctors)
 *crtbegin?.o(.ctors)
 *(EXCLUDE_FILE(*crtend.o *crtend?.o) .ctors)
 *(SORT_BY_NAME(.ctors.*))
 *(.ctors)
 *crtbegin.o(.dtors)
 *crtbegin?.o(.dtors)
 *(EXCLUDE_FILE(*crtend.o *crtend?.o) .dtors)
 *(SORT_BY_NAME(.dtors.*))
 *(.dtors)
 *(.rodata*)
 .rodata.main.str1.1
                0x0000b5a0     0x11a2 _build/main.o
                                 0x5f (size before relaxing)
 *fill*         0x0000c742        0xe 
 .rodata.delay_machine_code.0
                0x0000c750        0x6 _build/main.o
 *fill*         0x0000c756        0x2 
 .rodata.twi_mngr_instance
                0x0000c758       0x18 _build/main.o
 .rodata        0x0000c770       0x10 _build/main.o
 .rodata.read_reg.str1.1
                0x0000c780        0xc _build/sx1509.o
 .rodata.delay_machine_code.0
                0x0000c780        0x6 _build/sx1509.o
 .rodata.lilybuzzer_init.str1.1
                0x0000c786        0x1 _build/lilybuzzer.o
 *fill*         0x0000c786        0x2 
 .rodata.PWM_INST
                0x0000c788        0x8 _build/lilybuzzer.o
 .rodata.morse_table
                0x0000c790      0x18c _build/lilybuzzer.o
 .rodata.symbol_timer
                0x0000c91c        0x4 _build/lilybuzzer.o
 .rodata        0x0000c920        0xc _build/lilybuzzer.o
 .rodata.keypad_read_input.str1.1
                0x0000c92c       0x11 _build/keypad.o
 *fill*         0x0000c92c        0x4 
 .rodata.delay_machine_code.0
                0x0000c930        0x6 _build/keypad.o
 .rodata.key_map
                0x0000c936        0xc _build/keypad.o
                0x0000c936                key_map
 .rodata.row_pins
                0x0000c942        0x4 _build/keypad.o
                0x0000c942                row_pins
 *fill*         0x0000c946        0x2 
 .rodata.keypad_scanning_timer
                0x0000c948        0x4 _build/keypad.o
 .rodata.nrf_gpio_pin_port_decode.str1.1
                0x0000c94c       0x43 ../lilybuzzer/_build/better_error_handling.o
 .rodata.app_error_fault_handler.str1.1
                0x0000c94c       0x78 ../lilybuzzer/_build/better_error_handling.o
 .rodata.HardFault_c_handler.str1.1
                0x0000c94c      0x12e ../lilybuzzer/_build/better_error_handling.o
 .rodata.str1.1
                0x0000c94c      0x4b6 ../lilybuzzer/_build/better_error_handling.o
 .rodata.cfsr_msgs.0
                0x0000c94c       0x68 ../lilybuzzer/_build/better_error_handling.o
 *fill*         0x0000c9b4        0xc 
 .rodata.delay_machine_code.1
                0x0000c9c0        0x6 ../lilybuzzer/_build/better_error_handling.o
 .rodata.LED_COLS
                0x0000c9c6        0x5 ../lilybuzzer/_build/better_error_handling.o
 .rodata.LED_ROWS
                0x0000c9cb        0x5 ../lilybuzzer/_build/better_error_handling.o
 .rodata.called_first.str1.1
                0x0000c9d0       0x69 ../lilybuzzer/_build/microbit_before_startup.o
 .rodata.delay_machine_code.0
                0x0000c9d0        0x6 ../lilybuzzer/_build/microbit_before_startup.o
 .rodata.uart_init.constprop.0.str1.1
                0x0000c9d6       0x6f ../lilybuzzer/_build/microbit_nrf_log_backend_uart.o
 *fill*         0x0000c9d6        0x2 
 .rodata.nrf_log_backend_uart_api
                0x0000c9d8        0xc ../lilybuzzer/_build/microbit_nrf_log_backend_uart.o
                0x0000c9d8                nrf_log_backend_uart_api
 .rodata        0x0000c9e4       0x20 ../lilybuzzer/_build/microbit_nrf_log_backend_uart.o
 *fill*         0x0000ca04        0xc 
 .rodata.delay_machine_code.0
                0x0000ca10        0x6 ../lilybuzzer/_build/app_timer.o
 .rodata.app_util_critical_region_enter.str1.1
                0x0000ca16       0x55 ../lilybuzzer/_build/app_util_platform.o
 .rodata.nrf_balloc_init.str1.1
                0x0000ca16       0x50 ../lilybuzzer/_build/nrf_balloc.o
 .rodata.str1.1
                0x0000ca16        0x6 ../lilybuzzer/_build/nrf_drv_clock.o
 .rodata.nrf_gpio_pin_port_decode.str1.1
                0x0000ca16       0x43 ../lilybuzzer/_build/nrf_drv_twi.o
 *fill*         0x0000ca16        0xa 
 .rodata.delay_machine_code.0
                0x0000ca20        0x6 ../lilybuzzer/_build/nrf_drv_twi.o
 .rodata.nrf_fprintf_buffer_flush.str1.1
                0x0000ca26       0x46 ../lilybuzzer/_build/nrf_fprintf.o
 .rodata.nrf_fprintf_fmt.str1.1
                0x0000ca26       0x4d ../lilybuzzer/_build/nrf_fprintf_format.o
 .rodata._aV2C.0
                0x0000ca26       0x10 ../lilybuzzer/_build/nrf_fprintf_format.o
 .rodata.nrf_log_default_backends_init.str1.1
                0x0000ca36       0x5f ../lilybuzzer/_build/nrf_log_default_backends.o
 .rodata.str1.1
                0x0000ca36       0x11 ../lilybuzzer/_build/nrf_log_default_backends.o
 .rodata.buf_prealloc.str1.1
                0x0000ca36       0x57 ../lilybuzzer/_build/nrf_log_frontend.o
 .rodata.nrf_log_frontend_dequeue.str1.1
                0x0000ca36       0x11 ../lilybuzzer/_build/nrf_log_frontend.o
 .rodata.str1.1
                0x0000ca36        0x4 ../lilybuzzer/_build/nrf_log_frontend.o
 *fill*         0x0000ca36        0x2 
 .rodata.m_log_push_ringbuf
                0x0000ca38        0xc ../lilybuzzer/_build/nrf_log_frontend.o
 .rodata.postfix_process.str1.1
                0x0000ca44        0xb ../lilybuzzer/_build/nrf_log_str_formatter.o
 .rodata.prefix_process.constprop.0.str1.1
                0x0000ca44       0x2a ../lilybuzzer/_build/nrf_log_str_formatter.o
 .rodata.nrf_log_hexdump_entry_process.str1.1
                0x0000ca44       0x11 ../lilybuzzer/_build/nrf_log_str_formatter.o
 .rodata.str1.1
                0x0000ca44       0x51 ../lilybuzzer/_build/nrf_log_str_formatter.o
 .rodata.m_colors
                0x0000ca44       0x24 ../lilybuzzer/_build/nrf_log_str_formatter.o
 .rodata.severity_names
                0x0000ca68       0x14 ../lilybuzzer/_build/nrf_log_str_formatter.o
 .rodata.memobj_op.str1.1
                0x0000ca7c       0x50 ../lilybuzzer/_build/nrf_memobj.o
 .rodata.str1.1
                0x0000ca7c        0x9 ../lilybuzzer/_build/nrf_pwr_mgmt.o
 .rodata.nrf_queue_next_idx.str1.1
                0x0000ca7c       0x4e ../lilybuzzer/_build/nrf_queue.o
 .rodata.str1.1
                0x0000ca7c      0x391 ../lilybuzzer/_build/nrf_strerror.o
 .rodata.nrf_strerror_array
                0x0000ca7c      0x118 ../lilybuzzer/_build/nrf_strerror.o
 .rodata.m_unknown_str
                0x0000cb94       0x13 ../lilybuzzer/_build/nrf_strerror.o
 .rodata.transaction_end_signal.str1.1
                0x0000cba7       0x54 ../lilybuzzer/_build/nrf_twi_mngr.o
 .rodata.str1.1
                0x0000cba7        0x6 ../lilybuzzer/_build/nrfx_clock.o
 .rodata.nrf_gpio_pin_port_decode.str1.1
                0x0000cba7       0x43 ../lilybuzzer/_build/nrfx_gpiote.o
 .rodata.str1.1
                0x0000cba7        0x7 ../lilybuzzer/_build/nrfx_gpiote.o
 .rodata.UARTE0_UART0_IRQHandler.str1.1
                0x0000cba7       0x4f ../lilybuzzer/_build/nrfx_prs.o
 .rodata.str1.1
                0x0000cba7        0x4 ../lilybuzzer/_build/nrfx_prs.o
 .rodata.nrf_gpio_pin_port_decode.str1.1
                0x0000cba7       0x43 ../lilybuzzer/_build/nrfx_pwm.o
 .rodata.nrf_pwm_sequence_set.str1.1
                0x0000cba7       0x42 ../lilybuzzer/_build/nrfx_pwm.o
 .rodata.nrfx_pwm_init.str1.1
                0x0000cba7       0x8f ../lilybuzzer/_build/nrfx_pwm.o
 .rodata.str1.1
                0x0000cba7        0x4 ../lilybuzzer/_build/nrfx_pwm.o
 .rodata.str1.1
                0x0000cba7        0x6 ../lilybuzzer/_build/nrfx_saadc.o
 .rodata.nrf_gpio_pin_port_decode.str1.1
                0x0000cba7       0x43 ../lilybuzzer/_build/nrfx_spim.o
 .rodata.SPIM2_SPIS2_SPI2_IRQHandler.str1.1
                0x0000cba7       0x4c ../lilybuzzer/_build/nrfx_spim.o
 .rodata.str1.1
                0x0000cba7        0x5 ../lilybuzzer/_build/nrfx_spim.o
 .rodata.str1.1
                0x0000cba7        0x6 ../lilybuzzer/_build/nrfx_timer.o
 .rodata.nrf_gpio_pin_port_decode.str1.1
                0x0000cba7       0x43 ../lilybuzzer/_build/nrfx_twim.o
 .rodata.twim_irq_handler.str1.1
                0x0000cba7       0x4c ../lilybuzzer/_build/nrfx_twim.o
 .rodata.nrfx_twim_init.str1.1
                0x0000cba7       0x44 ../lilybuzzer/_build/nrfx_twim.o
 *fill*         0x0000cba7        0x1 
 .rodata.irq_handlers.0
                0x0000cba8        0x8 ../lilybuzzer/_build/nrfx_twim.o
 .rodata.str1.1
                0x0000cbb0        0x5 ../lilybuzzer/_build/nrfx_twim.o
 .rodata.nrf_gpio_pin_port_decode.str1.1
                0x0000cbb0       0x43 ../lilybuzzer/_build/nrfx_uart.o
 .rodata.nrfx_uart_init.str1.1
                0x0000cbb0       0x90 ../lilybuzzer/_build/nrfx_uart.o
 .rodata.str1.1
                0x0000cbb0        0x5 ../lilybuzzer/_build/nrfx_uart.o
 .rodata.nrf_gpio_pin_port_decode.str1.1
                0x0000cbb0       0x43 ../lilybuzzer/_build/nrfx_uarte.o
 .rodata.nrfx_uarte_init.str1.1
                0x0000cbb0       0x91 ../lilybuzzer/_build/nrfx_uarte.o
 .rodata.str1.1
                0x0000cbb0        0x6 ../lilybuzzer/_build/nrfx_uarte.o
 .rodata        0x0000cbb0      0x101 /usr/lib/gcc/arm-none-eabi/13.2.1/../../../arm-none-eabi/lib/thumb/v7e-m+fp/hard/libc.a(libc_a-ctype_.o)
                0x0000cbb0                _ctype_
 *fill*         0x0000ccb1        0x3 
 .rodata.str1.4
                0x0000ccb4      0x112 /usr/lib/gcc/arm-none-eabi/13.2.1/../../../arm-none-eabi/lib/thumb/v7e-m+fp/hard/libc.a(libc_a-vfprintf.o)
                                 0x42 (size before relaxing)
 *fill*         0x0000cdc6        0x2 
 .rodata        0x0000cdc8       0x20 /usr/lib/gcc/arm-none-eabi/13.2.1/../../../arm-none-eabi/lib/thumb/v7e-m+fp/hard/libc.a(libc_a-vfprintf.o)
 .rodata.str1.4
                0x0000cde8       0x54 /usr/lib/gcc/arm-none-eabi/13.2.1/../../../arm-none-eabi/lib/thumb/v7e-m+fp/hard/libc.a(libc_a-dtoa.o)
 .rodata.str1.4
                0x0000cde8       0x43 /usr/lib/gcc/arm-none-eabi/13.2.1/../../../arm-none-eabi/lib/thumb/v7e-m+fp/hard/libc.a(libc_a-assert.o)
 .rodata.str1.4
                0x0000cde8       0x41 /usr/lib/gcc/arm-none-eabi/13.2.1/../../../arm-none-eabi/lib/thumb/v7e-m+fp/hard/libc.a(libc_a-mprec.o)
 .rodata        0x0000cde8      0x128 /usr/lib/gcc/arm-none-eabi/13.2.1/../../../arm-none-eabi/lib/thumb/v7e-m+fp/hard/libc.a(libc_a-mprec.o)
                0x0000cdf8                __mprec_tens
                0x0000cec0                __mprec_tinytens
                0x0000cee8                __mprec_bigtens
 .rodata.str1.4
                0x0000cf10       0x12 /usr/lib/gcc/arm-none-eabi/13.2.1/../../../arm-none-eabi/lib/thumb/v7e-m+fp/hard/libc.a(libc_a-locale.o)
 .rodata.str1.4
                0x0000cf10       0x2f /usr/lib/gcc/arm-none-eabi/13.2.1/../../../arm-none-eabi/lib/thumb/v7e-m+fp/hard/libc.a(libc_a-vfiprintf.o)
 .rodata        0x0000cf10       0x20 /usr/lib/gcc/arm-none-eabi/13.2.1/../../../arm-none-eabi/lib/thumb/v7e-m+fp/hard/libc.a(libc_a-vfiprintf.o)
 *(.eh_frame*)
 .eh_frame      0x0000cf30        0x0 /usr/lib/gcc/arm-none-eabi/13.2.1/thumb/v7e-m+fp/hard/crtbegin.o
 .eh_frame      0x0000cf30       0x34 /usr/lib/gcc/arm-none-eabi/13.2.1/../../../arm-none-eabi/lib/thumb/v7e-m+fp/hard/libc.a(libc_a-strlen.o)
 .eh_frame      0x0000cf64       0x2c /usr/lib/gcc/arm-none-eabi/13.2.1/../../../arm-none-eabi/lib/thumb/v7e-m+fp/hard/libc.a(libc_a-memcpy.o)
 .eh_frame      0x0000cf90       0x50 /usr/lib/gcc/arm-none-eabi/13.2.1/../../../arm-none-eabi/lib/thumb/v7e-m+fp/hard/libc.a(libc_a-memchr.o)
 .eh_frame      0x0000cfe0        0x4 /usr/lib/gcc/arm-none-eabi/13.2.1/thumb/v7e-m+fp/hard/crtend.o

.glue_7         0x0000cfe4        0x0
 .glue_7        0x0000cfe4        0x0 linker stubs

.glue_7t        0x0000cfe4        0x0
 .glue_7t       0x0000cfe4        0x0 linker stubs

.vfp11_veneer   0x0000cfe4        0x0
 .vfp11_veneer  0x0000cfe4        0x0 linker stubs

.v4_bx          0x0000cfe4        0x0
 .v4_bx         0x0000cfe4        0x0 linker stubs

.iplt           0x0000cfe4        0x0
 .iplt          0x0000cfe4        0x0 /usr/lib/gcc/arm-none-eabi/13.2.1/thumb/v7e-m+fp/hard/crtbegin.o

.pwr_mgmt_data  0x0000cfe4        0x0
                0x0000cfe4                        PROVIDE (__start_pwr_mgmt_data = .)
 *(SORT_BY_NAME(.pwr_mgmt_data*))
                0x0000cfe4                        PROVIDE (__stop_pwr_mgmt_data = .)

.log_const_data
                0x0000cfe4       0x68
                0x0000cfe4                        PROVIDE (__start_log_const_data = .)
 *(SORT_BY_NAME(.log_const_data*))
 .log_const_data_CLOCK
                0x0000cfe4        0x8 ../lilybuzzer/_build/nrfx_clock.o
                0x0000cfe4                m_nrf_log_CLOCK_logs_data_const
 .log_const_data_GPIOTE
                0x0000cfec        0x8 ../lilybuzzer/_build/nrfx_gpiote.o
                0x0000cfec                m_nrf_log_GPIOTE_logs_data_const
 .log_const_data_PRS
                0x0000cff4        0x8 ../lilybuzzer/_build/nrfx_prs.o
                0x0000cff4                m_nrf_log_PRS_logs_data_const
 .log_const_data_PWM
                0x0000cffc        0x8 ../lilybuzzer/_build/nrfx_pwm.o
                0x0000cffc                m_nrf_log_PWM_logs_data_const
 .log_const_data_SAADC
                0x0000d004        0x8 ../lilybuzzer/_build/nrfx_saadc.o
                0x0000d004                m_nrf_log_SAADC_logs_data_const
 .log_const_data_SPIM
                0x0000d00c        0x8 ../lilybuzzer/_build/nrfx_spim.o
                0x0000d00c                m_nrf_log_SPIM_logs_data_const
 .log_const_data_TIMER
                0x0000d014        0x8 ../lilybuzzer/_build/nrfx_timer.o
                0x0000d014                m_nrf_log_TIMER_logs_data_const
 .log_const_data_TWIM
                0x0000d01c        0x8 ../lilybuzzer/_build/nrfx_twim.o
                0x0000d01c                m_nrf_log_TWIM_logs_data_const
 .log_const_data_UART
                0x0000d024        0x8 ../lilybuzzer/_build/nrfx_uart.o
                0x0000d024                m_nrf_log_UART_logs_data_const
 .log_const_data_UARTE
                0x0000d02c        0x8 ../lilybuzzer/_build/nrfx_uarte.o
                0x0000d02c                m_nrf_log_UARTE_logs_data_const
 .log_const_data_app
                0x0000d034        0x8 ../lilybuzzer/_build/nrf_log_frontend.o
                0x0000d034                m_nrf_log_app_logs_data_const
 .log_const_data_clock
                0x0000d03c        0x8 ../lilybuzzer/_build/nrf_drv_clock.o
                0x0000d03c                m_nrf_log_clock_logs_data_const
 .log_const_data_pwr_mgmt
                0x0000d044        0x8 ../lilybuzzer/_build/nrf_pwr_mgmt.o
                0x0000d044                m_nrf_log_pwr_mgmt_logs_data_const
                0x0000d04c                        PROVIDE (__stop_log_const_data = .)

.nrf_balloc     0x0000d04c       0x14
                [!provide]                        PROVIDE (__start_nrf_balloc = .)
 *(.nrf_balloc)
 .nrf_balloc    0x0000d04c       0x14 ../lilybuzzer/_build/nrf_log_frontend.o
                0x0000d04c                log_mempool
                [!provide]                        PROVIDE (__stop_nrf_balloc = .)

.nrf_queue      0x0000d060       0x14
                [!provide]                        PROVIDE (__start_nrf_queue = .)
 *(.nrf_queue)
 .nrf_queue     0x0000d060       0x14 _build/main.o
                0x0000d060                twi_mngr_instance_queue
                [!provide]                        PROVIDE (__stop_nrf_queue = .)

.log_backends   0x0000d074       0x10
 .log_backends  0x0000d074       0x10 ../lilybuzzer/_build/nrf_log_default_backends.o

.cli_command    0x0000d084        0x0
                [!provide]                        PROVIDE (__start_cli_command = .)
 *(.cli_command)
                [!provide]                        PROVIDE (__stop_cli_command = .)

.sdh_stack_observers
                0x0000d084        0x0
                [!provide]                        PROVIDE (__start_sdh_stack_observers = .)
 *(SORT_BY_NAME(.sdh_stack_observers*))
                [!provide]                        PROVIDE (__stop_sdh_stack_observers = .)

.sdh_req_observers
                0x0000d084        0x0
                [!provide]                        PROVIDE (__start_sdh_req_observers = .)
 *(SORT_BY_NAME(.sdh_req_observers*))
                [!provide]                        PROVIDE (__stop_sdh_req_observers = .)

.sdh_state_observers
                0x0000d084        0x0
                [!provide]                        PROVIDE (__start_sdh_state_observers = .)
 *(SORT_BY_NAME(.sdh_state_observers*))
                [!provide]                        PROVIDE (__stop_sdh_state_observers = .)

.sdh_ant_observers
                0x0000d084        0x0
                [!provide]                        PROVIDE (__start_sdh_ant_observers = .)
 *(SORT_BY_NAME(.sdh_ant_observers*))
                [!provide]                        PROVIDE (__stop_sdh_ant_observers = .)

.sdh_ble_observers
                0x0000d084        0x0
                [!provide]                        PROVIDE (__start_sdh_ble_observers = .)
 *(SORT_BY_NAME(.sdh_ble_observers*))
                [!provide]                        PROVIDE (__stop_sdh_ble_observers = .)

.sdh_soc_observers
                0x0000d084        0x0
                [!provide]                        PROVIDE (__start_sdh_soc_observers = .)
 *(SORT_BY_NAME(.sdh_soc_observers*))
                [!provide]                        PROVIDE (__stop_sdh_soc_observers = .)

.crypto_data    0x0000d084        0x0
                [!provide]                        PROVIDE (__start_crypto_data = .)
 *(SORT_BY_NAME(.crypto_data*))
                [!provide]                        PROVIDE (__stop_crypto_data = .)

.ARM.extab
 *(.ARM.extab* .gnu.linkonce.armextab.*)
                0x0000d084                        __exidx_start = .

.ARM.exidx      0x0000d084        0x8
 *(.ARM.exidx* .gnu.linkonce.armexidx.*)
 .ARM.exidx     0x0000d084        0x8 /usr/lib/gcc/arm-none-eabi/13.2.1/../../../arm-none-eabi/lib/thumb/v7e-m+fp/hard/crt0.o
                                 0x10 (size before relaxing)
 .ARM.exidx     0x0000d08c        0x0 /usr/lib/gcc/arm-none-eabi/13.2.1/../../../arm-none-eabi/lib/thumb/v7e-m+fp/hard/libc.a(libc_a-strlen.o)
                                  0x8 (size before relaxing)
 .ARM.exidx     0x0000d08c        0x0 /usr/lib/gcc/arm-none-eabi/13.2.1/../../../arm-none-eabi/lib/thumb/v7e-m+fp/hard/libc.a(libc_a-memcpy.o)
                                  0x8 (size before relaxing)
 .ARM.exidx     0x0000d08c        0x0 /usr/lib/gcc/arm-none-eabi/13.2.1/../../../arm-none-eabi/lib/thumb/v7e-m+fp/hard/libc.a(libc_a-memchr.o)
                                  0x8 (size before relaxing)
                0x0000d08c                        __exidx_end = .
                0x0000d08c                        __etext = .

.rel.dyn        0x0000d08c        0x0
 .rel.iplt      0x0000d08c        0x0 /usr/lib/gcc/arm-none-eabi/13.2.1/thumb/v7e-m+fp/hard/crtbegin.o

.data           0x20000000      0x6fc load address 0x0000d08c
                0x20000000                        __data_start__ = .
 *(vtable)
 *(.data*)
 .data.string_to_play
                0x20000000        0x4 _build/lilybuzzer.o
                0x20000000                string_to_play
 .data.pwm_sequence
                0x20000004       0x10 _build/lilybuzzer.o
                0x20000004                pwm_sequence
 .data.m_uart   0x20000014       0x14 ../lilybuzzer/_build/microbit_nrf_log_backend_uart.o
                0x20000014                m_uart
 .data.log_backend_cb_uart_log_backend
                0x20000028        0x8 ../lilybuzzer/_build/nrf_log_default_backends.o
 .data.SystemCoreClock
                0x20000030        0x4 ../lilybuzzer/_build/system_nrf52833.o
                0x20000030                SystemCoreClock
 *fill*         0x20000034        0x4 
 .data          0x20000038      0x128 /usr/lib/gcc/arm-none-eabi/13.2.1/../../../arm-none-eabi/lib/thumb/v7e-m+fp/hard/libc.a(libc_a-impure.o)
                0x20000038                _impure_ptr
                0x20000040                _impure_data
 .data          0x20000160        0xc /usr/lib/gcc/arm-none-eabi/13.2.1/../../../arm-none-eabi/lib/thumb/v7e-m+fp/hard/libc.a(libc_a-findfp.o)
                0x20000160                __sglue
 *fill*         0x2000016c        0x4 
 .data          0x20000170      0x410 /usr/lib/gcc/arm-none-eabi/13.2.1/../../../arm-none-eabi/lib/thumb/v7e-m+fp/hard/libc.a(libc_a-mallocr.o)
                0x20000170                __malloc_av_
                0x20000578                __malloc_sbrk_base
                0x2000057c                __malloc_trim_threshold
 .data          0x20000580      0x16c /usr/lib/gcc/arm-none-eabi/13.2.1/../../../arm-none-eabi/lib/thumb/v7e-m+fp/hard/libc.a(libc_a-locale.o)
                0x20000580                __global_locale
                0x200006ec                        . = ALIGN (0x4)
                0x200006ec                        PROVIDE (__preinit_array_start = .)
 *(.preinit_array)
                0x200006ec                        PROVIDE (__preinit_array_end = .)
                0x200006ec                        . = ALIGN (0x4)
                0x200006ec                        PROVIDE (__init_array_start = .)
 *(SORT_BY_NAME(.init_array.*))
 .init_array.00000
                0x200006ec        0x4 /usr/lib/gcc/arm-none-eabi/13.2.1/../../../arm-none-eabi/lib/thumb/v7e-m+fp/hard/libc.a(libc_a-__call_atexit.o)
 *(.init_array)
 .init_array    0x200006f0        0x4 /usr/lib/gcc/arm-none-eabi/13.2.1/thumb/v7e-m+fp/hard/crtbegin.o
 .init_array    0x200006f4        0x4 ../lilybuzzer/_build/microbit_before_startup.o
                0x200006f8                        PROVIDE (__init_array_end = .)
                0x200006f8                        . = ALIGN (0x4)
                0x200006f8                        PROVIDE (__fini_array_start = .)
 *(SORT_BY_NAME(.fini_array.*))
 *(.fini_array)
 .fini_array    0x200006f8        0x4 /usr/lib/gcc/arm-none-eabi/13.2.1/thumb/v7e-m+fp/hard/crtbegin.o
                0x200006fc                        PROVIDE (__fini_array_end = .)
 *(.jcr*)
                0x200006fc                        . = ALIGN (0x4)
                0x200006fc                        __data_end__ = .
LOAD /usr/lib/gcc/arm-none-eabi/13.2.1/thumb/v7e-m+fp/hard/crti.o
LOAD /usr/lib/gcc/arm-none-eabi/13.2.1/thumb/v7e-m+fp/hard/crtbegin.o
LOAD /usr/lib/gcc/arm-none-eabi/13.2.1/../../../arm-none-eabi/lib/thumb/v7e-m+fp/hard/crt0.o
START GROUP
LOAD _build/main.o
LOAD _build/sx1509.o
LOAD _build/lilybuzzer.o
LOAD _build/keypad.o
LOAD _build/nrf_block_dev_ram.o
LOAD _build/nrf_block_dev_qspi.o
LOAD _build/nrf_serial_flash_params.o
LOAD ../lilybuzzer/_build/better_error_handling.o
LOAD ../lilybuzzer/_build/microbit_before_startup.o
LOAD ../lilybuzzer/_build/microbit_nrf_log_backend_uart.o
LOAD ../lilybuzzer/_build/microbit_retarget.o
LOAD ../lilybuzzer/_build/app_error_handler_gcc.o
LOAD ../lilybuzzer/_build/app_fifo.o
LOAD ../lilybuzzer/_build/app_scheduler.o
LOAD ../lilybuzzer/_build/app_timer.o
LOAD ../lilybuzzer/_build/app_uart_fifo.o
LOAD ../lilybuzzer/_build/app_util_platform.o
LOAD ../lilybuzzer/_build/hardfault_handler_gcc.o
LOAD ../lilybuzzer/_build/nrf_assert.o
LOAD ../lilybuzzer/_build/nrf_atomic.o
LOAD ../lilybuzzer/_build/nrf_balloc.o
LOAD ../lilybuzzer/_build/nrf_drv_clock.o
LOAD ../lilybuzzer/_build/nrf_drv_twi.o
LOAD ../lilybuzzer/_build/nrf_drv_uart.o
LOAD ../lilybuzzer/_build/nrf_fprintf.o
LOAD ../lilybuzzer/_build/nrf_fprintf_format.o
LOAD ../lilybuzzer/_build/nrf_log_backend_rtt.o
LOAD ../lilybuzzer/_build/nrf_log_backend_serial.o
LOAD ../lilybuzzer/_build/nrf_log_default_backends.o
LOAD ../lilybuzzer/_build/nrf_log_frontend.o
LOAD ../lilybuzzer/_build/nrf_log_str_formatter.o
LOAD ../lilybuzzer/_build/nrf_memobj.o
LOAD ../lilybuzzer/_build/nrf_nvmc.o
LOAD ../lilybuzzer/_build/nrf_pwr_mgmt.o
LOAD ../lilybuzzer/_build/nrf_queue.o
LOAD ../lilybuzzer/_build/nrf_ringbuf.o
LOAD ../lilybuzzer/_build/nrf_sdh.o
LOAD ../lilybuzzer/_build/nrf_section_iter.o
LOAD ../lilybuzzer/_build/nrf_serial.o
LOAD ../lilybuzzer/_build/nrf_strerror.o
LOAD ../lilybuzzer/_build/nrf_twi_mngr.o
LOAD ../lilybuzzer/_build/nrfx_clock.o
LOAD ../lilybuzzer/_build/nrfx_gpiote.o
LOAD ../lilybuzzer/_build/nrfx_ppi.o
LOAD ../lilybuzzer/_build/nrfx_prs.o
LOAD ../lilybuzzer/_build/nrfx_pwm.o
LOAD ../lilybuzzer/_build/nrfx_saadc.o
LOAD ../lilybuzzer/_build/nrfx_spim.o
LOAD ../lilybuzzer/_build/nrfx_timer.o
LOAD ../lilybuzzer/_build/nrfx_twi.o
LOAD ../lilybuzzer/_build/nrfx_twim.o
LOAD ../lilybuzzer/_build/nrfx_uart.o
LOAD ../lilybuzzer/_build/nrfx_uarte.o
LOAD ../lilybuzzer/_build/system_nrf52833.o
LOAD ../lilybuzzer/_build/app_error_weak.o
LOAD ../lilybuzzer/_build/gcc_startup_nrf52833.os
LOAD /usr/lib/gcc/arm-none-eabi/13.2.1/../../../arm-none-eabi/lib/thumb/v7e-m+fp/hard/libc.a
LOAD /usr/lib/gcc/arm-none-eabi/13.2.1/../../../arm-none-eabi/lib/thumb/v7e-m+fp/hard/libnosys.a
LOAD /usr/lib/gcc/arm-none-eabi/13.2.1/../../../arm-none-eabi/lib/thumb/v7e-m+fp/hard/libm.a
LOAD /usr/lib/gcc/arm-none-eabi/13.2.1/../../../arm-none-eabi/lib/thumb/v7e-m+fp/hard/libstdc++.a
END GROUP
START GROUP
LOAD /usr/lib/gcc/arm-none-eabi/13.2.1/thumb/v7e-m+fp/hard/libgcc.a
LOAD /usr/lib/gcc/arm-none-eabi/13.2.1/../../../arm-none-eabi/lib/thumb/v7e-m+fp/hard/libc.a
END GROUP
LOAD /usr/lib/gcc/arm-none-eabi/13.2.1/thumb/v7e-m+fp/hard/crtend.o
LOAD /usr/lib/gcc/arm-none-eabi/13.2.1/thumb/v7e-m+fp/hard/crtn.o
START GROUP
LOAD /usr/lib/gcc/arm-none-eabi/13.2.1/thumb/v7e-m+fp/hard/libgcc.a
LOAD /usr/lib/gcc/arm-none-eabi/13.2.1/../../../arm-none-eabi/lib/thumb/v7e-m+fp/hard/libc.a
LOAD /usr/lib/gcc/arm-none-eabi/13.2.1/../../../arm-none-eabi/lib/thumb/v7e-m+fp/hard/libnosys.a
END GROUP
                0x00001000                        FLASH_PAGE_SIZE = 0x1000
                0x00000004                        FLASH_DATA_PAGES_USED = 0x4

.tm_clone_table
                0x200006fc        0x0 load address 0x0000d788
 .tm_clone_table
                0x200006fc        0x0 /usr/lib/gcc/arm-none-eabi/13.2.1/thumb/v7e-m+fp/hard/crtbegin.o
 .tm_clone_table
                0x200006fc        0x0 /usr/lib/gcc/arm-none-eabi/13.2.1/thumb/v7e-m+fp/hard/crtend.o

.igot.plt       0x200006fc        0x0 load address 0x0000d788
 .igot.plt      0x200006fc        0x0 /usr/lib/gcc/arm-none-eabi/13.2.1/thumb/v7e-m+fp/hard/crtbegin.o
                0x200006fc                        . = ALIGN (0x4)

.svc_data       0x200006fc        0x0
                [!provide]                        PROVIDE (__start_svc_data = .)
 *(.svc_data)
                [!provide]                        PROVIDE (__stop_svc_data = .)

.fs_data        0x200006fc        0x0
                [!provide]                        PROVIDE (__start_fs_data = .)
 *(.fs_data)
                [!provide]                        PROVIDE (__stop_fs_data = .)

.log_dynamic_data
                0x200006fc        0x0
                0x200006fc                        PROVIDE (__start_log_dynamic_data = .)
 *(SORT_BY_NAME(.log_dynamic_data*))
                [!provide]                        PROVIDE (__stop_log_dynamic_data = .)

.cli_sorted_cmd_ptrs
                0x200006fc        0x0
                [!provide]                        PROVIDE (__start_cli_sorted_cmd_ptrs = .)
 *(.cli_sorted_cmd_ptrs)
                [!provide]                        PROVIDE (__stop_cli_sorted_cmd_ptrs = .)

.bss            0x200006fc      0xc7c load address 0x0000d788
                0x200006fc                        . = ALIGN (0x4)
                0x200006fc                        __bss_start__ = .
 *(.bss*)
 .bss           0x200006fc       0x1c /usr/lib/gcc/arm-none-eabi/13.2.1/thumb/v7e-m+fp/hard/crtbegin.o
 .bss.twi_mngr_instance_cb
                0x20000718       0x1c _build/main.o
 .bss.twi_mngr_instance_queue_nrf_queue_cb
                0x20000734        0xc _build/main.o
 .bss.twi_mngr_instance_queue_nrf_queue_buffer
                0x20000740        0x8 _build/main.o
 .bss.twi_mngr  0x20000748        0x4 _build/sx1509.o
 .bss.curr_symbol_index
                0x2000074c        0x1 _build/lilybuzzer.o
                0x2000074c                curr_symbol_index
 *fill*         0x2000074d        0x3 
 .bss.curr_char_index
                0x20000750        0x4 _build/lilybuzzer.o
                0x20000750                curr_char_index
 .bss.string_length
                0x20000754        0x4 _build/lilybuzzer.o
                0x20000754                string_length
 .bss.sequence_data
                0x20000758        0x2 _build/lilybuzzer.o
                0x20000758                sequence_data
 *fill*         0x2000075a        0x2 
 .bss.symbol_timer_data
                0x2000075c       0x20 _build/lilybuzzer.o
 .bss.key_prev  0x2000077c        0x1 _build/keypad.o
                0x2000077c                key_prev
 .bss.record_index
                0x2000077d        0x1 _build/keypad.o
                0x2000077d                record_index
 .bss.key_record
                0x2000077e        0xa _build/keypad.o
                0x2000077e                key_record
 .bss.keypad_scanning_timer_data
                0x20000788       0x20 _build/keypad.o
 .bss.m_async_mode
                0x200007a8        0x1 ../lilybuzzer/_build/microbit_nrf_log_backend_uart.o
 .bss.m_xfer_done
                0x200007a9        0x1 ../lilybuzzer/_build/microbit_nrf_log_backend_uart.o
 .bss.m_string_buff
                0x200007aa       0x40 ../lilybuzzer/_build/microbit_nrf_log_backend_uart.o
 .bss.m_rtc1_reset
                0x200007ea        0x1 ../lilybuzzer/_build/app_timer.o
 .bss.m_rtc1_running
                0x200007eb        0x1 ../lilybuzzer/_build/app_timer.o
 .bss.m_ticks_elapsed_q_write_ind
                0x200007ec        0x1 ../lilybuzzer/_build/app_timer.o
 .bss.m_ticks_elapsed_q_read_ind
                0x200007ed        0x1 ../lilybuzzer/_build/app_timer.o
 *fill*         0x200007ee        0x2 
 .bss.m_ticks_elapsed
                0x200007f0        0x8 ../lilybuzzer/_build/app_timer.o
 .bss.m_ticks_latest
                0x200007f8        0x4 ../lilybuzzer/_build/app_timer.o
 .bss.mp_timer_id_head
                0x200007fc        0x4 ../lilybuzzer/_build/app_timer.o
 .bss.m_op_queue
                0x20000800      0x10c ../lilybuzzer/_build/app_timer.o
 .bss.m_in_critical_region
                0x2000090c        0x4 ../lilybuzzer/_build/app_util_platform.o
 .bss.m_contexts
                0x20000910        0x8 ../lilybuzzer/_build/nrf_drv_twi.o
 .bss.m_handlers
                0x20000918        0x8 ../lilybuzzer/_build/nrf_drv_twi.o
 .bss.nrf_drv_uart_use_easy_dma
                0x20000920        0x2 ../lilybuzzer/_build/nrf_drv_uart.o
                0x20000920                nrf_drv_uart_use_easy_dma
 *fill*         0x20000922        0x2 
 .bss.m_contexts
                0x20000924        0x8 ../lilybuzzer/_build/nrf_drv_uart.o
 .bss.m_handlers
                0x2000092c        0x8 ../lilybuzzer/_build/nrf_drv_uart.o
 .bss.m_log_data
                0x20000934      0x424 ../lilybuzzer/_build/nrf_log_frontend.o
 .bss.m_log_push_ringbuf_cb
                0x20000d58       0x18 ../lilybuzzer/_build/nrf_log_frontend.o
 .bss.m_log_push_ringbuf_buf
                0x20000d70       0x80 ../lilybuzzer/_build/nrf_log_frontend.o
 .bss.log_mempool_nrf_balloc_cb
                0x20000df0        0x8 ../lilybuzzer/_build/nrf_log_frontend.o
 .bss.log_mempool_nrf_balloc_pool_mem
                0x20000df8       0xc0 ../lilybuzzer/_build/nrf_log_frontend.o
 .bss.log_mempool_nrf_balloc_pool_stack
                0x20000eb8        0x8 ../lilybuzzer/_build/nrf_log_frontend.o
 .bss.m_clock_cb
                0x20000ec0        0x8 ../lilybuzzer/_build/nrfx_clock.o
 .bss.m_cb      0x20000ec8       0x68 ../lilybuzzer/_build/nrfx_gpiote.o
 .bss.m_prs_box_4
                0x20000f30        0x8 ../lilybuzzer/_build/nrfx_prs.o
 .bss.m_cb      0x20000f38       0x10 ../lilybuzzer/_build/nrfx_pwm.o
 .bss.m_cb      0x20000f48       0x30 ../lilybuzzer/_build/nrfx_saadc.o
 .bss.m_cb      0x20000f78       0x24 ../lilybuzzer/_build/nrfx_spim.o
 .bss.m_cb      0x20000f9c       0x18 ../lilybuzzer/_build/nrfx_timer.o
 .bss.m_cb      0x20000fb4       0x68 ../lilybuzzer/_build/nrfx_twim.o
 .bss.m_cb      0x2000101c       0x2c ../lilybuzzer/_build/nrfx_uart.o
 .bss.m_cb      0x20001048       0x24 ../lilybuzzer/_build/nrfx_uarte.o
 .bss           0x2000106c      0x13c /usr/lib/gcc/arm-none-eabi/13.2.1/../../../arm-none-eabi/lib/thumb/v7e-m+fp/hard/libc.a(libc_a-findfp.o)
                0x2000106c                __sf
                0x200011a4                __stdio_exit_handler
 .bss           0x200011a8       0x34 /usr/lib/gcc/arm-none-eabi/13.2.1/../../../arm-none-eabi/lib/thumb/v7e-m+fp/hard/libc.a(libc_a-mallocr.o)
                0x200011a8                __malloc_top_pad
                0x200011ac                __malloc_current_mallinfo
                0x200011d4                __malloc_max_sbrked_mem
                0x200011d8                __malloc_max_total_mem
 .bss           0x200011dc        0x4 /usr/lib/gcc/arm-none-eabi/13.2.1/../../../arm-none-eabi/lib/thumb/v7e-m+fp/hard/libc.a(libc_a-__call_atexit.o)
                0x200011dc                __atexit
 .bss           0x200011e0      0x190 /usr/lib/gcc/arm-none-eabi/13.2.1/../../../arm-none-eabi/lib/thumb/v7e-m+fp/hard/libc.a(libc_a-__atexit.o)
                0x200011e0                __atexit0
 .bss           0x20001370        0x4 /usr/lib/gcc/arm-none-eabi/13.2.1/../../../arm-none-eabi/lib/thumb/v7e-m+fp/hard/libc.a(libc_a-reent.o)
                0x20001370                errno
 .bss           0x20001374        0x4 /usr/lib/gcc/arm-none-eabi/13.2.1/../../../arm-none-eabi/lib/thumb/v7e-m+fp/hard/libnosys.a(sbrk.o)
 *(COMMON)
                0x20001378                        . = ALIGN (0x4)
                0x20001378                        __bss_end__ = .

.heap           0x20001378     0x2000
                0x20001378                        __HeapBase = .
                0x20001378                        __end__ = .
                0x20001378                        PROVIDE (end = .)
 *(.heap*)
 .heap          0x20001378     0x2000 ../lilybuzzer/_build/gcc_startup_nrf52833.os
                0x20003378                        __HeapLimit = .

.stack_dummy    0x20001378     0x2000
 *(.stack*)
 .stack         0x20001378     0x2000 ../lilybuzzer/_build/gcc_startup_nrf52833.os
                0x20020000                        __StackTop = (ORIGIN (RAM) + LENGTH (RAM))
                0x2001e000                        __StackLimit = (__StackTop - SIZEOF (.stack_dummy))
                0x20020000                        PROVIDE (__stack = __StackTop)
                0x00000001                        ASSERT ((__StackLimit >= __HeapLimit), region RAM overflowed with stack)
                0x000006fc                        DataInitFlashUsed = (__bss_start__ - __data_start__)
                0x0000d08c                        CodeFlashUsed = (__etext - ORIGIN (FLASH))
                0x0000d788                        TotalFlashUsed = (CodeFlashUsed + DataInitFlashUsed)
                0x00000001                        ASSERT ((TotalFlashUsed <= LENGTH (FLASH)), region FLASH overflowed with .data and user data)
OUTPUT(_build/morse_code_puzzle_sdk16_blank.elf elf32-littlearm)
LOAD linker stubs

.ARM.attributes
                0x00000000       0x30
 .ARM.attributes
                0x00000000       0x22 /usr/lib/gcc/arm-none-eabi/13.2.1/thumb/v7e-m+fp/hard/crti.o
 .ARM.attributes
                0x00000022       0x34 /usr/lib/gcc/arm-none-eabi/13.2.1/thumb/v7e-m+fp/hard/crtbegin.o
 .ARM.attributes
                0x00000056       0x20 /usr/lib/gcc/arm-none-eabi/13.2.1/../../../arm-none-eabi/lib/thumb/v7e-m+fp/hard/crt0.o
 .ARM.attributes
                0x00000076       0x34 _build/main.o
 .ARM.attributes
                0x000000aa       0x34 _build/sx1509.o
 .ARM.attributes
                0x000000de       0x34 _build/lilybuzzer.o
 .ARM.attributes
                0x00000112       0x34 _build/keypad.o
 .ARM.attributes
                0x00000146       0x34 ../lilybuzzer/_build/better_error_handling.o
 .ARM.attributes
                0x0000017a       0x34 ../lilybuzzer/_build/microbit_before_startup.o
 .ARM.attributes
                0x000001ae       0x34 ../lilybuzzer/_build/microbit_nrf_log_backend_uart.o
 .ARM.attributes
                0x000001e2       0x34 ../lilybuzzer/_build/microbit_retarget.o
 .ARM.attributes
                0x00000216       0x34 ../lilybuzzer/_build/app_error_handler_gcc.o
 .ARM.attributes
                0x0000024a       0x34 ../lilybuzzer/_build/app_timer.o
 .ARM.attributes
                0x0000027e       0x34 ../lilybuzzer/_build/app_util_platform.o
 .ARM.attributes
                0x000002b2       0x34 ../lilybuzzer/_build/hardfault_handler_gcc.o
 .ARM.attributes
                0x000002e6       0x34 ../lilybuzzer/_build/nrf_assert.o
 .ARM.attributes
                0x0000031a       0x34 ../lilybuzzer/_build/nrf_atomic.o
 .ARM.attributes
                0x0000034e       0x34 ../lilybuzzer/_build/nrf_balloc.o
 .ARM.attributes
                0x00000382       0x34 ../lilybuzzer/_build/nrf_drv_clock.o
 .ARM.attributes
                0x000003b6       0x34 ../lilybuzzer/_build/nrf_drv_twi.o
 .ARM.attributes
                0x000003ea       0x34 ../lilybuzzer/_build/nrf_drv_uart.o
 .ARM.attributes
                0x0000041e       0x34 ../lilybuzzer/_build/nrf_fprintf.o
 .ARM.attributes
                0x00000452       0x34 ../lilybuzzer/_build/nrf_fprintf_format.o
 .ARM.attributes
                0x00000486       0x34 ../lilybuzzer/_build/nrf_log_backend_serial.o
 .ARM.attributes
                0x000004ba       0x34 ../lilybuzzer/_build/nrf_log_default_backends.o
 .ARM.attributes
                0x000004ee       0x34 ../lilybuzzer/_build/nrf_log_frontend.o
 .ARM.attributes
                0x00000522       0x34 ../lilybuzzer/_build/nrf_log_str_formatter.o
 .ARM.attributes
                0x00000556       0x34 ../lilybuzzer/_build/nrf_memobj.o
 .ARM.attributes
                0x0000058a       0x34 ../lilybuzzer/_build/nrf_pwr_mgmt.o
 .ARM.attributes
                0x000005be       0x34 ../lilybuzzer/_build/nrf_queue.o
 .ARM.attributes
                0x000005f2       0x34 ../lilybuzzer/_build/nrf_ringbuf.o
 .ARM.attributes
                0x00000626       0x34 ../lilybuzzer/_build/nrf_strerror.o
 .ARM.attributes
                0x0000065a       0x34 ../lilybuzzer/_build/nrf_twi_mngr.o
 .ARM.attributes
                0x0000068e       0x34 ../lilybuzzer/_build/nrfx_clock.o
 .ARM.attributes
                0x000006c2       0x34 ../lilybuzzer/_build/nrfx_gpiote.o
 .ARM.attributes
                0x000006f6       0x34 ../lilybuzzer/_build/nrfx_prs.o
 .ARM.attributes
                0x0000072a       0x34 ../lilybuzzer/_build/nrfx_pwm.o
 .ARM.attributes
                0x0000075e       0x34 ../lilybuzzer/_build/nrfx_saadc.o
 .ARM.attributes
                0x00000792       0x34 ../lilybuzzer/_build/nrfx_spim.o
 .ARM.attributes
                0x000007c6       0x34 ../lilybuzzer/_build/nrfx_timer.o
 .ARM.attributes
                0x000007fa       0x34 ../lilybuzzer/_build/nrfx_twim.o
 .ARM.attributes
                0x0000082e       0x34 ../lilybuzzer/_build/nrfx_uart.o
 .ARM.attributes
                0x00000862       0x34 ../lilybuzzer/_build/nrfx_uarte.o
 .ARM.attributes
                0x00000896       0x34 ../lilybuzzer/_build/system_nrf52833.o
 .ARM.attributes
                0x000008ca       0x1c ../lilybuzzer/_build/gcc_startup_nrf52833.os
 .ARM.attributes
                0x000008e6       0x1c /usr/lib/gcc/arm-none-eabi/13.2.1/../../../arm-none-eabi/lib/thumb/v7e-m+fp/hard/libc.a(libc_a-strlen.o)
 .ARM.attributes
                0x00000902       0x34 /usr/lib/gcc/arm-none-eabi/13.2.1/../../../arm-none-eabi/lib/thumb/v7e-m+fp/hard/libc.a(libc_a-memset.o)
 .ARM.attributes
                0x00000936       0x34 /usr/lib/gcc/arm-none-eabi/13.2.1/../../../arm-none-eabi/lib/thumb/v7e-m+fp/hard/libc.a(libc_a-impure.o)
 .ARM.attributes
                0x0000096a       0x34 /usr/lib/gcc/arm-none-eabi/13.2.1/../../../arm-none-eabi/lib/thumb/v7e-m+fp/hard/libc.a(libc_a-setbuf.o)
 .ARM.attributes
                0x0000099e       0x34 /usr/lib/gcc/arm-none-eabi/13.2.1/../../../arm-none-eabi/lib/thumb/v7e-m+fp/hard/libc.a(libc_a-memcmp.o)
 .ARM.attributes
                0x000009d2       0x20 /usr/lib/gcc/arm-none-eabi/13.2.1/../../../arm-none-eabi/lib/thumb/v7e-m+fp/hard/libc.a(libc_a-memcpy.o)
 .ARM.attributes
                0x000009f2       0x34 /usr/lib/gcc/arm-none-eabi/13.2.1/../../../arm-none-eabi/lib/thumb/v7e-m+fp/hard/libc.a(libc_a-init.o)
 .ARM.attributes
                0x00000a26       0x34 /usr/lib/gcc/arm-none-eabi/13.2.1/../../../arm-none-eabi/lib/thumb/v7e-m+fp/hard/libc.a(libc_a-findfp.o)
 .ARM.attributes
                0x00000a5a       0x34 /usr/lib/gcc/arm-none-eabi/13.2.1/../../../arm-none-eabi/lib/thumb/v7e-m+fp/hard/libc.a(libc_a-exit.o)
 .ARM.attributes
                0x00000a8e       0x34 /usr/lib/gcc/arm-none-eabi/13.2.1/../../../arm-none-eabi/lib/thumb/v7e-m+fp/hard/libc.a(libc_a-ctype_.o)
 .ARM.attributes
                0x00000ac2       0x34 /usr/lib/gcc/arm-none-eabi/13.2.1/../../../arm-none-eabi/lib/thumb/v7e-m+fp/hard/libc.a(libc_a-atexit.o)
 .ARM.attributes
                0x00000af6       0x34 /usr/lib/gcc/arm-none-eabi/13.2.1/../../../arm-none-eabi/lib/thumb/v7e-m+fp/hard/libc.a(libc_a-printf.o)
 .ARM.attributes
                0x00000b2a       0x34 /usr/lib/gcc/arm-none-eabi/13.2.1/../../../arm-none-eabi/lib/thumb/v7e-m+fp/hard/libc.a(libc_a-fini.o)
 .ARM.attributes
                0x00000b5e       0x34 /usr/lib/gcc/arm-none-eabi/13.2.1/../../../arm-none-eabi/lib/thumb/v7e-m+fp/hard/libc.a(libc_a-fwalk.o)
 .ARM.attributes
                0x00000b92       0x34 /usr/lib/gcc/arm-none-eabi/13.2.1/../../../arm-none-eabi/lib/thumb/v7e-m+fp/hard/libc.a(libc_a-vfprintf.o)
 .ARM.attributes
                0x00000bc6       0x1c /usr/lib/gcc/arm-none-eabi/13.2.1/../../../arm-none-eabi/lib/thumb/v7e-m+fp/hard/libc.a(libc_a-memchr.o)
 .ARM.attributes
                0x00000be2       0x34 /usr/lib/gcc/arm-none-eabi/13.2.1/../../../arm-none-eabi/lib/thumb/v7e-m+fp/hard/libc.a(libc_a-fflush.o)
 .ARM.attributes
                0x00000c16       0x34 /usr/lib/gcc/arm-none-eabi/13.2.1/../../../arm-none-eabi/lib/thumb/v7e-m+fp/hard/libc.a(libc_a-setvbuf.o)
 .ARM.attributes
                0x00000c4a       0x34 /usr/lib/gcc/arm-none-eabi/13.2.1/../../../arm-none-eabi/lib/thumb/v7e-m+fp/hard/libc.a(libc_a-mallocr.o)
 .ARM.attributes
                0x00000c7e       0x34 /usr/lib/gcc/arm-none-eabi/13.2.1/../../../arm-none-eabi/lib/thumb/v7e-m+fp/hard/libc.a(libc_a-dtoa.o)
 .ARM.attributes
                0x00000cb2       0x34 /usr/lib/gcc/arm-none-eabi/13.2.1/../../../arm-none-eabi/lib/thumb/v7e-m+fp/hard/libc.a(libc_a-wsetup.o)
 .ARM.attributes
                0x00000ce6       0x34 /usr/lib/gcc/arm-none-eabi/13.2.1/../../../arm-none-eabi/lib/thumb/v7e-m+fp/hard/libc.a(libc_a-freer.o)
 .ARM.attributes
                0x00000d1a       0x34 /usr/lib/gcc/arm-none-eabi/13.2.1/../../../arm-none-eabi/lib/thumb/v7e-m+fp/hard/libc.a(libc_a-fclose.o)
 .ARM.attributes
                0x00000d4e       0x34 /usr/lib/gcc/arm-none-eabi/13.2.1/../../../arm-none-eabi/lib/thumb/v7e-m+fp/hard/libc.a(libc_a-__call_atexit.o)
 .ARM.attributes
                0x00000d82       0x34 /usr/lib/gcc/arm-none-eabi/13.2.1/../../../arm-none-eabi/lib/thumb/v7e-m+fp/hard/libc.a(libc_a-malloc.o)
 .ARM.attributes
                0x00000db6       0x34 /usr/lib/gcc/arm-none-eabi/13.2.1/../../../arm-none-eabi/lib/thumb/v7e-m+fp/hard/libc.a(libc_a-sysconf.o)
 .ARM.attributes
                0x00000dea       0x34 /usr/lib/gcc/arm-none-eabi/13.2.1/../../../arm-none-eabi/lib/thumb/v7e-m+fp/hard/libc.a(libc_a-stdio.o)
 .ARM.attributes
                0x00000e1e       0x34 /usr/lib/gcc/arm-none-eabi/13.2.1/../../../arm-none-eabi/lib/thumb/v7e-m+fp/hard/libc.a(libc_a-__atexit.o)
 .ARM.attributes
                0x00000e52       0x34 /usr/lib/gcc/arm-none-eabi/13.2.1/../../../arm-none-eabi/lib/thumb/v7e-m+fp/hard/libc.a(libc_a-writer.o)
 .ARM.attributes
                0x00000e86       0x34 /usr/lib/gcc/arm-none-eabi/13.2.1/../../../arm-none-eabi/lib/thumb/v7e-m+fp/hard/libc.a(libc_a-mlock.o)
 .ARM.attributes
                0x00000eba       0x34 /usr/lib/gcc/arm-none-eabi/13.2.1/../../../arm-none-eabi/lib/thumb/v7e-m+fp/hard/libc.a(libc_a-sbrkr.o)
 .ARM.attributes
                0x00000eee       0x34 /usr/lib/gcc/arm-none-eabi/13.2.1/../../../arm-none-eabi/lib/thumb/v7e-m+fp/hard/libc.a(libc_a-closer.o)
 .ARM.attributes
                0x00000f22       0x34 /usr/lib/gcc/arm-none-eabi/13.2.1/../../../arm-none-eabi/lib/thumb/v7e-m+fp/hard/libc.a(libc_a-sprint_r.o)
 .ARM.attributes
                0x00000f56       0x34 /usr/lib/gcc/arm-none-eabi/13.2.1/../../../arm-none-eabi/lib/thumb/v7e-m+fp/hard/libc.a(libc_a-assert.o)
 .ARM.attributes
                0x00000f8a       0x34 /usr/lib/gcc/arm-none-eabi/13.2.1/../../../arm-none-eabi/lib/thumb/v7e-m+fp/hard/libc.a(libc_a-mprec.o)
 .ARM.attributes
                0x00000fbe       0x34 /usr/lib/gcc/arm-none-eabi/13.2.1/../../../arm-none-eabi/lib/thumb/v7e-m+fp/hard/libc.a(libc_a-localeconv.o)
 .ARM.attributes
                0x00000ff2       0x34 /usr/lib/gcc/arm-none-eabi/13.2.1/../../../arm-none-eabi/lib/thumb/v7e-m+fp/hard/libc.a(libc_a-makebuf.o)
 .ARM.attributes
                0x00001026       0x34 /usr/lib/gcc/arm-none-eabi/13.2.1/../../../arm-none-eabi/lib/thumb/v7e-m+fp/hard/libc.a(libc_a-locale.o)
 .ARM.attributes
                0x0000105a       0x34 /usr/lib/gcc/arm-none-eabi/13.2.1/../../../arm-none-eabi/lib/thumb/v7e-m+fp/hard/libc.a(libc_a-mbtowc_r.o)
 .ARM.attributes
                0x0000108e       0x34 /usr/lib/gcc/arm-none-eabi/13.2.1/../../../arm-none-eabi/lib/thumb/v7e-m+fp/hard/libc.a(libc_a-errno.o)
 .ARM.attributes
                0x000010c2       0x34 /usr/lib/gcc/arm-none-eabi/13.2.1/../../../arm-none-eabi/lib/thumb/v7e-m+fp/hard/libc.a(libc_a-abort.o)
 .ARM.attributes
                0x000010f6       0x34 /usr/lib/gcc/arm-none-eabi/13.2.1/../../../arm-none-eabi/lib/thumb/v7e-m+fp/hard/libc.a(libc_a-callocr.o)
 .ARM.attributes
                0x0000112a       0x34 /usr/lib/gcc/arm-none-eabi/13.2.1/../../../arm-none-eabi/lib/thumb/v7e-m+fp/hard/libc.a(libc_a-readr.o)
 .ARM.attributes
                0x0000115e       0x34 /usr/lib/gcc/arm-none-eabi/13.2.1/../../../arm-none-eabi/lib/thumb/v7e-m+fp/hard/libc.a(libc_a-fiprintf.o)
 .ARM.attributes
                0x00001192       0x34 /usr/lib/gcc/arm-none-eabi/13.2.1/../../../arm-none-eabi/lib/thumb/v7e-m+fp/hard/libc.a(libc_a-wctomb_r.o)
 .ARM.attributes
                0x000011c6       0x34 /usr/lib/gcc/arm-none-eabi/13.2.1/../../../arm-none-eabi/lib/thumb/v7e-m+fp/hard/libc.a(libc_a-lseekr.o)
 .ARM.attributes
                0x000011fa       0x34 /usr/lib/gcc/arm-none-eabi/13.2.1/../../../arm-none-eabi/lib/thumb/v7e-m+fp/hard/libc.a(libc_a-reent.o)
 .ARM.attributes