Archive member included to satisfy reference by file (symbol)

/usr/lib/gcc/arm-none-eabi/13.2.1/../../../arm-none-eabi/lib/thumb/v7e-m+fp/hard/libc.a(libc_a-strlen.o)
                              _build/nrf_fprintf_format.o (strlen)
/usr/lib/gcc/arm-none-eabi/13.2.1/../../../arm-none-eabi/lib/thumb/v7e-m+fp/hard/libc.a(libc_a-memset.o)
                              /usr/lib/gcc/arm-none-eabi/13.2.1/../../../arm-none-eabi/lib/thumb/v7e-m+fp/hard/crt0.o (memset)
/usr/lib/gcc/arm-none-eabi/13.2.1/../../../arm-none-eabi/lib/thumb/v7e-m+fp/hard/libc.a(libc_a-impure.o)
                              _build/microbit_before_startup.o (_impure_ptr)
/usr/lib/gcc/arm-none-eabi/13.2.1/../../../arm-none-eabi/lib/thumb/v7e-m+fp/hard/libc.a(libc_a-setbuf.o)
                              _build/microbit_before_startup.o (setbuf)
/usr/lib/gcc/arm-none-eabi/13.2.1/../../../arm-none-eabi/lib/thumb/v7e-m+fp/hard/libc.a(libc_a-memcmp.o)
                              _build/nrf_twi_mngr.o (memcmp)
/usr/lib/gcc/arm-none-eabi/13.2.1/../../../arm-none-eabi/lib/thumb/v7e-m+fp/hard/libc.a(libc_a-memcpy.o)
                              _build/app_scheduler.o (memcpy)
/usr/lib/gcc/arm-none-eabi/13.2.1/../../../arm-none-eabi/lib/thumb/v7e-m+fp/hard/libc.a(libc_a-init.o)
                              /usr/lib/gcc/arm-none-eabi/13.2.1/../../../arm-none-eabi/lib/thumb/v7e-m+fp/hard/crt0.o (__libc_init_array)
/usr/lib/gcc/arm-none-eabi/13.2.1/../../../arm-none-eabi/lib/thumb/v7e-m+fp/hard/libc.a(libc_a-findfp.o)
                              /usr/lib/gcc/arm-none-eabi/13.2.1/../../../arm-none-eabi/lib/thumb/v7e-m+fp/hard/libc.a(libc_a-impure.o) (__sf)
/usr/lib/gcc/arm-none-eabi/13.2.1/../../../arm-none-eabi/lib/thumb/v7e-m+fp/hard/libc.a(libc_a-exit.o)
                              /usr/lib/gcc/arm-none-eabi/13.2.1/../../../arm-none-eabi/lib/thumb/v7e-m+fp/hard/crt0.o (exit)
/usr/lib/gcc/arm-none-eabi/13.2.1/../../../arm-none-eabi/lib/thumb/v7e-m+fp/hard/libc.a(libc_a-ctype_.o)
                              _build/nrf_log_str_formatter.o (_ctype_)
/usr/lib/gcc/arm-none-eabi/13.2.1/../../../arm-none-eabi/lib/thumb/v7e-m+fp/hard/libc.a(libc_a-atexit.o)
                              /usr/lib/gcc/arm-none-eabi/13.2.1/../../../arm-none-eabi/lib/thumb/v7e-m+fp/hard/crt0.o (atexit)
/usr/lib/gcc/arm-none-eabi/13.2.1/../../../arm-none-eabi/lib/thumb/v7e-m+fp/hard/libc.a(libc_a-printf.o)
                              _build/main.o (printf)
/usr/lib/gcc/arm-none-eabi/13.2.1/../../../arm-none-eabi/lib/thumb/v7e-m+fp/hard/libc.a(libc_a-fini.o)
                              /usr/lib/gcc/arm-none-eabi/13.2.1/../../../arm-none-eabi/lib/thumb/v7e-m+fp/hard/crt0.o (__libc_fini_array)
/usr/lib/gcc/arm-none-eabi/13.2.1/../../../arm-none-eabi/lib/thumb/v7e-m+fp/hard/libc.a(libc_a-fwalk.o)
                              /usr/lib/gcc/arm-none-eabi/13.2.1/../../../arm-none-eabi/lib/thumb/v7e-m+fp/hard/libc.a(libc_a-findfp.o) (_fwalk_sglue)
/usr/lib/gcc/arm-none-eabi/13.2.1/../../../arm-none-eabi/lib/thumb/v7e-m+fp/hard/libc.a(libc_a-vfprintf.o)
                              /usr/lib/gcc/arm-none-eabi/13.2.1/../../../arm-none-eabi/lib/thumb/v7e-m+fp/hard/libc.a(libc_a-printf.o) (_vfprintf_r)
/usr/lib/gcc/arm-none-eabi/13.2.1/../../../arm-none-eabi/lib/thumb/v7e-m+fp/hard/libc.a(libc_a-memchr.o)
                              /usr/lib/gcc/arm-none-eabi/13.2.1/../../../arm-none-eabi/lib/thumb/v7e-m+fp/hard/libc.a(libc_a-vfprintf.o) (memchr)
/usr/lib/gcc/arm-none-eabi/13.2.1/../../../arm-none-eabi/lib/thumb/v7e-m+fp/hard/libc.a(libc_a-fflush.o)
                              /usr/lib/gcc/arm-none-eabi/13.2.1/../../../arm-none-eabi/lib/thumb/v7e-m+fp/hard/libc.a(libc_a-vfprintf.o) (_fflush_r)
/usr/lib/gcc/arm-none-eabi/13.2.1/../../../arm-none-eabi/lib/thumb/v7e-m+fp/hard/libc.a(libc_a-setvbuf.o)
                              /usr/lib/gcc/arm-none-eabi/13.2.1/../../../arm-none-eabi/lib/thumb/v7e-m+fp/hard/libc.a(libc_a-setbuf.o) (setvbuf)
/usr/lib/gcc/arm-none-eabi/13.2.1/../../../arm-none-eabi/lib/thumb/v7e-m+fp/hard/libc.a(libc_a-mallocr.o)
                              /usr/lib/gcc/arm-none-eabi/13.2.1/../../../arm-none-eabi/lib/thumb/v7e-m+fp/hard/libc.a(libc_a-findfp.o) (_malloc_r)
/usr/lib/gcc/arm-none-eabi/13.2.1/../../../arm-none-eabi/lib/thumb/v7e-m+fp/hard/libc.a(libc_a-dtoa.o)
                              /usr/lib/gcc/arm-none-eabi/13.2.1/../../../arm-none-eabi/lib/thumb/v7e-m+fp/hard/libc.a(libc_a-vfprintf.o) (_dtoa_r)
/usr/lib/gcc/arm-none-eabi/13.2.1/../../../arm-none-eabi/lib/thumb/v7e-m+fp/hard/libc.a(libc_a-wsetup.o)
                              /usr/lib/gcc/arm-none-eabi/13.2.1/../../../arm-none-eabi/lib/thumb/v7e-m+fp/hard/libc.a(libc_a-vfprintf.o) (__swsetup_r)
/usr/lib/gcc/arm-none-eabi/13.2.1/../../../arm-none-eabi/lib/thumb/v7e-m+fp/hard/libc.a(libc_a-freer.o)
                              /usr/lib/gcc/arm-none-eabi/13.2.1/../../../arm-none-eabi/lib/thumb/v7e-m+fp/hard/libc.a(libc_a-fflush.o) (_free_r)
[...]
Memory Configuration

Name             Origin             Length             Attributes
FLASH            0x00000000         0x00080000         xr
RAM              0x20000000         0x00020000         xrw
*default*        0x00000000         0xffffffff

Linker script and memory map

                0x0007f000                        __stop_ot_flash_data = ((ORIGIN (FLASH) + LENGTH (FLASH)) - FLASH_PAGE_SIZE)
                0x0007b000                        __start_ot_flash_data = (__stop_ot_flash_data - (FLASH_PAGE_SIZE * FLASH_DATA_PAGES_USED))
                0x00000001                        ASSERT ((__start_ot_flash_data >= (__etext + SIZEOF (.data))), Error: Code overlaps flash data area.)

.text           0x00000000     0xc044
 *(.isr_vector)
 .isr_vector    0x00000000      0x200 _build/gcc_startup_nrf52833.os
                0x00000000                __isr_vector
 *(.text*)
 .text          0x00000200       0x88 /usr/lib/gcc/arm-none-eabi/13.2.1/thumb/v7e-m+fp/hard/crtbegin.o
 .text          0x00000288       0x70 /usr/lib/gcc/arm-none-eabi/13.2.1/../../../arm-none-eabi/lib/thumb/v7e-m+fp/hard/crt0.o
                0x00000288                _stack_init
                0x00000290                _mainCRTStartup
                0x00000290                _start
 .text.lsm6dso_init
                0x000002f8        0x2 _build/LSM6DSO.o
                0x000002f8                lsm6dso_init
 *fill*         0x000002fa        0x2 
 .text.startup.main
                0x000002fc       0x94 _build/main.o
                0x000002fc                main
 .text.nrf_gpio_pin_port_decode
                0x00000390       0x30 _build/better_error_handling.o
 .text.nrf_gpio_pin_clear
                0x000003c0       0x1a _build/better_error_handling.o
 .text.nrf_gpio_pin_set
                0x000003da       0x1a _build/better_error_handling.o
 .text.nrf_delay_ms.part.0
                0x000003f4       0x1c _build/better_error_handling.o
 .text.error_blink_pattern
                0x00000410      0x104 _build/better_error_handling.o
 .text.app_error_fault_handler
                0x00000514       0x70 _build/better_error_handling.o
                0x00000514                app_error_fault_handler
 .text.HardFault_c_handler
                0x00000584       0xec _build/better_error_handling.o
                0x00000584                HardFault_c_handler
 .text.startup.called_first
                0x00000670       0x48 _build/microbit_before_startup.o
                0x00000670                called_first
 .text.nrf_log_backend_uart_flush
                0x000006b8        0x2 _build/microbit_nrf_log_backend_uart.o
 *fill*         0x000006ba        0x2 
 .text.nrf_log_backend_uart_put
                0x000006bc       0x1c _build/microbit_nrf_log_backend_uart.o
 .text.uart_init.constprop.0
                0x000006d8       0x54 _build/microbit_nrf_log_backend_uart.o
 .text.serial_tx
                0x0000072c       0x50 _build/microbit_nrf_log_backend_uart.o
 .text.nrf_log_backend_uart_panic_set
                0x0000077c       0x2c _build/microbit_nrf_log_backend_uart.o
 .text.nrf_log_backend_uart_init
                0x000007a8        0x4 _build/microbit_nrf_log_backend_uart.o
                0x000007a8                nrf_log_backend_uart_init
 .text._write   0x000007ac       0x2c _build/microbit_retarget.o
                0x000007ac                _write
 .text._read    0x000007d8       0x30 _build/microbit_retarget.o
                0x000007d8                _read
 .text.app_error_handler
                0x00000808       0x1a _build/app_error_handler_gcc.o
                0x00000808                app_error_handler
 *fill*         0x00000822        0x2 
 .text.nrfx_coredep_delay_us.part.0.constprop.0
                0x00000824       0x10 _build/app_timer.o
 .text.RTC1_IRQHandler
                0x00000834       0x9c _build/app_timer.o
                0x00000834                RTC1_IRQHandler
 .text.SWI0_EGU0_IRQHandler
                0x000008d0      0x2b0 _build/app_timer.o
                0x000008d0                SWI0_EGU0_IRQHandler
 .text.app_util_disable_irq
                0x00000b80       0x10 _build/app_util_platform.o
                0x00000b80                app_util_disable_irq
 .text.app_util_enable_irq
                0x00000b90       0x14 _build/app_util_platform.o
                0x00000b90                app_util_enable_irq
 .text.privilege_level_get
                0x00000ba4       0x1a _build/app_util_platform.o
                0x00000ba4                privilege_level_get
 *fill*         0x00000bbe        0x2 
 .text.app_util_critical_region_enter
                0x00000bc0       0x20 _build/app_util_platform.o
                0x00000bc0                app_util_critical_region_enter
 .text.app_util_critical_region_exit
                0x00000be0       0x20 _build/app_util_platform.o
                0x00000be0                app_util_critical_region_exit
 .text.HardFault_Handler
                0x00000c00       0x34 _build/hardfault_handler_gcc.o
                0x00000c00                HardFault_Handler
 .text.assert_nrf_callback
                0x00000c34       0x1a _build/nrf_assert.o
                0x00000c34                assert_nrf_callback
 .text.nrf_atomic_u32_fetch_store
                0x00000c4e       0x16 _build/nrf_atomic.o
                0x00000c4e                nrf_atomic_u32_fetch_store
 .text.nrf_atomic_u32_or
                0x00000c64       0x18 _build/nrf_atomic.o
                0x00000c64                nrf_atomic_u32_or
 .text.nrf_atomic_u32_fetch_and
                0x00000c7c       0x18 _build/nrf_atomic.o
                0x00000c7c                nrf_atomic_u32_fetch_and
 .text.nrf_atomic_u32_add
                0x00000c94       0x18 _build/nrf_atomic.o
                0x00000c94                nrf_atomic_u32_add
 .text.nrf_atomic_u32_sub
                0x00000cac       0x18 _build/nrf_atomic.o
                0x00000cac                nrf_atomic_u32_sub
 .text.nrf_atomic_flag_set
                0x00000cc4        0x6 _build/nrf_atomic.o
                0x00000cc4                nrf_atomic_flag_set
 .text.nrf_atomic_flag_clear_fetch
                0x00000cca        0x6 _build/nrf_atomic.o
                0x00000cca                nrf_atomic_flag_clear_fetch
 .text.nrf_balloc_init
                0x00000cd0       0x7c _build/nrf_balloc.o
                0x00000cd0                nrf_balloc_init
 .text.nrf_balloc_alloc
                0x00000d4c       0x54 _build/nrf_balloc.o
                0x00000d4c                nrf_balloc_alloc
 .text.nrf_balloc_free
                0x00000da0       0x48 _build/nrf_balloc.o
                0x00000da0                nrf_balloc_free
 .text.twim_evt_handler
                0x00000de8       0x40 _build/nrf_drv_twi.o
 .text.nrf_gpio_pin_port_decode
                0x00000e28       0x30 _build/nrf_drv_twi.o
 .text.nrf_gpio_pin_set
                0x00000e58       0x1a _build/nrf_drv_twi.o
 *fill*         0x00000e72        0x2 
 .text.nrfx_coredep_delay_us.part.0.constprop.0
                0x00000e74       0x10 _build/nrf_drv_twi.o
 .text.nrf_drv_twi_init
                0x00000e84       0xec _build/nrf_drv_twi.o
                0x00000e84                nrf_drv_twi_init
 .text.uarte_evt_handler
                0x00000f70       0x34 _build/nrf_drv_uart.o
 .text.uart_evt_handler
                0x00000fa4       0x34 _build/nrf_drv_uart.o
 .text.nrf_drv_uart_init
                0x00000fd8       0x7c _build/nrf_drv_uart.o
                0x00000fd8                nrf_drv_uart_init
 .text.nrf_fprintf_buffer_flush
                0x00001054       0x24 _build/nrf_fprintf.o
                0x00001054                nrf_fprintf_buffer_flush
 .text.nrf_fprintf
                0x00001078       0x54 _build/nrf_fprintf.o
                0x00001078                nrf_fprintf
 .text.buffer_add
                0x000010cc       0x1e _build/nrf_fprintf_format.o
 *fill*         0x000010ea        0x2 
 .text.unsigned_print
                0x000010ec       0xb4 _build/nrf_fprintf_format.o
 .text.nrf_fprintf_fmt
                0x000011a0      0x2f8 _build/nrf_fprintf_format.o
                0x000011a0                nrf_fprintf_fmt
 .text.nrf_log_backend_serial_put
                0x00001498       0xc2 _build/nrf_log_backend_serial.o
                0x00001498                nrf_log_backend_serial_put
 *fill*         0x0000155a        0x2 
 .text.nrf_log_default_backends_init
                0x0000155c       0x30 _build/nrf_log_default_backends.o
                0x0000155c                nrf_log_default_backends_init
 .text.invalid_packets_omit
                0x0000158c       0x38 _build/nrf_log_frontend.o
 .text.buf_prealloc
                0x000015c4      0x140 _build/nrf_log_frontend.o
 .text.nrf_log_init
                0x00001704       0x3c _build/nrf_log_frontend.o
                0x00001704                nrf_log_init
 .text.nrf_log_module_name_get
                0x00001740       0x38 _build/nrf_log_frontend.o
                0x00001740                nrf_log_module_name_get
 .text.nrf_log_color_id_get
                0x00001778       0x2c _build/nrf_log_frontend.o
                0x00001778                nrf_log_color_id_get
 .text.buffer_is_empty
                0x000017a4       0x14 _build/nrf_log_frontend.o
                0x000017a4                buffer_is_empty
 .text.nrf_log_frontend_dequeue
                0x000017b8      0x220 _build/nrf_log_frontend.o
                0x000017b8                nrf_log_frontend_dequeue
 .text.std_n    0x000019d8       0xb8 _build/nrf_log_frontend.o
 .text.nrf_log_frontend_std_0
                0x00001a90        0x8 _build/nrf_log_frontend.o
                0x00001a90                nrf_log_frontend_std_0
 .text.nrf_log_frontend_std_1
                0x00001a98       0x12 _build/nrf_log_frontend.o
                0x00001a98                nrf_log_frontend_std_1
 .text.nrf_log_frontend_std_3
                0x00001aaa       0x18 _build/nrf_log_frontend.o
                0x00001aaa                nrf_log_frontend_std_3
 .text.nrf_log_frontend_std_4
                0x00001ac2       0x1c _build/nrf_log_frontend.o
                0x00001ac2                nrf_log_frontend_std_4
 *fill*         0x00001ade        0x2 
 .text.nrf_log_backend_add
                0x00001ae0       0x54 _build/nrf_log_frontend.o
                0x00001ae0                nrf_log_backend_add
 .text.nrf_log_panic
                0x00001b34       0x28 _build/nrf_log_frontend.o
                0x00001b34                nrf_log_panic
 .text.postfix_process
                0x00001b5c       0x3c _build/nrf_log_str_formatter.o
 .text.prefix_process.constprop.0
                0x00001b98       0x78 _build/nrf_log_str_formatter.o
 .text.nrf_log_std_entry_process
                0x00001c10       0xc8 _build/nrf_log_str_formatter.o
                0x00001c10                nrf_log_std_entry_process
 .text.nrf_log_hexdump_entry_process
                0x00001cd8       0xbc _build/nrf_log_str_formatter.o
                0x00001cd8                nrf_log_hexdump_entry_process
 .text.memobj_op
                0x00001d94       0xa8 _build/nrf_memobj.o
 .text.nrf_memobj_pool_init
                0x00001e3c        0x4 _build/nrf_memobj.o
                0x00001e3c                nrf_memobj_pool_init
 .text.nrf_memobj_free
                0x00001e40       0x2c _build/nrf_memobj.o
                0x00001e40                nrf_memobj_free
 .text.nrf_memobj_alloc
                0x00001e6c       0x58 _build/nrf_memobj.o
                0x00001e6c                nrf_memobj_alloc
 .text.nrf_memobj_get
                0x00001ec4        0x8 _build/nrf_memobj.o
                0x00001ec4                nrf_memobj_get
 .text.nrf_memobj_put
                0x00001ecc       0x1c _build/nrf_memobj.o
                0x00001ecc                nrf_memobj_put
 .text.nrf_memobj_write
                0x00001ee8       0x2c _build/nrf_memobj.o
                0x00001ee8                nrf_memobj_write
 .text.nrf_memobj_read
                0x00001f14       0x30 _build/nrf_memobj.o
                0x00001f14                nrf_memobj_read
 .text.nrf_queue_next_idx
                0x00001f44       0x20 _build/nrf_queue.o
 .text.nrf_queue_is_empty
                0x00001f64       0x24 _build/nrf_queue.o
                0x00001f64                nrf_queue_is_empty
 .text.nrf_queue_generic_pop
                0x00001f88       0x9c _build/nrf_queue.o
                0x00001f88                nrf_queue_generic_pop
 .text.nrf_ringbuf_init
                0x00002024       0x1c _build/nrf_ringbuf.o
                0x00002024                nrf_ringbuf_init
 .text.nrf_strerror_find
                0x00002040       0x34 _build/nrf_strerror.o
                0x00002040                nrf_strerror_find
 .text.nrf_strerror_get
                0x00002074       0x14 _build/nrf_strerror.o
                0x00002074                nrf_strerror_get
 .text.transaction_end_signal
                0x00002088       0x30 _build/nrf_twi_mngr.o
 .text.start_transfer
                0x000020b8       0xc4 _build/nrf_twi_mngr.o
 .text.start_pending_transaction
                0x0000217c       0xb0 _build/nrf_twi_mngr.o
 .text.twi_event_handler
                0x0000222c       0x58 _build/nrf_twi_mngr.o
 .text.nrf_twi_mngr_init
                0x00002284       0x78 _build/nrf_twi_mngr.o
                0x00002284                nrf_twi_mngr_init
 .text.POWER_CLOCK_IRQHandler
                0x000022fc       0x5c _build/nrfx_clock.o
                0x000022fc                POWER_CLOCK_IRQHandler
 .text.nrf_gpiote_event_clear
                0x00002358       0x18 _build/nrfx_gpiote.o
 .text.nrf_bitmask_bit_set
                0x00002370       0x12 _build/nrfx_gpiote.o
 *fill*         0x00002382        0x2 
 .text.nrf_gpio_pin_port_decode
                0x00002384       0x30 _build/nrfx_gpiote.o
 .text.nrf_gpio_cfg_sense_set
                0x000023b4       0x2e _build/nrfx_gpiote.o
 *fill*         0x000023e2        0x2 
 .text.nrf_gpio_ports_read.constprop.0
                0x000023e4       0x18 _build/nrfx_gpiote.o
 .text.GPIOTE_IRQHandler
                0x000023fc      0x19c _build/nrfx_gpiote.o
                0x000023fc                GPIOTE_IRQHandler
 .text.UARTE0_UART0_IRQHandler
                0x00002598       0x20 _build/nrfx_prs.o
                0x00002598                UARTE0_UART0_IRQHandler
 .text.nrfx_prs_acquire
                0x000025b8       0x44 _build/nrfx_prs.o
                0x000025b8                nrfx_prs_acquire
 .text.nrfx_prs_release
                0x000025fc       0x28 _build/nrfx_prs.o
                0x000025fc                nrfx_prs_release
 .text.nrf_pwm_event_clear
                0x00002624       0x10 _build/nrfx_pwm.o
 .text.irq_handler
                0x00002634       0x80 _build/nrfx_pwm.o
 .text.PWM0_IRQHandler
                0x000026b4       0x10 _build/nrfx_pwm.o
                0x000026b4                PWM0_IRQHandler
 .text.PWM1_IRQHandler
                0x000026c4       0x10 _build/nrfx_pwm.o
                0x000026c4                PWM1_IRQHandler
 .text.nrf_saadc_event_clear
                0x000026d4       0x18 _build/nrfx_saadc.o
 .text.SAADC_IRQHandler
                0x000026ec      0x15c _build/nrfx_saadc.o
                0x000026ec                SAADC_IRQHandler
 .text.nrf_gpio_pin_port_decode
                0x00002848       0x30 _build/nrfx_spim.o
 .text.nrf_gpio_pin_clear
                0x00002878       0x1a _build/nrfx_spim.o
 .text.nrf_gpio_pin_set
                0x00002892       0x1a _build/nrfx_spim.o
 .text.SPIM2_SPIS2_SPI2_IRQHandler
                0x000028ac       0x64 _build/nrfx_spim.o
                0x000028ac                SPIM2_SPIS2_SPI2_IRQHandler
 .text.irq_handler.constprop.0
                0x00002910       0x4c _build/nrfx_timer.o
 .text.TIMER0_IRQHandler
                0x0000295c       0x10 _build/nrfx_timer.o
                0x0000295c                TIMER0_IRQHandler
 .text.TIMER1_IRQHandler
                0x0000296c       0x10 _build/nrfx_timer.o
                0x0000296c                TIMER1_IRQHandler
 .text.nrf_twim_event_clear
                0x0000297c       0x10 _build/nrfx_twim.o
 .text.xfer_completeness_check
                0x0000298c       0x6c _build/nrfx_twim.o
 .text.nrf_gpio_pin_port_decode
                0x000029f8       0x30 _build/nrfx_twim.o
 .text.twim_irq_handler
                0x00002a28      0x138 _build/nrfx_twim.o
 .text.SPIM0_SPIS0_TWIM0_TWIS0_SPI0_TWI0_IRQHandler
                0x00002b60       0x10 _build/nrfx_twim.o
                0x00002b60                SPIM0_SPIS0_TWIM0_TWIS0_SPI0_TWI0_IRQHandler
 .text.SPIM1_SPIS1_TWIM1_TWIS1_SPI1_TWI1_IRQHandler
                0x00002b70       0x10 _build/nrfx_twim.o
                0x00002b70                SPIM1_SPIS1_TWIM1_TWIS1_SPI1_TWI1_IRQHandler
 .text.nrfx_twim_init
                0x00002b80      0x138 _build/nrfx_twim.o
                0x00002b80                nrfx_twim_init
 .text.nrfx_twim_enable
                0x00002cb8       0x40 _build/nrfx_twim.o
                0x00002cb8                nrfx_twim_enable
 .text.nrfx_twim_disable
                0x00002cf8       0x54 _build/nrfx_twim.o
                0x00002cf8                nrfx_twim_disable
 .text.nrfx_twim_uninit
                0x00002d4c       0xb4 _build/nrfx_twim.o
                0x00002d4c                nrfx_twim_uninit
 .text.nrfx_twim_xfer
                0x00002e00      0x320 _build/nrfx_twim.o
                0x00002e00                nrfx_twim_xfer
 .text.nrf_uart_event_clear
                0x00003120       0x10 _build/nrfx_uart.o
 .text.tx_byte  0x00003130       0x1e _build/nrfx_uart.o
 .text.rx_enable
                0x0000314e       0x20 _build/nrfx_uart.o
 *fill*         0x0000316e        0x2 
 .text.nrf_gpio_pin_port_decode
                0x00003170       0x30 _build/nrfx_uart.o
 .text.nrf_gpio_cfg_default
                0x000031a0       0x1c _build/nrfx_uart.o
 .text.rx_byte  0x000031bc       0x2c _build/nrfx_uart.o
 .text.rx_done_event.constprop.0
                0x000031e8       0x20 _build/nrfx_uart.o
 .text.nrfx_uart_0_irq_handler
                0x00003208      0x144 _build/nrfx_uart.o
                0x00003208                nrfx_uart_0_irq_handler
 .text.nrfx_uart_init
                0x0000334c      0x1d8 _build/nrfx_uart.o
                0x0000334c                nrfx_uart_init
 .text.nrfx_uart_uninit
                0x00003524       0xc0 _build/nrfx_uart.o
                0x00003524                nrfx_uart_uninit
 .text.nrfx_uart_tx_in_progress
                0x000035e4       0x18 _build/nrfx_uart.o
                0x000035e4                nrfx_uart_tx_in_progress
 .text.nrfx_uart_tx
                0x000035fc       0xe0 _build/nrfx_uart.o
                0x000035fc                nrfx_uart_tx
 .text.nrfx_uart_rx
                0x000036dc      0x128 _build/nrfx_uart.o
                0x000036dc                nrfx_uart_rx
 .text.nrf_uarte_event_clear
                0x00003804       0x10 _build/nrfx_uarte.o
 .text.nrf_gpio_pin_port_decode
                0x00003814       0x30 _build/nrfx_uarte.o
 .text.nrf_gpio_cfg_default
                0x00003844       0x1c _build/nrfx_uarte.o
 .text.rx_done_event.constprop.0
                0x00003860       0x20 _build/nrfx_uarte.o
 .text.nrfx_uarte_0_irq_handler
                0x00003880      0x118 _build/nrfx_uarte.o
                0x00003880                nrfx_uarte_0_irq_handler
 .text.nrfx_uarte_init
                0x00003998      0x1f0 _build/nrfx_uarte.o
                0x00003998                nrfx_uarte_init
 .text.nrfx_uarte_uninit
                0x00003b88       0xec _build/nrfx_uarte.o
                0x00003b88                nrfx_uarte_uninit
 .text.nrfx_uarte_tx_in_progress
                0x00003c74       0x18 _build/nrfx_uarte.o
                0x00003c74                nrfx_uarte_tx_in_progress
 .text.nrfx_uarte_tx
                0x00003c8c       0xf0 _build/nrfx_uarte.o
                0x00003c8c                nrfx_uarte_tx
 .text.nrfx_uarte_rx
                0x00003d7c      0x13c _build/nrfx_uarte.o
                0x00003d7c                nrfx_uarte_rx
 .text.__NVIC_SystemReset
                0x00003eb8       0x24 _build/system_nrf52833.o
 .text.errata_36
                0x00003edc       0x1a _build/system_nrf52833.o
 *fill*         0x00003ef6        0x2 
 .text.SystemInit
                0x00003ef8      0x19c _build/system_nrf52833.o
                0x00003ef8                SystemInit
 .text          0x00004094       0x3c _build/gcc_startup_nrf52833.os
                0x00004094                Reset_Handler
                0x000040bc                NMI_Handler
                0x000040c0                MemoryManagement_Handler
                0x000040c2                BusFault_Handler
                0x000040c4                UsageFault_Handler
                0x000040c6                SVC_Handler
                0x000040c8                DebugMon_Handler
                0x000040ca                PendSV_Handler
                0x000040cc                SysTick_Handler
                0x000040ce                TIMER2_IRQHandler
                0x000040ce                RTC0_IRQHandler
                0x000040ce                SWI2_EGU2_IRQHandler
                0x000040ce                RADIO_IRQHandler
                0x000040ce                PDM_IRQHandler
                0x000040ce                TEMP_IRQHandler
                0x000040ce                QDEC_IRQHandler
                0x000040ce                TIMER3_IRQHandler
                0x000040ce                PWM3_IRQHandler
                0x000040ce                FPU_IRQHandler
                0x000040ce                USBD_IRQHandler
                0x000040ce                TIMER4_IRQHandler
                0x000040ce                I2S_IRQHandler
                0x000040ce                SWI4_EGU4_IRQHandler
                0x000040ce                UARTE1_IRQHandler
                0x000040ce                SPIM3_IRQHandler
                0x000040ce                PWM2_IRQHandler
                0x000040ce                ECB_IRQHandler
                0x000040ce                Default_Handler
                0x000040ce                CCM_AAR_IRQHandler
                0x000040ce                WDT_IRQHandler
                0x000040ce                SWI5_EGU5_IRQHandler
                0x000040ce                RNG_IRQHandler
                0x000040ce                RTC2_IRQHandler
                0x000040ce                SWI3_EGU3_IRQHandler
                0x000040ce                SWI1_EGU1_IRQHandler
                0x000040ce                NFCT_IRQHandler
                0x000040ce                MWU_IRQHandler
                0x000040ce                COMP_LPCOMP_IRQHandler
 *fill*         0x000040d0       0x30 
 .text          0x00004100       0xd8 /usr/lib/gcc/arm-none-eabi/13.2.1/../../../arm-none-eabi/lib/thumb/v7e-m+fp/hard/libc.a(libc_a-strlen.o)
                0x00004100                strlen
 .text          0x000041d8       0xa4 /usr/lib/gcc/arm-none-eabi/13.2.1/../../../arm-none-eabi/lib/thumb/v7e-m+fp/hard/libc.a(libc_a-memset.o)
                0x000041d8                memset
 .text          0x0000427c       0x10 /usr/lib/gcc/arm-none-eabi/13.2.1/../../../arm-none-eabi/lib/thumb/v7e-m+fp/hard/libc.a(libc_a-setbuf.o)
                0x0000427c                setbuf
 .text          0x0000428c       0x5c /usr/lib/gcc/arm-none-eabi/13.2.1/../../../arm-none-eabi/lib/thumb/v7e-m+fp/hard/libc.a(libc_a-memcmp.o)
                0x0000428c                memcmp
 .text          0x000042e8      0x134 /usr/lib/gcc/arm-none-eabi/13.2.1/../../../arm-none-eabi/lib/thumb/v7e-m+fp/hard/libc.a(libc_a-memcpy.o)
                0x000042e8                memcpy
 .text          0x0000441c       0x50 /usr/lib/gcc/arm-none-eabi/13.2.1/../../../arm-none-eabi/lib/thumb/v7e-m+fp/hard/libc.a(libc_a-init.o)
                0x0000441c                __libc_init_array
 .text          0x0000446c      0x224 /usr/lib/gcc/arm-none-eabi/13.2.1/../../../arm-none-eabi/lib/thumb/v7e-m+fp/hard/libc.a(libc_a-findfp.o)
                0x0000459c                __sfp
                0x00004640                __sinit
                0x00004660                __sfp_lock_acquire
                0x00004664                __sfp_lock_release
                0x00004668                __fp_lock_all
                0x0000467c                __fp_unlock_all
 .text          0x00004690       0x1c /usr/lib/gcc/arm-none-eabi/13.2.1/../../../arm-none-eabi/lib/thumb/v7e-m+fp/hard/libc.a(libc_a-exit.o)
                0x00004690                exit
 .text          0x000046ac        0xc /usr/lib/gcc/arm-none-eabi/13.2.1/../../../arm-none-eabi/lib/thumb/v7e-m+fp/hard/libc.a(libc_a-atexit.o)
                0x000046ac                atexit
 .text          0x000046b8       0x48 /usr/lib/gcc/arm-none-eabi/13.2.1/../../../arm-none-eabi/lib/thumb/v7e-m+fp/hard/libc.a(libc_a-printf.o)
                0x000046b8                _printf_r
                0x000046d8                printf
 .text          0x00004700       0x28 /usr/lib/gcc/arm-none-eabi/13.2.1/../../../arm-none-eabi/lib/thumb/v7e-m+fp/hard/libc.a(libc_a-fini.o)
                0x00004700                __libc_fini_array
 .text          0x00004728       0x44 /usr/lib/gcc/arm-none-eabi/13.2.1/../../../arm-none-eabi/lib/thumb/v7e-m+fp/hard/libc.a(libc_a-fwalk.o)
                0x00004728                _fwalk_sglue
 *fill*         0x0000476c        0x4 
 .text          0x00004770     0x14ac /usr/lib/gcc/arm-none-eabi/13.2.1/../../../arm-none-eabi/lib/thumb/v7e-m+fp/hard/libc.a(libc_a-vfprintf.o)
                0x00004770                _vfprintf_r
                0x00005b94                vfprintf
 *fill*         0x00005c1c        0x4 
 .text          0x00005c20       0xa0 /usr/lib/gcc/arm-none-eabi/13.2.1/../../../arm-none-eabi/lib/thumb/v7e-m+fp/hard/libc.a(libc_a-memchr.o)
                0x00005c20                memchr
 .text          0x00005cc0      0x1ac /usr/lib/gcc/arm-none-eabi/13.2.1/../../../arm-none-eabi/lib/thumb/v7e-m+fp/hard/libc.a(libc_a-fflush.o)
                0x00005cc0                __sflush_r
                0x00005df8                _fflush_r
                0x00005e24                fflush
 .text          0x00005e6c      0x164 /usr/lib/gcc/arm-none-eabi/13.2.1/../../../arm-none-eabi/lib/thumb/v7e-m+fp/hard/libc.a(libc_a-setvbuf.o)
                0x00005e6c                setvbuf
 .text          0x00005fd0      0x554 /usr/lib/gcc/arm-none-eabi/13.2.1/../../../arm-none-eabi/lib/thumb/v7e-m+fp/hard/libc.a(libc_a-mallocr.o)
                0x00005fd0                _malloc_r
 *fill*         0x00006524        0x4 
 .text          0x00006528      0xfb0 /usr/lib/gcc/arm-none-eabi/13.2.1/../../../arm-none-eabi/lib/thumb/v7e-m+fp/hard/libc.a(libc_a-dtoa.o)
                0x00006654                _dtoa_r
 .text          0x000074d8       0xc4 /usr/lib/gcc/arm-none-eabi/13.2.1/../../../arm-none-eabi/lib/thumb/v7e-m+fp/hard/libc.a(libc_a-wsetup.o)
                0x000074d8                __swsetup_r
 .text          0x0000759c      0x2b0 /usr/lib/gcc/arm-none-eabi/13.2.1/../../../arm-none-eabi/lib/thumb/v7e-m+fp/hard/libc.a(libc_a-freer.o)
                0x0000759c                _malloc_trim_r
                0x00007654                _free_r
 .text          0x0000784c       0x90 /usr/lib/gcc/arm-none-eabi/13.2.1/../../../arm-none-eabi/lib/thumb/v7e-m+fp/hard/libc.a(libc_a-fclose.o)
                0x0000784c                _fclose_r
                0x000078cc                fclose
 .text          0x000078dc       0xb0 /usr/lib/gcc/arm-none-eabi/13.2.1/../../../arm-none-eabi/lib/thumb/v7e-m+fp/hard/libc.a(libc_a-__call_atexit.o)
                0x000078dc                __call_exitprocs
 .text.startup  0x0000798c       0x14 /usr/lib/gcc/arm-none-eabi/13.2.1/../../../arm-none-eabi/lib/thumb/v7e-m+fp/hard/libc.a(libc_a-__call_atexit.o)
 .text          0x000079a0       0x20 /usr/lib/gcc/arm-none-eabi/13.2.1/../../../arm-none-eabi/lib/thumb/v7e-m+fp/hard/libc.a(libc_a-malloc.o)
                0x000079a0                malloc
                0x000079b0                free
 .text          0x000079c0       0x1c /usr/lib/gcc/arm-none-eabi/13.2.1/../../../arm-none-eabi/lib/thumb/v7e-m+fp/hard/libc.a(libc_a-sysconf.o)
                0x000079c0                sysconf
 .text          0x000079dc       0x94 /usr/lib/gcc/arm-none-eabi/13.2.1/../../../arm-none-eabi/lib/thumb/v7e-m+fp/hard/libc.a(libc_a-stdio.o)
                0x000079dc                __sread
                0x00007a00                __seofread
                0x00007a04                __swrite
                0x00007a44                __sseek
                0x00007a68                __sclose
 .text          0x00007a70       0x64 /usr/lib/gcc/arm-none-eabi/13.2.1/../../../arm-none-eabi/lib/thumb/v7e-m+fp/hard/libc.a(libc_a-__atexit.o)
                0x00007a70                __register_exitproc
 .text          0x00007ad4       0x2c /usr/lib/gcc/arm-none-eabi/13.2.1/../../../arm-none-eabi/lib/thumb/v7e-m+fp/hard/libc.a(libc_a-writer.o)
                0x00007ad4                _write_r
 .text          0x00007b00        0x8 /usr/lib/gcc/arm-none-eabi/13.2.1/../../../arm-none-eabi/lib/thumb/v7e-m+fp/hard/libc.a(libc_a-mlock.o)
                0x00007b00                __malloc_lock
                0x00007b04                __malloc_unlock
 .text          0x00007b08       0x24 /usr/lib/gcc/arm-none-eabi/13.2.1/../../../arm-none-eabi/lib/thumb/v7e-m+fp/hard/libc.a(libc_a-sbrkr.o)
                0x00007b08                _sbrk_r
 .text          0x00007b2c       0x24 /usr/lib/gcc/arm-none-eabi/13.2.1/../../../arm-none-eabi/lib/thumb/v7e-m+fp/hard/libc.a(libc_a-closer.o)
                0x00007b2c                _close_r
 .text          0x00007b50       0x20 /usr/lib/gcc/arm-none-eabi/13.2.1/../../../arm-none-eabi/lib/thumb/v7e-m+fp/hard/libc.a(libc_a-sprint_r.o)
                0x00007b50                __sprint_r
 .text          0x00007b70       0x4c /usr/lib/gcc/arm-none-eabi/13.2.1/../../../arm-none-eabi/lib/thumb/v7e-m+fp/hard/libc.a(libc_a-assert.o)
                0x00007b70                __assert_func
                0x00007bb0                __assert
 .text          0x00007bbc      0xab8 /usr/lib/gcc/arm-none-eabi/13.2.1/../../../arm-none-eabi/lib/thumb/v7e-m+fp/hard/libc.a(libc_a-mprec.o)
                0x00007bbc                _Balloc
                0x00007c08                _Bfree
                0x00007c1c                __multadd
                0x00007cbc                __s2b
                0x00007d70                __hi0bits
                0x00007db4                __lo0bits
                0x00007e14                __i2b
                0x00007e70                __multiply
                0x00007fdc                __pow5mult
                0x00008090                __lshift
                0x00008180                __mcmp
                0x000081c4                __mdiff
                0x0000833c                __ulp
                0x000083a0                __b2d
                0x0000845c                __d2b
                0x0000851c                __ratio
                0x0000857c                _mprec_log10
                0x000085bc                __copybits
                0x00008618                __any_on
 .text          0x00008674       0x14 /usr/lib/gcc/arm-none-eabi/13.2.1/../../../arm-none-eabi/lib/thumb/v7e-m+fp/hard/libc.a(libc_a-localeconv.o)
                0x00008674                __localeconv_l
                0x00008678                _localeconv_r
                0x00008680                localeconv
 .text          0x00008688      0x13c /usr/lib/gcc/arm-none-eabi/13.2.1/../../../arm-none-eabi/lib/thumb/v7e-m+fp/hard/libc.a(libc_a-makebuf.o)
                0x00008688                __smakebuf_r
                0x00008764                __swhatbuf_r
 .text          0x000087c4       0x40 /usr/lib/gcc/arm-none-eabi/13.2.1/../../../arm-none-eabi/lib/thumb/v7e-m+fp/hard/libc.a(libc_a-mbtowc_r.o)
                0x000087c4                _mbtowc_r
                0x000087d8                __ascii_mbtowc
 .text          0x00008804        0xc /usr/lib/gcc/arm-none-eabi/13.2.1/../../../arm-none-eabi/lib/thumb/v7e-m+fp/hard/libc.a(libc_a-errno.o)
                0x00008804                __errno
 .text          0x00008810       0x10 /usr/lib/gcc/arm-none-eabi/13.2.1/../../../arm-none-eabi/lib/thumb/v7e-m+fp/hard/libc.a(libc_a-abort.o)
                0x00008810                abort
 .text          0x00008820       0x6c /usr/lib/gcc/arm-none-eabi/13.2.1/../../../arm-none-eabi/lib/thumb/v7e-m+fp/hard/libc.a(libc_a-callocr.o)
                0x00008820                _calloc_r
 .text          0x0000888c       0x2c /usr/lib/gcc/arm-none-eabi/13.2.1/../../../arm-none-eabi/lib/thumb/v7e-m+fp/hard/libc.a(libc_a-readr.o)
                0x0000888c                _read_r
 .text          0x000088b8       0x44 /usr/lib/gcc/arm-none-eabi/13.2.1/../../../arm-none-eabi/lib/thumb/v7e-m+fp/hard/libc.a(libc_a-fiprintf.o)
                0x000088b8                _fiprintf_r
                0x000088d4                fiprintf
 .text          0x000088fc       0x30 /usr/lib/gcc/arm-none-eabi/13.2.1/../../../arm-none-eabi/lib/thumb/v7e-m+fp/hard/libc.a(libc_a-wctomb_r.o)
                0x000088fc                _wctomb_r
                0x00008910                __ascii_wctomb
 .text          0x0000892c       0x2c /usr/lib/gcc/arm-none-eabi/13.2.1/../../../arm-none-eabi/lib/thumb/v7e-m+fp/hard/libc.a(libc_a-lseekr.o)
                0x0000892c                _lseek_r
 .text          0x00008958       0x2c /usr/lib/gcc/arm-none-eabi/13.2.1/../../../arm-none-eabi/lib/thumb/v7e-m+fp/hard/libc.a(libc_a-fstatr.o)
                0x00008958                _fstat_r
 .text          0x00008984       0x24 /usr/lib/gcc/arm-none-eabi/13.2.1/../../../arm-none-eabi/lib/thumb/v7e-m+fp/hard/libc.a(libc_a-isattyr.o)
                0x00008984                _isatty_r
 .text          0x000089a8      0x300 /usr/lib/gcc/arm-none-eabi/13.2.1/../../../arm-none-eabi/lib/thumb/v7e-m+fp/hard/libc.a(libc_a-fvwrite.o)
                0x000089a8                __sfvwrite_r
 .text          0x00008ca8      0x280 /usr/lib/gcc/arm-none-eabi/13.2.1/../../../arm-none-eabi/lib/thumb/v7e-m+fp/hard/libc.a(libc_a-signal.o)
                0x00008ca8                _init_signal_r
                0x00008cd8                _signal_r
                0x00008d28                _raise_r
                0x00008d7c                __sigtramp_r
                0x00008de0                raise
                0x00008e38                signal
                0x00008e88                _init_signal
                0x00008ec0                __sigtramp
 .text          0x00008f28       0x30 /usr/lib/gcc/arm-none-eabi/13.2.1/../../../arm-none-eabi/lib/thumb/v7e-m+fp/hard/libc.a(libc_a-signalr.o)
                0x00008f28                _kill_r
                0x00008f54                _getpid_r
 .text          0x00008f58      0x100 /usr/lib/gcc/arm-none-eabi/13.2.1/../../../arm-none-eabi/lib/thumb/v7e-m+fp/hard/libc.a(libc_a-memmove.o)
                0x00008f58                memmove
 .text          0x00009058      0xb44 /usr/lib/gcc/arm-none-eabi/13.2.1/../../../arm-none-eabi/lib/thumb/v7e-m+fp/hard/libc.a(libc_a-vfiprintf.o)
                0x00009058                _vfiprintf_r
                0x00009b14                vfiprintf
 .text          0x00009b9c      0x344 /usr/lib/gcc/arm-none-eabi/13.2.1/../../../arm-none-eabi/lib/thumb/v7e-m+fp/hard/libc.a(libc_a-reallocr.o)
                0x00009b9c                _realloc_r
 .text          0x00009ee0       0x10 /usr/lib/gcc/arm-none-eabi/13.2.1/../../../arm-none-eabi/lib/thumb/v7e-m+fp/hard/libnosys.a(close.o)
                0x00009ee0                _close
 .text          0x00009ef0       0x10 /usr/lib/gcc/arm-none-eabi/13.2.1/../../../arm-none-eabi/lib/thumb/v7e-m+fp/hard/libnosys.a(fstat.o)
                0x00009ef0                _fstat
 .text          0x00009f00       0x10 /usr/lib/gcc/arm-none-eabi/13.2.1/../../../arm-none-eabi/lib/thumb/v7e-m+fp/hard/libnosys.a(getpid.o)
                0x00009f00                _getpid
 .text          0x00009f10       0x10 /usr/lib/gcc/arm-none-eabi/13.2.1/../../../arm-none-eabi/lib/thumb/v7e-m+fp/hard/libnosys.a(isatty.o)
                0x00009f10                _isatty
 .text          0x00009f20       0x10 /usr/lib/gcc/arm-none-eabi/13.2.1/../../../arm-none-eabi/lib/thumb/v7e-m+fp/hard/libnosys.a(kill.o)
                0x00009f20                _kill
 .text          0x00009f30       0x10 /usr/lib/gcc/arm-none-eabi/13.2.1/../../../arm-none-eabi/lib/thumb/v7e-m+fp/hard/libnosys.a(lseek.o)
                0x00009f30                _lseek
 .text          0x00009f40       0x1c /usr/lib/gcc/arm-none-eabi/13.2.1/../../../arm-none-eabi/lib/thumb/v7e-m+fp/hard/libnosys.a(sbrk.o)
                0x00009f40                _sbrk
 .text          0x00009f5c        0x4 /usr/lib/gcc/arm-none-eabi/13.2.1/../../../arm-none-eabi/lib/thumb/v7e-m+fp/hard/libnosys.a(_exit.o)
                0x00009f5c                _exit
 .text          0x00009f60      0x378 /usr/lib/gcc/arm-none-eabi/13.2.1/thumb/v7e-m+fp/hard/libgcc.a(_arm_addsubdf3.o)
                0x00009f60                __aeabi_drsub
                0x00009f68                __aeabi_dsub
                0x00009f68                __subdf3
                0x00009f6c                __adddf3
                0x00009f6c                __aeabi_dadd
                0x0000a1e4                __aeabi_ui2d
                0x0000a1e4                __floatunsidf
                0x0000a204                __floatsidf
                0x0000a204                __aeabi_i2d
                0x0000a228                __extendsfdf2
                0x0000a228                __aeabi_f2d
                0x0000a26c                __aeabi_ul2d
                0x0000a26c                __floatundidf
                0x0000a27c                __floatdidf
                0x0000a27c                __aeabi_l2d
 .text          0x0000a2d8      0x424 /usr/lib/gcc/arm-none-eabi/13.2.1/thumb/v7e-m+fp/hard/libgcc.a(_arm_muldivdf3.o)
                0x0000a2d8                __aeabi_dmul
                0x0000a2d8                __muldf3
                0x0000a52c                __aeabi_ddiv
                0x0000a52c                __divdf3
 .text          0x0000a6fc      0x110 /usr/lib/gcc/arm-none-eabi/13.2.1/thumb/v7e-m+fp/hard/libgcc.a(_arm_cmpdf2.o)
                0x0000a6fc                __gtdf2
                0x0000a6fc                __gedf2
                0x0000a704                __ltdf2
                0x0000a704                __ledf2
                0x0000a70c                __cmpdf2
                0x0000a70c                __eqdf2
                0x0000a70c                __nedf2
                0x0000a788                __aeabi_cdrcmple
                0x0000a798                __aeabi_cdcmple
                0x0000a798                __aeabi_cdcmpeq
                0x0000a7a8                __aeabi_dcmpeq
                0x0000a7bc                __aeabi_dcmplt
                0x0000a7d0                __aeabi_dcmple
                0x0000a7e4                __aeabi_dcmpge
                0x0000a7f8                __aeabi_dcmpgt
 .text          0x0000a80c       0x2c /usr/lib/gcc/arm-none-eabi/13.2.1/thumb/v7e-m+fp/hard/libgcc.a(_arm_unorddf2.o)
                0x0000a80c                __aeabi_dcmpun
                0x0000a80c                __unorddf2
 .text          0x0000a838       0x50 /usr/lib/gcc/arm-none-eabi/13.2.1/thumb/v7e-m+fp/hard/libgcc.a(_arm_fixdfsi.o)
                0x0000a838                __fixdfsi
                0x0000a838                __aeabi_d2iz
 *(.init)
 .init          0x0000a888        0x4 /usr/lib/gcc/arm-none-eabi/13.2.1/thumb/v7e-m+fp/hard/crti.o
                0x0000a888                _init
 .init          0x0000a88c        0x8 /usr/lib/gcc/arm-none-eabi/13.2.1/thumb/v7e-m+fp/hard/crtn.o
 *(.fini)
 .fini          0x0000a894        0x4 /usr/lib/gcc/arm-none-eabi/13.2.1/thumb/v7e-m+fp/hard/crti.o
                0x0000a894                _fini
 .fini          0x0000a898        0x8 /usr/lib/gcc/arm-none-eabi/13.2.1/thumb/v7e-m+fp/hard/crtn.o
 *crtbegin.o(.ctors)
 *crtbegin?.o(.ctors)
 *(EXCLUDE_FILE(*crtend.o *crtend?.o) .ctors)
 *(SORT_BY_NAME(.ctors.*))
 *(.ctors)
 *crtbegin.o(.dtors)
 *crtbegin?.o(.dtors)
 *(EXCLUDE_FILE(*crtend.o *crtend?.o) .dtors)
 *(SORT_BY_NAME(.dtors.*))
 *(.dtors)
 *(.rodata*)
 .rodata.main.str1.1
                0x0000a8a0     0x10d3 _build/main.o
                                 0x30 (size before relaxing)
 *fill*         0x0000b973        0xd 
 .rodata.delay_machine_code.0
                0x0000b980        0x6 _build/main.o
 *fill*         0x0000b986        0x2 
 .rodata.twi_mngr_instance
                0x0000b988       0x18 _build/main.o
 .rodata        0x0000b9a0       0x10 _build/main.o
 .rodata.nrf_gpio_pin_port_decode.str1.1
                0x0000b9b0       0x43 _build/better_error_handling.o
 .rodata.app_error_fault_handler.str1.1
                0x0000b9b0       0x78 _build/better_error_handling.o
 .rodata.HardFault_c_handler.str1.1
                0x0000b9b0      0x12e _build/better_error_handling.o
 .rodata.str1.1
                0x0000b9b0      0x4b6 _build/better_error_handling.o
 .rodata.cfsr_msgs.0
                0x0000b9b0       0x68 _build/better_error_handling.o
 *fill*         0x0000ba18        0x8 
 .rodata.delay_machine_code.1
                0x0000ba20        0x6 _build/better_error_handling.o
 .rodata.LED_COLS
                0x0000ba26        0x5 _build/better_error_handling.o
 .rodata.LED_ROWS
                0x0000ba2b        0x5 _build/better_error_handling.o
 .rodata.called_first.str1.1
                0x0000ba30       0x69 _build/microbit_before_startup.o
 .rodata.delay_machine_code.0
                0x0000ba30        0x6 _build/microbit_before_startup.o
 .rodata.uart_init.constprop.0.str1.1
                0x0000ba36       0x6f _build/microbit_nrf_log_backend_uart.o
 *fill*         0x0000ba36        0x2 
 .rodata.nrf_log_backend_uart_api
                0x0000ba38        0xc _build/microbit_nrf_log_backend_uart.o
                0x0000ba38                nrf_log_backend_uart_api
 .rodata        0x0000ba44       0x20 _build/microbit_nrf_log_backend_uart.o
 *fill*         0x0000ba64        0xc 
 .rodata.delay_machine_code.0
                0x0000ba70        0x6 _build/app_timer.o
 .rodata.app_util_critical_region_enter.str1.1
                0x0000ba76       0x55 _build/app_util_platform.o
 .rodata.nrf_balloc_init.str1.1
                0x0000ba76       0x50 _build/nrf_balloc.o
 .rodata.str1.1
                0x0000ba76        0x6 _build/nrf_drv_clock.o
 .rodata.nrf_gpio_pin_port_decode.str1.1
                0x0000ba76       0x43 _build/nrf_drv_twi.o
 *fill*         0x0000ba76        0xa 
 .rodata.delay_machine_code.0
                0x0000ba80        0x6 _build/nrf_drv_twi.o
 .rodata.nrf_fprintf_buffer_flush.str1.1
                0x0000ba86       0x46 _build/nrf_fprintf.o
 .rodata.nrf_fprintf_fmt.str1.1
                0x0000ba86       0x4d _build/nrf_fprintf_format.o
 .rodata._aV2C.0
                0x0000ba86       0x10 _build/nrf_fprintf_format.o
 .rodata.nrf_log_default_backends_init.str1.1
                0x0000ba96       0x5f _build/nrf_log_default_backends.o
 .rodata.str1.1
                0x0000ba96       0x11 _build/nrf_log_default_backends.o
 .rodata.buf_prealloc.str1.1
                0x0000ba96       0x57 _build/nrf_log_frontend.o
 .rodata.nrf_log_frontend_dequeue.str1.1
                0x0000ba96       0x11 _build/nrf_log_frontend.o
 .rodata.str1.1
                0x0000ba96        0x4 _build/nrf_log_frontend.o
 *fill*         0x0000ba96        0x2 
 .rodata.m_log_push_ringbuf
                0x0000ba98        0xc _build/nrf_log_frontend.o
 .rodata.postfix_process.str1.1
                0x0000baa4        0xb _build/nrf_log_str_formatter.o
 .rodata.prefix_process.constprop.0.str1.1
                0x0000baa4       0x2a _build/nrf_log_str_formatter.o
 .rodata.nrf_log_hexdump_entry_process.str1.1
                0x0000baa4       0x11 _build/nrf_log_str_formatter.o
 .rodata.str1.1
                0x0000baa4       0x51 _build/nrf_log_str_formatter.o
 .rodata.m_colors
                0x0000baa4       0x24 _build/nrf_log_str_formatter.o
 .rodata.severity_names
                0x0000bac8       0x14 _build/nrf_log_str_formatter.o
 .rodata.memobj_op.str1.1
                0x0000badc       0x50 _build/nrf_memobj.o
 .rodata.str1.1
                0x0000badc        0x9 _build/nrf_pwr_mgmt.o
 .rodata.nrf_queue_next_idx.str1.1
                0x0000badc       0x4e _build/nrf_queue.o
 .rodata.str1.1
                0x0000badc      0x391 _build/nrf_strerror.o
 .rodata.nrf_strerror_array
                0x0000badc      0x118 _build/nrf_strerror.o
 .rodata.m_unknown_str
                0x0000bbf4       0x13 _build/nrf_strerror.o
 .rodata.transaction_end_signal.str1.1
                0x0000bc07       0x54 _build/nrf_twi_mngr.o
 .rodata.str1.1
                0x0000bc07        0x6 _build/nrfx_clock.o
 .rodata.nrf_gpio_pin_port_decode.str1.1
                0x0000bc07       0x43 _build/nrfx_gpiote.o
 .rodata.str1.1
                0x0000bc07        0x7 _build/nrfx_gpiote.o
 .rodata.UARTE0_UART0_IRQHandler.str1.1
                0x0000bc07       0x4f _build/nrfx_prs.o
 .rodata.str1.1
                0x0000bc07        0x4 _build/nrfx_prs.o
 .rodata.str1.1
                0x0000bc07        0x4 _build/nrfx_pwm.o
 .rodata.str1.1
                0x0000bc07        0x6 _build/nrfx_saadc.o
 .rodata.nrf_gpio_pin_port_decode.str1.1
                0x0000bc07       0x43 _build/nrfx_spim.o
 .rodata.SPIM2_SPIS2_SPI2_IRQHandler.str1.1
                0x0000bc07       0x4c _build/nrfx_spim.o
 .rodata.str1.1
                0x0000bc07        0x5 _build/nrfx_spim.o
 .rodata.str1.1
                0x0000bc07        0x6 _build/nrfx_timer.o
 .rodata.nrf_gpio_pin_port_decode.str1.1
                0x0000bc07       0x43 _build/nrfx_twim.o
 .rodata.twim_irq_handler.str1.1
                0x0000bc07       0x4c _build/nrfx_twim.o
 .rodata.nrfx_twim_init.str1.1
                0x0000bc07       0x44 _build/nrfx_twim.o
 *fill*         0x0000bc07        0x1 
 .rodata.irq_handlers.0
                0x0000bc08        0x8 _build/nrfx_twim.o
 .rodata.str1.1
                0x0000bc10        0x5 _build/nrfx_twim.o
 .rodata.nrf_gpio_pin_port_decode.str1.1
                0x0000bc10       0x43 _build/nrfx_uart.o
 .rodata.nrfx_uart_init.str1.1
                0x0000bc10       0x90 _build/nrfx_uart.o
 .rodata.str1.1
                0x0000bc10        0x5 _build/nrfx_uart.o
 .rodata.nrf_gpio_pin_port_decode.str1.1
                0x0000bc10       0x43 _build/nrfx_uarte.o
 .rodata.nrfx_uarte_init.str1.1
                0x0000bc10       0x91 _build/nrfx_uarte.o
 .rodata.str1.1
                0x0000bc10        0x6 _build/nrfx_uarte.o
 .rodata        0x0000bc10      0x101 /usr/lib/gcc/arm-none-eabi/13.2.1/../../../arm-none-eabi/lib/thumb/v7e-m+fp/hard/libc.a(libc_a-ctype_.o)
                0x0000bc10                _ctype_
 *fill*         0x0000bd11        0x3 
 .rodata.str1.4
                0x0000bd14      0x112 /usr/lib/gcc/arm-none-eabi/13.2.1/../../../arm-none-eabi/lib/thumb/v7e-m+fp/hard/libc.a(libc_a-vfprintf.o)
                                 0x42 (size before relaxing)
 *fill*         0x0000be26        0x2 
 .rodata        0x0000be28       0x20 /usr/lib/gcc/arm-none-eabi/13.2.1/../../../arm-none-eabi/lib/thumb/v7e-m+fp/hard/libc.a(libc_a-vfprintf.o)
 .rodata.str1.4
                0x0000be48       0x54 /usr/lib/gcc/arm-none-eabi/13.2.1/../../../arm-none-eabi/lib/thumb/v7e-m+fp/hard/libc.a(libc_a-dtoa.o)
 .rodata.str1.4
                0x0000be48       0x43 /usr/lib/gcc/arm-none-eabi/13.2.1/../../../arm-none-eabi/lib/thumb/v7e-m+fp/hard/libc.a(libc_a-assert.o)
 .rodata.str1.4
                0x0000be48       0x41 /usr/lib/gcc/arm-none-eabi/13.2.1/../../../arm-none-eabi/lib/thumb/v7e-m+fp/hard/libc.a(libc_a-mprec.o)
 .rodata        0x0000be48      0x128 /usr/lib/gcc/arm-none-eabi/13.2.1/../../../arm-none-eabi/lib/thumb/v7e-m+fp/hard/libc.a(libc_a-mprec.o)
                0x0000be58                __mprec_tens
                0x0000bf20                __mprec_tinytens
                0x0000bf48                __mprec_bigtens
 .rodata.str1.4
                0x0000bf70       0x12 /usr/lib/gcc/arm-none-eabi/13.2.1/../../../arm-none-eabi/lib/thumb/v7e-m+fp/hard/libc.a(libc_a-locale.o)
 .rodata.str1.4
                0x0000bf70       0x2f /usr/lib/gcc/arm-none-eabi/13.2.1/../../../arm-none-eabi/lib/thumb/v7e-m+fp/hard/libc.a(libc_a-vfiprintf.o)
 .rodata        0x0000bf70       0x20 /usr/lib/gcc/arm-none-eabi/13.2.1/../../../arm-none-eabi/lib/thumb/v7e-m+fp/hard/libc.a(libc_a-vfiprintf.o)
 *(.eh_frame*)
 .eh_frame      0x0000bf90        0x0 /usr/lib/gcc/arm-none-eabi/13.2.1/thumb/v7e-m+fp/hard/crtbegin.o
 .eh_frame      0x0000bf90       0x34 /usr/lib/gcc/arm-none-eabi/13.2.1/../../../arm-none-eabi/lib/thumb/v7e-m+fp/hard/libc.a(libc_a-strlen.o)
 .eh_frame      0x0000bfc4       0x2c /usr/lib/gcc/arm-none-eabi/13.2.1/../../../arm-none-eabi/lib/thumb/v7e-m+fp/hard/libc.a(libc_a-memcpy.o)
 .eh_frame      0x0000bff0       0x50 /usr/lib/gcc/arm-none-eabi/13.2.1/../../../arm-none-eabi/lib/thumb/v7e-m+fp/hard/libc.a(libc_a-memchr.o)
 .eh_frame      0x0000c040        0x4 /usr/lib/gcc/arm-none-eabi/13.2.1/thumb/v7e-m+fp/hard/crtend.o

.glue_7         0x0000c044        0x0
 .glue_7        0x0000c044        0x0 linker stubs

.glue_7t        0x0000c044        0x0
 .glue_7t       0x0000c044        0x0 linker stubs

.vfp11_veneer   0x0000c044        0x0
 .vfp11_veneer  0x0000c044        0x0 linker stubs

.v4_bx          0x0000c044        0x0
 .v4_bx         0x0000c044        0x0 linker stubs

.iplt           0x0000c044        0x0
 .iplt          0x0000c044        0x0 /usr/lib/gcc/arm-none-eabi/13.2.1/thumb/v7e-m+fp/hard/crtbegin.o

.pwr_mgmt_data  0x0000c044        0x0
                0x0000c044                        PROVIDE (__start_pwr_mgmt_data = .)
 *(SORT_BY_NAME(.pwr_mgmt_data*))
                0x0000c044                        PROVIDE (__stop_pwr_mgmt_data = .)

.log_const_data
                0x0000c044       0x68
                0x0000c044                        PROVIDE (__start_log_const_data = .)
 *(SORT_BY_NAME(.log_const_data*))
 .log_const_data_CLOCK
                0x0000c044        0x8 _build/nrfx_clock.o
                0x0000c044                m_nrf_log_CLOCK_logs_data_const
 .log_const_data_GPIOTE
                0x0000c04c        0x8 _build/nrfx_gpiote.o
                0x0000c04c                m_nrf_log_GPIOTE_logs_data_const
 .log_const_data_PRS
                0x0000c054        0x8 _build/nrfx_prs.o
                0x0000c054                m_nrf_log_PRS_logs_data_const
 .log_const_data_PWM
                0x0000c05c        0x8 _build/nrfx_pwm.o
                0x0000c05c                m_nrf_log_PWM_logs_data_const
 .log_const_data_SAADC
                0x0000c064        0x8 _build/nrfx_saadc.o
                0x0000c064                m_nrf_log_SAADC_logs_data_const
 .log_const_data_SPIM
                0x0000c06c        0x8 _build/nrfx_spim.o
                0x0000c06c                m_nrf_log_SPIM_logs_data_const
 .log_const_data_TIMER
                0x0000c074        0x8 _build/nrfx_timer.o
                0x0000c074                m_nrf_log_TIMER_logs_data_const
 .log_const_data_TWIM
                0x0000c07c        0x8 _build/nrfx_twim.o
                0x0000c07c                m_nrf_log_TWIM_logs_data_const
 .log_const_data_UART
                0x0000c084        0x8 _build/nrfx_uart.o
                0x0000c084                m_nrf_log_UART_logs_data_const
 .log_const_data_UARTE
                0x0000c08c        0x8 _build/nrfx_uarte.o
                0x0000c08c                m_nrf_log_UARTE_logs_data_const
 .log_const_data_app
                0x0000c094        0x8 _build/nrf_log_frontend.o
                0x0000c094                m_nrf_log_app_logs_data_const
 .log_const_data_clock
                0x0000c09c        0x8 _build/nrf_drv_clock.o
                0x0000c09c                m_nrf_log_clock_logs_data_const
 .log_const_data_pwr_mgmt
                0x0000c0a4        0x8 _build/nrf_pwr_mgmt.o
                0x0000c0a4                m_nrf_log_pwr_mgmt_logs_data_const
                0x0000c0ac                        PROVIDE (__stop_log_const_data = .)

.nrf_balloc     0x0000c0ac       0x14
                [!provide]                        PROVIDE (__start_nrf_balloc = .)
 *(.nrf_balloc)
 .nrf_balloc    0x0000c0ac       0x14 _build/nrf_log_frontend.o
                0x0000c0ac                log_mempool
                [!provide]                        PROVIDE (__stop_nrf_balloc = .)

.nrf_queue      0x0000c0c0       0x14
                [!provide]                        PROVIDE (__start_nrf_queue = .)
 *(.nrf_queue)
 .nrf_queue     0x0000c0c0       0x14 _build/main.o
                0x0000c0c0                twi_mngr_instance_queue
                [!provide]                        PROVIDE (__stop_nrf_queue = .)

.log_backends   0x0000c0d4       0x10
 .log_backends  0x0000c0d4       0x10 _build/nrf_log_default_backends.o

.cli_command    0x0000c0e4        0x0
                [!provide]                        PROVIDE (__start_cli_command = .)
 *(.cli_command)
                [!provide]                        PROVIDE (__stop_cli_command = .)

.sdh_stack_observers
                0x0000c0e4        0x0
                [!provide]                        PROVIDE (__start_sdh_stack_observers = .)
 *(SORT_BY_NAME(.sdh_stack_observers*))
                [!provide]                        PROVIDE (__stop_sdh_stack_observers = .)

.sdh_req_observers
                0x0000c0e4        0x0
                [!provide]                        PROVIDE (__start_sdh_req_observers = .)
 *(SORT_BY_NAME(.sdh_req_observers*))
                [!provide]                        PROVIDE (__stop_sdh_req_observers = .)

.sdh_state_observers
                0x0000c0e4        0x0
                [!provide]                        PROVIDE (__start_sdh_state_observers = .)
 *(SORT_BY_NAME(.sdh_state_observers*))
                [!provide]                        PROVIDE (__stop_sdh_state_observers = .)

.sdh_ant_observers
                0x0000c0e4        0x0
                [!provide]                        PROVIDE (__start_sdh_ant_observers = .)
 *(SORT_BY_NAME(.sdh_ant_observers*))
                [!provide]                        PROVIDE (__stop_sdh_ant_observers = .)

.sdh_ble_observers
                0x0000c0e4        0x0
                [!provide]                        PROVIDE (__start_sdh_ble_observers = .)
 *(SORT_BY_NAME(.sdh_ble_observers*))
                [!provide]                        PROVIDE (__stop_sdh_ble_observers = .)

.sdh_soc_observers
                0x0000c0e4        0x0
                [!provide]                        PROVIDE (__start_sdh_soc_observers = .)
 *(SORT_BY_NAME(.sdh_soc_observers*))
                [!provide]                        PROVIDE (__stop_sdh_soc_observers = .)

.crypto_data    0x0000c0e4        0x0
                [!provide]                        PROVIDE (__start_crypto_data = .)
 *(SORT_BY_NAME(.crypto_data*))
                [!provide]                        PROVIDE (__stop_crypto_data = .)

.ARM.extab
 *(.ARM.extab* .gnu.linkonce.armextab.*)
                0x0000c0e4                        __exidx_start = .

.ARM.exidx      0x0000c0e4        0x8
 *(.ARM.exidx* .gnu.linkonce.armexidx.*)
 .ARM.exidx     0x0000c0e4        0x8 /usr/lib/gcc/arm-none-eabi/13.2.1/../../../arm-none-eabi/lib/thumb/v7e-m+fp/hard/crt0.o
                                 0x10 (size before relaxing)
 .ARM.exidx     0x0000c0ec        0x0 /usr/lib/gcc/arm-none-eabi/13.2.1/../../../arm-none-eabi/lib/thumb/v7e-m+fp/hard/libc.a(libc_a-strlen.o)
                                  0x8 (size before relaxing)
 .ARM.exidx     0x0000c0ec        0x0 /usr/lib/gcc/arm-none-eabi/13.2.1/../../../arm-none-eabi/lib/thumb/v7e-m+fp/hard/libc.a(libc_a-memcpy.o)
                                  0x8 (size before relaxing)
 .ARM.exidx     0x0000c0ec        0x0 /usr/lib/gcc/arm-none-eabi/13.2.1/../../../arm-none-eabi/lib/thumb/v7e-m+fp/hard/libc.a(libc_a-memchr.o)
                                  0x8 (size before relaxing)
                0x0000c0ec                        __exidx_end = .
                0x0000c0ec                        __etext = .

.rel.dyn        0x0000c0ec        0x0
 .rel.iplt      0x0000c0ec        0x0 /usr/lib/gcc/arm-none-eabi/13.2.1/thumb/v7e-m+fp/hard/crtbegin.o

.data           0x20000000      0x6e4 load address 0x0000c0ec
                0x20000000                        __data_start__ = .
 *(vtable)
 *(.data*)
 .data.m_uart   0x20000000       0x14 _build/microbit_nrf_log_backend_uart.o
                0x20000000                m_uart
 .data.log_backend_cb_uart_log_backend
                0x20000014        0x8 _build/nrf_log_default_backends.o
 .data.SystemCoreClock
                0x2000001c        0x4 _build/system_nrf52833.o
                0x2000001c                SystemCoreClock
 .data          0x20000020      0x128 /usr/lib/gcc/arm-none-eabi/13.2.1/../../../arm-none-eabi/lib/thumb/v7e-m+fp/hard/libc.a(libc_a-impure.o)
                0x20000020                _impure_ptr
                0x20000028                _impure_data
 .data          0x20000148        0xc /usr/lib/gcc/arm-none-eabi/13.2.1/../../../arm-none-eabi/lib/thumb/v7e-m+fp/hard/libc.a(libc_a-findfp.o)
                0x20000148                __sglue
 *fill*         0x20000154        0x4 
 .data          0x20000158      0x410 /usr/lib/gcc/arm-none-eabi/13.2.1/../../../arm-none-eabi/lib/thumb/v7e-m+fp/hard/libc.a(libc_a-mallocr.o)
                0x20000158                __malloc_av_
                0x20000560                __malloc_sbrk_base
                0x20000564                __malloc_trim_threshold
 .data          0x20000568      0x16c /usr/lib/gcc/arm-none-eabi/13.2.1/../../../arm-none-eabi/lib/thumb/v7e-m+fp/hard/libc.a(libc_a-locale.o)
                0x20000568                __global_locale
                0x200006d4                        . = ALIGN (0x4)
                0x200006d4                        PROVIDE (__preinit_array_start = .)
 *(.preinit_array)
                0x200006d4                        PROVIDE (__preinit_array_end = .)
                0x200006d4                        . = ALIGN (0x4)
                0x200006d4                        PROVIDE (__init_array_start = .)
 *(SORT_BY_NAME(.init_array.*))
 .init_array.00000
                0x200006d4        0x4 /usr/lib/gcc/arm-none-eabi/13.2.1/../../../arm-none-eabi/lib/thumb/v7e-m+fp/hard/libc.a(libc_a-__call_atexit.o)
 *(.init_array)
 .init_array    0x200006d8        0x4 /usr/lib/gcc/arm-none-eabi/13.2.1/thumb/v7e-m+fp/hard/crtbegin.o
 .init_array    0x200006dc        0x4 _build/microbit_before_startup.o
                0x200006e0                        PROVIDE (__init_array_end = .)
                0x200006e0                        . = ALIGN (0x4)
                0x200006e0                        PROVIDE (__fini_array_start = .)
 *(SORT_BY_NAME(.fini_array.*))
 *(.fini_array)
 .fini_array    0x200006e0        0x4 /usr/lib/gcc/arm-none-eabi/13.2.1/thumb/v7e-m+fp/hard/crtbegin.o
                0x200006e4                        PROVIDE (__fini_array_end = .)
 *(.jcr*)
                0x200006e4                        . = ALIGN (0x4)
                0x200006e4                        __data_end__ = .
LOAD /usr/lib/gcc/arm-none-eabi/13.2.1/thumb/v7e-m+fp/hard/crti.o
LOAD /usr/lib/gcc/arm-none-eabi/13.2.1/thumb/v7e-m+fp/hard/crtbegin.o
LOAD /usr/lib/gcc/arm-none-eabi/13.2.1/../../../arm-none-eabi/lib/thumb/v7e-m+fp/hard/crt0.o
START GROUP
LOAD _build/LSM6DSO.o
LOAD _build/main.o
LOAD _build/better_error_handling.o
LOAD _build/microbit_before_startup.o
LOAD _build/microbit_nrf_log_backend_uart.o
LOAD _build/microbit_retarget.o
LOAD _build/app_error_handler_gcc.o
LOAD _build/app_fifo.o
LOAD _build/app_scheduler.o
LOAD _build/app_timer.o
LOAD _build/app_uart_fifo.o
LOAD _build/app_util_platform.o
LOAD _build/hardfault_handler_gcc.o
LOAD _build/nrf_assert.o
LOAD _build/nrf_atomic.o
LOAD _build/nrf_balloc.o
LOAD _build/nrf_drv_clock.o
LOAD _build/nrf_drv_twi.o
LOAD _build/nrf_drv_uart.o
LOAD _build/nrf_fprintf.o
LOAD _build/nrf_fprintf_format.o
LOAD _build/nrf_log_backend_rtt.o
LOAD _build/nrf_log_backend_serial.o
LOAD _build/nrf_log_default_backends.o
LOAD _build/nrf_log_frontend.o
LOAD _build/nrf_log_str_formatter.o
LOAD _build/nrf_memobj.o
LOAD _build/nrf_nvmc.o
LOAD _build/nrf_pwr_mgmt.o
LOAD _build/nrf_queue.o
LOAD _build/nrf_ringbuf.o
LOAD _build/nrf_sdh.o
LOAD _build/nrf_section_iter.o
LOAD _build/nrf_serial.o
LOAD _build/nrf_strerror.o
LOAD _build/nrf_twi_mngr.o
LOAD _build/nrfx_clock.o
LOAD _build/nrfx_gpiote.o
LOAD _build/nrfx_ppi.o
LOAD _build/nrfx_prs.o
LOAD _build/nrfx_pwm.o
LOAD _build/nrfx_saadc.o
LOAD _build/nrfx_spim.o
LOAD _build/nrfx_timer.o
LOAD _build/nrfx_twi.o
LOAD _build/nrfx_twim.o
LOAD _build/nrfx_uart.o
LOAD _build/nrfx_uarte.o
LOAD _build/system_nrf52833.o
LOAD _build/app_error_weak.o
LOAD _build/gcc_startup_nrf52833.os
LOAD /usr/lib/gcc/arm-none-eabi/13.2.1/../../../arm-none-eabi/lib/thumb/v7e-m+fp/hard/libc.a
LOAD /usr/lib/gcc/arm-none-eabi/13.2.1/../../../arm-none-eabi/lib/thumb/v7e-m+fp/hard/libnosys.a
LOAD /usr/lib/gcc/arm-none-eabi/13.2.1/../../../arm-none-eabi/lib/thumb/v7e-m+fp/hard/libm.a
LOAD /usr/lib/gcc/arm-none-eabi/13.2.1/../../../arm-none-eabi/lib/thumb/v7e-m+fp/hard/libstdc++.a
END GROUP
START GROUP
LOAD /usr/lib/gcc/arm-none-eabi/13.2.1/thumb/v7e-m+fp/hard/libgcc.a
LOAD /usr/lib/gcc/arm-none-eabi/13.2.1/../../../arm-none-eabi/lib/thumb/v7e-m+fp/hard/libc.a
END GROUP
LOAD /usr/lib/gcc/arm-none-eabi/13.2.1/thumb/v7e-m+fp/hard/crtend.o
LOAD /usr/lib/gcc/arm-none-eabi/13.2.1/thumb/v7e-m+fp/hard/crtn.o
START GROUP
LOAD /usr/lib/gcc/arm-none-eabi/13.2.1/thumb/v7e-m+fp/hard/libgcc.a
LOAD /usr/lib/gcc/arm-none-eabi/13.2.1/../../../arm-none-eabi/lib/thumb/v7e-m+fp/hard/libc.a
LOAD /usr/lib/gcc/arm-none-eabi/13.2.1/../../../arm-none-eabi/lib/thumb/v7e-m+fp/hard/libnosys.a
END GROUP
                0x00001000                        FLASH_PAGE_SIZE = 0x1000
                0x00000004                        FLASH_DATA_PAGES_USED = 0x4

.tm_clone_table
                0x200006e4        0x0 load address 0x0000c7d0
 .tm_clone_table
                0x200006e4        0x0 /usr/lib/gcc/arm-none-eabi/13.2.1/thumb/v7e-m+fp/hard/crtbegin.o
 .tm_clone_table
                0x200006e4        0x0 /usr/lib/gcc/arm-none-eabi/13.2.1/thumb/v7e-m+fp/hard/crtend.o

.igot.plt       0x200006e4        0x0 load address 0x0000c7d0
 .igot.plt      0x200006e4        0x0 /usr/lib/gcc/arm-none-eabi/13.2.1/thumb/v7e-m+fp/hard/crtbegin.o
                0x200006e4                        . = ALIGN (0x4)

.svc_data       0x200006e4        0x0
                [!provide]                        PROVIDE (__start_svc_data = .)
 *(.svc_data)
                [!provide]                        PROVIDE (__stop_svc_data = .)

.fs_data        0x200006e4        0x0
                [!provide]                        PROVIDE (__start_fs_data = .)
 *(.fs_data)
                [!provide]                        PROVIDE (__stop_fs_data = .)

.log_dynamic_data
                0x200006e4        0x0
                0x200006e4                        PROVIDE (__start_log_dynamic_data = .)
 *(SORT_BY_NAME(.log_dynamic_data*))
                [!provide]                        PROVIDE (__stop_log_dynamic_data = .)

.cli_sorted_cmd_ptrs
                0x200006e4        0x0
                [!provide]                        PROVIDE (__start_cli_sorted_cmd_ptrs = .)
 *(.cli_sorted_cmd_ptrs)
                [!provide]                        PROVIDE (__stop_cli_sorted_cmd_ptrs = .)

.bss            0x200006e4      0xc1c load address 0x0000c7d0
                0x200006e4                        . = ALIGN (0x4)
                0x200006e4                        __bss_start__ = .
 *(.bss*)
 .bss           0x200006e4       0x1c /usr/lib/gcc/arm-none-eabi/13.2.1/thumb/v7e-m+fp/hard/crtbegin.o
 .bss.twi_mngr_instance_cb
                0x20000700       0x1c _build/main.o
 .bss.twi_mngr_instance_queue_nrf_queue_cb
                0x2000071c        0xc _build/main.o
 .bss.twi_mngr_instance_queue_nrf_queue_buffer
                0x20000728        0x8 _build/main.o
 .bss.m_async_mode
                0x20000730        0x1 _build/microbit_nrf_log_backend_uart.o
 .bss.m_xfer_done
                0x20000731        0x1 _build/microbit_nrf_log_backend_uart.o
 .bss.m_string_buff
                0x20000732       0x40 _build/microbit_nrf_log_backend_uart.o
 .bss.m_rtc1_reset
                0x20000772        0x1 _build/app_timer.o
 .bss.m_rtc1_running
                0x20000773        0x1 _build/app_timer.o
 .bss.m_ticks_elapsed_q_write_ind
                0x20000774        0x1 _build/app_timer.o
 .bss.m_ticks_elapsed_q_read_ind
                0x20000775        0x1 _build/app_timer.o
 *fill*         0x20000776        0x2 
 .bss.m_ticks_elapsed
                0x20000778        0x8 _build/app_timer.o
 .bss.m_ticks_latest
                0x20000780        0x4 _build/app_timer.o
 .bss.mp_timer_id_head
                0x20000784        0x4 _build/app_timer.o
 .bss.m_op_queue
                0x20000788      0x10c _build/app_timer.o
 .bss.m_in_critical_region
                0x20000894        0x4 _build/app_util_platform.o
 .bss.m_contexts
                0x20000898        0x8 _build/nrf_drv_twi.o
 .bss.m_handlers
                0x200008a0        0x8 _build/nrf_drv_twi.o
 .bss.nrf_drv_uart_use_easy_dma
                0x200008a8        0x2 _build/nrf_drv_uart.o
                0x200008a8                nrf_drv_uart_use_easy_dma
 *fill*         0x200008aa        0x2 
 .bss.m_contexts
                0x200008ac        0x8 _build/nrf_drv_uart.o
 .bss.m_handlers
                0x200008b4        0x8 _build/nrf_drv_uart.o
 .bss.m_log_data
                0x200008bc      0x424 _build/nrf_log_frontend.o
 .bss.m_log_push_ringbuf_cb
                0x20000ce0       0x18 _build/nrf_log_frontend.o
 .bss.m_log_push_ringbuf_buf
                0x20000cf8       0x80 _build/nrf_log_frontend.o
 .bss.log_mempool_nrf_balloc_cb
                0x20000d78        0x8 _build/nrf_log_frontend.o
 .bss.log_mempool_nrf_balloc_pool_mem
                0x20000d80       0xc0 _build/nrf_log_frontend.o
 .bss.log_mempool_nrf_balloc_pool_stack
                0x20000e40        0x8 _build/nrf_log_frontend.o
 .bss.m_clock_cb
                0x20000e48        0x8 _build/nrfx_clock.o
 .bss.m_cb      0x20000e50       0x68 _build/nrfx_gpiote.o
 .bss.m_prs_box_4
                0x20000eb8        0x8 _build/nrfx_prs.o
 .bss.m_cb      0x20000ec0       0x10 _build/nrfx_pwm.o
 .bss.m_cb      0x20000ed0       0x30 _build/nrfx_saadc.o
 .bss.m_cb      0x20000f00       0x24 _build/nrfx_spim.o
 .bss.m_cb      0x20000f24       0x18 _build/nrfx_timer.o
 .bss.m_cb      0x20000f3c       0x68 _build/nrfx_twim.o
 .bss.m_cb      0x20000fa4       0x2c _build/nrfx_uart.o
 .bss.m_cb      0x20000fd0       0x24 _build/nrfx_uarte.o
 .bss           0x20000ff4      0x13c /usr/lib/gcc/arm-none-eabi/13.2.1/../../../arm-none-eabi/lib/thumb/v7e-m+fp/hard/libc.a(libc_a-findfp.o)
                0x20000ff4                __sf
                0x2000112c                __stdio_exit_handler
 .bss           0x20001130       0x34 /usr/lib/gcc/arm-none-eabi/13.2.1/../../../arm-none-eabi/lib/thumb/v7e-m+fp/hard/libc.a(libc_a-mallocr.o)
                0x20001130                __malloc_top_pad
                0x20001134                __malloc_current_mallinfo
                0x2000115c                __malloc_max_sbrked_mem
                0x20001160                __malloc_max_total_mem
 .bss           0x20001164        0x4 /usr/lib/gcc/arm-none-eabi/13.2.1/../../../arm-none-eabi/lib/thumb/v7e-m+fp/hard/libc.a(libc_a-__call_atexit.o)
                0x20001164                __atexit
 .bss           0x20001168      0x190 /usr/lib/gcc/arm-none-eabi/13.2.1/../../../arm-none-eabi/lib/thumb/v7e-m+fp/hard/libc.a(libc_a-__atexit.o)
                0x20001168                __atexit0
 .bss           0x200012f8        0x4 /usr/lib/gcc/arm-none-eabi/13.2.1/../../../arm-none-eabi/lib/thumb/v7e-m+fp/hard/libc.a(libc_a-reent.o)
                0x200012f8                errno
 .bss           0x200012fc        0x4 /usr/lib/gcc/arm-none-eabi/13.2.1/../../../arm-none-eabi/lib/thumb/v7e-m+fp/hard/libnosys.a(sbrk.o)
 *(COMMON)
                0x20001300                        . = ALIGN (0x4)
                0x20001300                        __bss_end__ = .

.heap           0x20001300     0x2000
                0x20001300                        __HeapBase = .
                0x20001300                        __end__ = .
                0x20001300                        PROVIDE (end = .)
 *(.heap*)
 .heap          0x20001300     0x2000 _build/gcc_startup_nrf52833.os
                0x20003300                        __HeapLimit = .

.stack_dummy    0x20001300     0x2000
 *(.stack*)
 .stack         0x20001300     0x2000 _build/gcc_startup_nrf52833.os
                0x20020000                        __StackTop = (ORIGIN (RAM) + LENGTH (RAM))
                0x2001e000                        __StackLimit = (__StackTop - SIZEOF (.stack_dummy))
                0x20020000                        PROVIDE (__stack = __StackTop)
                0x00000001                        ASSERT ((__StackLimit >= __HeapLimit), region RAM overflowed with stack)
                0x000006e4                        DataInitFlashUsed = (__bss_start__ - __data_start__)
                0x0000c0ec                        CodeFlashUsed = (__etext - ORIGIN (FLASH))
                0x0000c7d0                        TotalFlashUsed = (CodeFlashUsed + DataInitFlashUsed)
                0x00000001                        ASSERT ((TotalFlashUsed <= LENGTH (FLASH)), region FLASH overflowed with .data and user data)
OUTPUT(_build/LSM6DSO_sdk16_blank.elf elf32-littlearm)
LOAD linker stubs

.ARM.attributes
                0x00000000       0x30
 .ARM.attributes
                0x00000000       0x22 /usr/lib/gcc/arm-none-eabi/13.2.1/thumb/v7e-m+fp/hard/crti.o
 .ARM.attributes
                0x00000022       0x34 /usr/lib/gcc/arm-none-eabi/13.2.1/thumb/v7e-m+fp/hard/crtbegin.o
 .ARM.attributes
                0x00000056       0x20 /usr/lib/gcc/arm-none-eabi/13.2.1/../../../arm-none-eabi/lib/thumb/v7e-m+fp/hard/crt0.o
 .ARM.attributes
                0x00000076       0x34 _build/LSM6DSO.o
 .ARM.attributes
                0x000000aa       0x34 _build/main.o
 .ARM.attributes
                0x000000de       0x34 _build/better_error_handling.o
 .ARM.attributes
                0x00000112       0x34 _build/microbit_before_startup.o
 .ARM.attributes
                0x00000146       0x34 _build/microbit_nrf_log_backend_uart.o
 .ARM.attributes
                0x0000017a       0x34 _build/microbit_retarget.o
 .ARM.attributes
                0x000001ae       0x34 _build/app_error_handler_gcc.o
 .ARM.attributes
                0x000001e2       0x34 _build/app_timer.o
 .ARM.attributes
                0x00000216       0x34 _build/app_util_platform.o
 .ARM.attributes
                0x0000024a       0x34 _build/hardfault_handler_gcc.o
 .ARM.attributes
                0x0000027e       0x34 _build/nrf_assert.o
 .ARM.attributes
                0x000002b2       0x34 _build/nrf_atomic.o
 .ARM.attributes
                0x000002e6       0x34 _build/nrf_balloc.o
 .ARM.attributes
                0x0000031a       0x34 _build/nrf_drv_clock.o
 .ARM.attributes
                0x0000034e       0x34 _build/nrf_drv_twi.o
 .ARM.attributes
                0x00000382       0x34 _build/nrf_drv_uart.o
 .ARM.attributes
                0x000003b6       0x34 _build/nrf_fprintf.o
 .ARM.attributes
                0x000003ea       0x34 _build/nrf_fprintf_format.o
 .ARM.attributes
                0x0000041e       0x34 _build/nrf_log_backend_serial.o
 .ARM.attributes
                0x00000452       0x34 _build/nrf_log_default_backends.o
 .ARM.attributes
                0x00000486       0x34 _build/nrf_log_frontend.o
 .ARM.attributes
                0x000004ba       0x34 _build/nrf_log_str_formatter.o
 .ARM.attributes
                0x000004ee       0x34 _build/nrf_memobj.o
 .ARM.attributes
                0x00000522       0x34 _build/nrf_pwr_mgmt.o
 .ARM.attributes
                0x00000556       0x34 _build/nrf_queue.o
 .ARM.attributes
                0x0000058a       0x34 _build/nrf_ringbuf.o
 .ARM.attributes
                0x000005be       0x34 _build/nrf_strerror.o
 .ARM.attributes
                0x000005f2       0x34 _build/nrf_twi_mngr.o
 .ARM.attributes
                0x00000626       0x34 _build/nrfx_clock.o
 .ARM.attributes
                0x0000065a       0x34 _build/nrfx_gpiote.o
 .ARM.attributes
                0x0000068e       0x34 _build/nrfx_prs.o
 .ARM.attributes
                0x000006c2       0x34 _build/nrfx_pwm.o
 .ARM.attributes
                0x000006f6       0x34 _build/nrfx_saadc.o
 .ARM.attributes
                0x0000072a       0x34 _build/nrfx_spim.o
 .ARM.attributes
                0x0000075e       0x34 _build/nrfx_timer.o
 .ARM.attributes
                0x00000792       0x34 _build/nrfx_twim.o
 .ARM.attributes
                0x000007c6       0x34 _build/nrfx_uart.o
 .ARM.attributes
                0x000007fa       0x34 _build/nrfx_uarte.o
 .ARM.attributes
                0x0000082e       0x34 _build/system_nrf52833.o
 .ARM.attributes
                0x00000862       0x1c _build/gcc_startup_nrf52833.os
 .ARM.attributes
                0x0000087e       0x1c /usr/lib/gcc/arm-none-eabi/13.2.1/../../../arm-none-eabi/lib/thumb/v7e-m+fp/hard/libc.a(libc_a-strlen.o)
 .ARM.attributes
                0x0000089a       0x34 /usr/lib/gcc/arm-none-eabi/13.2.1/../../../arm-none-eabi/lib/thumb/v7e-m+fp/hard/libc.a(libc_a-memset.o)
 .ARM.attributes
                0x000008ce       0x34 /usr/lib/gcc/arm-none-eabi/13.2.1/../../../arm-none-eabi/lib/thumb/v7e-m+fp/hard/libc.a(libc_a-impure.o)
 .ARM.attributes
                0x00000902       0x34 /usr/lib/gcc/arm-none-eabi/13.2.1/../../../arm-none-eabi/lib/thumb/v7e-m+fp/hard/libc.a(libc_a-setbuf.o)
 .ARM.attributes
                0x00000936       0x34 /usr/lib/gcc/arm-none-eabi/13.2.1/../../../arm-none-eabi/lib/thumb/v7e-m+fp/hard/libc.a(libc_a-memcmp.o)
 .ARM.attributes
                0x0000096a       0x20 /usr/lib/gcc/arm-none-eabi/13.2.1/../../../arm-none-eabi/lib/thumb/v7e-m+fp/hard/libc.a(libc_a-memcpy.o)
 .ARM.attributes
                0x0000098a       0x34 /usr/lib/gcc/arm-none-eabi/13.2.1/../../../arm-none-eabi/lib/thumb/v7e-m+fp/hard/libc.a(libc_a-init.o)
 .ARM.attributes
                0x000009be       0x34 /usr/lib/gcc/arm-none-eabi/13.2.1/../../../arm-none-eabi/lib/thumb/v7e-m+fp/hard/libc.a(libc_a-findfp.o)
 .ARM.attributes
                0x000009f2       0x34 /usr/lib/gcc/arm-none-eabi/13.2.1/../../../arm-none-eabi/lib/thumb/v7e-m+fp/hard/libc.a(libc_a-exit.o)
 .ARM.attributes
                0x00000a26       0x34 /usr/lib/gcc/arm-none-eabi/13.2.1/../../../arm-none-eabi/lib/thumb/v7e-m+fp/hard/libc.a(libc_a-ctype_.o)
 .ARM.attributes
                0x00000a5a       0x34 /usr/lib/gcc/arm-none-eabi/13.2.1/../../../arm-none-eabi/lib/thumb/v7e-m+fp/hard/libc.a(libc_a-atexit.o)
 .ARM.attributes
                0x00000a8e       0x34 /usr/lib/gcc/arm-none-eabi/13.2.1/../../../arm-none-eabi/lib/thumb/v7e-m+fp/hard/libc.a(libc_a-printf.o)
 .ARM.attributes
                0x00000ac2       0x34 /usr/lib/gcc/arm-none-eabi/13.2.1/../../../arm-none-eabi/lib/thumb/v7e-m+fp/hard/libc.a(libc_a-fini.o)
 .ARM.attributes
                0x00000af6       0x34 /usr/lib/gcc/arm-none-eabi/13.2.1/../../../arm-none-eabi/lib/thumb/v7e-m+fp/hard/libc.a(libc_a-fwalk.o)
 .ARM.attributes
                0x00000b2a       0x34 /usr/lib/gcc/arm-none-eabi/13.2.1/../../../arm-none-eabi/lib/thumb/v7e-m+fp/hard/libc.a(libc_a-vfprintf.o)
 .ARM.attributes
                0x00000b5e       0x1c /usr/lib/gcc/arm-none-eabi/13.2.1/../../../arm-none-eabi/lib/thumb/v7e-m+fp/hard/libc.a(libc_a-memchr.o)
 .ARM.attributes
                0x00000b7a       0x34 /usr/lib/gcc/arm-none-eabi/13.2.1/../../../arm-none-eabi/lib/thumb/v7e-m+fp/hard/libc.a(libc_a-fflush.o)
 .ARM.attributes
                0x00000bae       0x34 /usr/lib/gcc/arm-none-eabi/13.2.1/../../../arm-none-eabi/lib/thumb/v7e-m+fp/hard/libc.a(libc_a-setvbuf.o)
 .ARM.attributes
                0x00000be2       0x34 /usr/lib/gcc/arm-none-eabi/13.2.1/../../../arm-none-eabi/lib/thumb/v7e-m+fp/hard/libc.a(libc_a-mallocr.o)
 .ARM.attributes
                0x00000c16       0x34 /usr/lib/gcc/arm-none-eabi/13.2.1/../../../arm-none-eabi/lib/thumb/v7e-m+fp/hard/libc.a(libc_a-dtoa.o)
 .ARM.attributes
                0x00000c4a       0x34 /usr/lib/gcc/arm-none-eabi/13.2.1/../../../arm-none-eabi/lib/thumb/v7e-m+fp/hard/libc.a(libc_a-wsetup.o)
 .ARM.attributes
                0x00000c7e       0x34 /usr/lib/gcc/arm-none-eabi/13.2.1/../../../arm-none-eabi/lib/thumb/v7e-m+fp/hard/libc.a(libc_a-freer.o)
 .ARM.attributes
                0x00000cb2       0x34 /usr/lib/gcc/arm-none-eabi/13.2.1/../../../arm-none-eabi/lib/thumb/v7e-m+fp/hard/libc.a(libc_a-fclose.o)
 .ARM.attributes
                0x00000ce6       0x34 /usr/lib/gcc/arm-none-eabi/13.2.1/../../../arm-none-eabi/lib/thumb/v7e-m+fp/hard/libc.a(libc_a-__call_atexit.o)
 .ARM.attributes
                0x00000d1a       0x34 /usr/lib/gcc/arm-none-eabi/13.2.1/../../../arm-none-eabi/lib/thumb/v7e-m+fp/hard/libc.a(libc_a-malloc.o)
 .ARM.attributes
                0x00000d4e       0x34 /usr/lib/gcc/arm-none-eabi/13.2.1/../../../arm-none-eabi/lib/thumb/v7e-m+fp/hard/libc.a(libc_a-sysconf.o)
 .ARM.attributes
                0x00000d82       0x34 /usr/lib/gcc/arm-none-eabi/13.2.1/../../../arm-none-eabi/lib/thumb/v7e-m+fp/hard/libc.a(libc_a-stdio.o)
 .ARM.attributes
                0x00000db6       0x34 /usr/lib/gcc/arm-none-eabi/13.2.1/../../../arm-none-eabi/lib/thumb/v7e-m+fp/hard/libc.a(libc_a-__atexit.o)
 .ARM.attributes
                0x00000dea       0x34 /usr/lib/gcc/arm-none-eabi/13.2.1/../../../arm-none-eabi/lib/thumb/v7e-m+fp/hard/libc.a(libc_a-writer.o)
 .ARM.attributes
                0x00000e1e       0x34 /usr/lib/gcc/arm-none-eabi/13.2.1/../../../arm-none-eabi/lib/thumb/v7e-m+fp/hard/libc.a(libc_a-mlock.o)
 .ARM.attributes
                0x00000e52       0x34 /usr/lib/gcc/arm-none-eabi/13.2.1/../../../arm-none-eabi/lib/thumb/v7e-m+fp/hard/libc.a(libc_a-sbrkr.o)
 .ARM.attributes
                0x00000e86       0x34 /usr/lib/gcc/arm-none-eabi/13.2.1/../../../arm-none-eabi/lib/thumb/v7e-m+fp/hard/libc.a(libc_a-closer.o)
 .ARM.attributes
                0x00000eba       0x34 /usr/lib/gcc/arm-none-eabi/13.2.1/../../../arm-none-eabi/lib/thumb/v7e-m+fp/hard/libc.a(libc_a-sprint_r.o)
 .ARM.attributes
                0x00000eee       0x34 /usr/lib/gcc/arm-none-eabi/13.2.1/../../../arm-none-eabi/lib/thumb/v7e-m+fp/hard/libc.a(libc_a-assert.o)
 .ARM.attributes
                0x00000f22       0x34 /usr/lib/gcc/arm-none-eabi/13.2.1/../../../arm-none-eabi/lib/thumb/v7e-m+fp/hard/libc.a(libc_a-mprec.o)
 .ARM.attributes
                0x00000f56       0x34 /usr/lib/gcc/arm-none-eabi/13.2.1/../../../arm-none-eabi/lib/thumb/v7e-m+fp/hard/libc.a(libc_a-localeconv.o)
 .ARM.attributes
                0x00000f8a       0x34 /usr/lib/gcc/arm-none-eabi/13.2.1/../../../arm-none-eabi/lib/thumb/v7e-m+fp/hard/libc.a(libc_a-makebuf.o)
 .ARM.attributes
                0x00000fbe       0x34 /usr/lib/gcc/arm-none-eabi/13.2.1/../../../arm-none-eabi/lib/thumb/v7e-m+fp/hard/libc.a(libc_a-locale.o)
 .ARM.attributes
                0x00000ff2       0x34 /usr/lib/gcc/arm-none-eabi/13.2.1/../../../arm-none-eabi/lib/thumb/v7e-m+fp/hard/libc.a(libc_a-mbtowc_r.o)
 .ARM.attributes
                0x00001026       0x34 /usr/lib/gcc/arm-none-eabi/13.2.1/../../../arm-none-eabi/lib/thumb/v7e-m+fp/hard/libc.a(libc_a-errno.o)
 .ARM.attributes
                0x0000105a       0x34 /usr/lib/gcc/arm-none-eabi/13.2.1/../../../arm-none-eabi/lib/thumb/v7e-m+fp/hard/libc.a(libc_a-abort.o)
 .ARM.attributes
                0x0000108e       0x34 /usr/lib/gcc/arm-none-eabi/13.2.1/../../../arm-none-eabi/lib/thumb/v7e-m+fp/hard/libc.a(libc_a-callocr.o)
 .ARM.attributes
                0x000010c2       0x34 /usr/lib/gcc/arm-none-eabi/13.2.1/../../../arm-none-eabi/lib/thumb/v7e-m+fp/hard/libc.a(libc_a-readr.o)
 .ARM.attributes
                0x000010f6       0x34 /usr/lib/gcc/arm-none-eabi/13.2.1/../../../arm-none-eabi/lib/thumb/v7e-m+fp/hard/libc.a(libc_a-fiprintf.o)
 .ARM.attributes
                0x0000112a       0x34 /usr/lib/gcc/arm-none-eabi/13.2.1/../../../arm-none-eabi/lib/thumb/v7e-m+fp/hard/libc.a(libc_a-wctomb_r.o)
 .ARM.attributes
                0x0000115e       0x34 /usr/lib/gcc/arm-none-eabi/13.2.1/../../../arm-none-eabi/lib/thumb/v7e-m+fp/hard/libc.a(libc_a-lseekr.o)
 .ARM.attributes
                0x00001192       0x34 /usr/lib/gcc/arm-none-eabi/13.2.1/../../../arm-none-eabi/lib/thumb/v7e-m+fp/hard/libc.a(libc_a-reent.o)
 .ARM.attributes
                0x000011c6       0x34 /usr/lib/gcc/arm-none-eabi/13.2.1/../../../arm-none-eabi/lib/thumb/v7e-m+fp/hard/libc.a(libc_a-fstatr.o)
 .ARM.attributes
                0x000011fa       0x34 /usr/lib/gcc/arm-none-eabi/13.2.1/../../../arm-none-eabi/lib/thumb/v7e-m+fp/hard/libc.a(libc_a-isattyr.o)
 .ARM.attributes
                0x0000122e       0x34 /usr/lib/gcc/arm-none-eabi/13.2.1/../../../arm-none-eabi/lib/thumb/v7e-m+fp/hard/libc.a(libc_a-fvwrite.o)
 .ARM.attributes
                0x00001262       0x34 /usr/lib/gcc/arm-none-eabi/13.2.1/../../../arm-none-eabi/lib/thumb/v7e-m+fp/hard/libc.a(libc_a-signal.o)
 .ARM.attributes
                0x00001296       0x34 /usr/lib/gcc/arm-none-eabi/13.2.1/../../../arm-none-eabi/lib/thumb/v7e-m+fp/hard/libc.a(libc_a-signalr.o)
 .ARM.attributes
                0x000012ca       0x34 /usr/lib/gcc/arm-none-eabi/13.2.1/../../../arm-none-eabi/lib/thumb/v7e-m+fp/hard/libc.a(libc_a-memmove.o)
 .ARM.attributes
                0x000012fe       0x34 /usr/lib/gcc/arm-none-eabi/13.2.1/../../../arm-none-eabi/lib/thumb/v7e-m+fp/hard/libc.a(libc_a-vfiprintf.o)
 .ARM.attributes
                0x00001332       0x34 /usr/lib/gcc/arm-none-eabi/13.2.1/../../../arm-none-eabi/lib/thumb/v7e-m+fp/hard/libc.a(libc_a-reallocr.o)
 .ARM.attributes
                0x00001366       0x34 /usr/lib/gcc/arm-none-eabi/13.2.1/../../../arm-none-eabi/lib/thumb/v7e-m+fp/hard/libnosys.a(close.o)
 .ARM.attributes
                0x0000139a       0x34 /usr/lib/gcc/arm-none-eabi/13.2.1/../../../arm-none-eabi/lib/thumb/v7e-m+fp/hard/libnosys.a(fstat.o)
 .ARM.attributes
                0x000013ce       0x34 /usr/lib/gcc/arm-none-eabi/13.2.1/../../../arm-none-eabi/lib/thumb/v7e-m+fp/hard/libnosys.a(getpid.o)
 .ARM.attributes
                0x00001402       0x34 /usr/lib/gcc/arm-none-eabi/13.2.1/../../../arm-none-eabi/lib/thumb/v7e-m+fp/hard/libnosys.a(isatty.o)
 .ARM.attributes
                0x00001436       0x34 /usr/lib/gcc/arm-none-eabi/13.2.1/../../../arm-none-eabi/lib/thumb/v7e-m+fp/hard/libnosys.a(kill.o)
 .ARM.attributes
                0x0000146a       0x34 /usr/lib/gcc/arm-none-eabi/13.2.1/../../../arm-none-eabi/lib/thumb/v7e-m+fp/hard/libnosys.a(lseek.o)
 .ARM.attributes
                0x0000149e       0x34 /usr/lib/gcc/arm-none-eabi/13.2.1/../../../arm-none-eabi/lib/thumb/v7e-m+fp/hard/libnosys.a(sbrk.o)
 .ARM.attributes
                0x000014d2       0x34 /usr/lib/gcc/arm-none-eabi/13.2.1/../../../arm-none-eabi/lib/thumb/v7e-m+fp/hard/libnosys.a(_exit.o)
 .ARM.attributes
                0x00001506       0x22 /usr/lib/gcc/arm-none-eabi/13.2.1/thumb/v7e-m+fp/hard/libgcc.a(_arm_addsubdf3.o)
 .ARM.attributes
                0x00001528       0x22 /usr/lib/gcc/arm-none-eabi/13.2.1/thumb/v7e-m+fp/hard/libgcc.a(_arm_muldivdf3.o)
 .ARM.attributes
                0x0000154a       0x22 /usr/lib/gcc/arm-none-eabi/13.2.1/thumb/v7e-m+fp/hard/libgcc.a(_arm_cmpdf2.o)
 .ARM.attributes
                0x0000156c       0x22 /usr/lib/gcc/arm-none-eabi/13.2.1/thumb/v7e-m+fp/hard/libgcc.a(_arm_unorddf2.o)
 .ARM.attributes
                0x0000158e       0x22 /usr/lib/gcc/arm-none-eabi/13.2.1/thumb/v7e-m+fp/hard/libgcc.a(_arm_fixdfsi.o)
 .ARM.attributes
                0x000015b0       0x34 /usr/lib/gcc/arm-none-eabi/13.2.1/thumb/v7e-m+fp/hard/crtend.o
 .ARM.attributes
                0x000015e4       0x22 /usr/lib/gcc/arm-none-eabi/13.2.1/thumb/v7e-m+fp/hard/crtn.o

.comment        0x00000000       0x26
 .comment       0x00000000       0x26 /usr/lib/gcc/arm-none-eabi/13.2.1/thumb/v7e-m+fp/hard/crtbegin.o
                                 0x27 (size before relaxing)
 .comment       0x00000026       0x27 _build/LSM6DSO.o
 .comment       0x00000026       0x27 _build/main.o
 .comment       0x00000026       0x27 _build/better_error_handling.o
 .comment       0x00000026       0x27 _build/microbit_before_startup.o
 .comment       0x00000026       0x27 _build/microbit_nrf_log_backend_uart.o
 .comment       0x00000026       0x27 _build/microbit_retarget.o
 .comment       0x00000026       0x27 _build/app_error_handler_gcc.o
 .comment       0x00000026       0x27 _build/app_timer.o
 .comment       0x00000026       0x27 _build/app_util_platform.o
 .comment       0x00000026       0x27 _build/hardfault_handler_gcc.o
 .comment       0x00000026       0x27 _build/nrf_assert.o
 .comment       0x00000026       0x27 _build/nrf_atomic.o
 .comment       0x00000026       0x27 _build/nrf_balloc.o
 .comment       0x00000026       0x27 _build/nrf_drv_clock.o
 .comment       0x00000026       0x27 _build/nrf_drv_twi.o
 .comment       0x00000026       0x27 _build/nrf_drv_uart.o
 .comment       0x00000026       0x27 _build/nrf_fprintf.o
 .comment       0x00000026       0x27 _build/nrf_fprintf_format.o
 .comment       0x00000026       0x27 _build/nrf_log_backend_serial.o
 .comment       0x00000026       0x27 _build/nrf_log_default_backends.o
 .comment       0x00000026       0x27 _build/nrf_log_frontend.o
 .comment       0x00000026       0x27 _build/nrf_log_str_formatter.o
 .comment       0x00000026       0x27 _build/nrf_memobj.o
 .comment       0x00000026       0x27 _build/nrf_pwr_mgmt.o
 .comment       0x00000026       0x27 _build/nrf_queue.o
 .comment       0x00000026       0x27 _build/nrf_ringbuf.o
 .comment       0x00000026       0x27 _build/nrf_strerror.o
 .comment       0x00000026       0x27 _build/nrf_twi_mngr.o
 .comment       0x00000026       0x27 _build/nrfx_clock.o
 .comment       0x00000026       0x27 _build/nrfx_gpiote.o
 .comment       0x00000026       0x27 _build/nrfx_prs.o
 .comment       0x00000026       0x27 _build/nrfx_pwm.o
 .comment       0x00000026       0x27 _build/nrfx_saadc.o
 .comment       0x00000026       0x27 _build/nrfx_spim.o
 .comment       0x00000026       0x27 _build/nrfx_timer.o
 .comment       0x00000026       0x27 _build/nrfx_twim.o
 .comment       0x00000026       0x27 _build/nrfx_uart.o
 .comment       0x00000026       0x27 _build/nrfx_uarte.o
 .comment       0x00000026       0x27 _build/system_nrf52833.o
 .comment       0x00000026       0x27 /usr/lib/gcc/arm-none-eabi/13.2.1/../../../arm-none-eabi/lib/thumb/v7e-m+fp/hard/libc.a(libc_a-memset.o)
 .comment       0x00000026       0x27 /usr/lib/gcc/arm-none-eabi/13.2.1/../../../arm-none-eabi/lib/thumb/v7e-m+fp/hard/libc.a(libc_a-impure.o)
 .comment       0x00000026       0x27 /usr/lib/gcc/arm-none-eabi/13.2.1/../../../arm-none-eabi/lib/thumb/v7e-m+fp/hard/libc.a(libc_a-setbuf.o)
 .comment       0x00000026       0x27 /usr/lib/gcc/arm-none-eabi/13.2.1/../../../arm-none-eabi/lib/thumb/v7e-m+fp/hard/libc.a(libc_a-memcmp.o)
 .comment       0x00000026       0x27 /usr/lib/gcc/arm-none-eabi/13.2.1/../../../arm-none-eabi/lib/thumb/v7e-m+fp/hard/libc.a(libc_a-init.o)
 .comment       0x00000026       0x27 /usr/lib/gcc/arm-none-eabi/13.2.1/../../../arm-none-eabi/lib/thumb/v7e-m+fp/hard/libc.a(libc_a-findfp.o)
 .comment       0x00000026       0x27 /usr/lib/gcc/arm-none-eabi/13.2.1/../../../arm-none-eabi/lib/thumb/v7e-m+fp/hard/libc.a(libc_a-exit.o)
 .comment       0x00000026       0x27 /usr/lib/gcc/arm-none-eabi/13.2.1/../../../arm-none-eabi/lib/thumb/v7e-m+fp/hard/libc.a(libc_a-ctype_.o)
 .comment       0x00000026       0x27 /usr/lib/gcc/arm-none-eabi/13.2.1/../../../arm-none-eabi/lib/thumb/v7e-m+fp/hard/libc.a(libc_a-atexit.o)
 .comment       0x00000026       0x27 /usr/lib/gcc/arm-none-eabi/13.2.1/../../../arm-none-eabi/lib/thumb/v7e-m+fp/hard/libc.a(libc_a-printf.o)
 .comment       0x00000026       0x27 /usr/lib/gcc/arm-none-eabi/13.2.1/../../../arm-none-eabi/lib/thumb/v7e-m+fp/hard/libc.a(libc_a-fini.o)
 .comment       0x00000026       0x27 /usr/lib/gcc/arm-none-eabi/13.2.1/../../../arm-none-eabi/lib/thumb/v7e-m+fp/hard/libc.a(libc_a-fwalk.o)
 .comment       0x00000026       0x27 /usr/lib/gcc/arm-none-eabi/13.2.1/../../../arm-none-eabi/lib/thumb/v7e-m+fp/hard/libc.a(libc_a-vfprintf.o)
 .comment       0x00000026       0x27 /usr/lib/gcc/arm-none-eabi/13.2.1/../../../arm-none-eabi/lib/thumb/v7e-m+fp/hard/libc.a(libc_a-fflush.o)
 .comment       0x00000026       0x27 /usr/lib/gcc/arm-none-eabi/13.2.1/../../../arm-none-eabi/lib/thumb/v7e-m+fp/hard/libc.a(libc_a-setvbuf.o)
 .comment       0x00000026       0x27 /usr/lib/gcc/arm-none-eabi/13.2.1/../../../arm-none-eabi/lib/thumb/v7e-m+fp/hard/libc.a(libc_a-mallocr.o)
 .comment       0x00000026       0x27 /usr/lib/gcc/arm-none-eabi/13.2.1/../../../arm-none-eabi/lib/thumb/v7e-m+fp/hard/libc.a(libc_a-dtoa.o)
 .comment       0x00000026       0x27 /usr/lib/gcc/arm-none-eabi/13.2.1/../../../arm-none-eabi/lib/thumb/v7e-m+fp/hard/libc.a(libc_a-wsetup.o)
 .comment       0x00000026       0x27 /usr/lib/gcc/arm-none-eabi/13.2.1/../../../arm-none-eabi/lib/thumb/v7e-m+fp/hard/libc.a(libc_a-freer.o)
 .comment       0x00000026       0x27 /usr/lib/gcc/arm-none-eabi/13.2.1/../../../arm-none-eabi/lib/thumb/v7e-m+fp/hard/libc.a(libc_a-fclose.o)
 .comment       0x00000026       0x27 /usr/lib/gcc/arm-none-eabi/13.2.1/../../../arm-none-eabi/lib/thumb/v7e-m+fp/hard/libc.a(libc_a-__call_atexit.o)
 .comment       0x00000026       0x27 /usr/lib/gcc/arm-none-eabi/13.2.1/../../../arm-none-eabi/lib/thumb/v7e-m+fp/hard/libc.a(libc_a-malloc.o)
 .comment       0x00000026       0x27 /usr/lib/gcc/arm-none-eabi/13.2.1/../../../arm-none-eabi/lib/thumb/v7e-m+fp/hard/libc.a(libc_a-sysconf.o)
 .comment       0x00000026       0x27 /usr/lib/gcc/arm-none-eabi/13.2.1/../../../arm-none-eabi/lib/thumb/v7e-m+fp/hard/libc.a(libc_a-stdio.o)
 .comment       0x00000026       0x27 /usr/lib/gcc/arm-none-eabi/13.2.1/../../../arm-none-eabi/lib/thumb/v7e-m+fp/hard/libc.a(libc_a-__atexit.o)
 .comment       0x00000026       0x27 /usr/lib/gcc/arm-none-eabi/13.2.1/../../../arm-none-eabi/lib/thumb/v7e-m+fp/hard/libc.a(libc_a-writer.o)
 .comment       0x00000026       0x27 /usr/lib/gcc/arm-none-eabi/13.2.1/../../../arm-none-eabi/lib/thumb/v7e-m+fp/hard/libc.a(libc_a-mlock.o)
 .comment       0x00000026       0x27 /usr/lib/gcc/arm-none-eabi/13.2.1/../../../arm-none-eabi/lib/thumb/v7e-m+fp/hard/libc.a(libc_a-sbrkr.o)
 .comment       0x00000026       0x27 /usr/lib/gcc/arm-none-eabi/13.2.1/../../../arm-none-eabi/lib/thumb/v7e-m+fp/hard/libc.a(libc_a-closer.o)
 .comment       0x00000026       0x27 /usr/lib/gcc/arm-none-eabi/13.2.1/../../../arm-none-eabi/lib/thumb/v7e-m+fp/hard/libc.a(libc_a-sprint_r.o)
 .comment       0x00000026       0x27 /usr/lib/gcc/arm-none-eabi/13.2.1/../../../arm-none-eabi/lib/thumb/v7e-m+fp/hard/libc.a(libc_a-assert.o)
 .comment       0x00000026       0x27 /usr/lib/gcc/arm-none-eabi/13.2.1/../../../arm-none-eabi/lib/thumb/v7e-m+fp/hard/libc.a(libc_a-mprec.o)
 .comment       0x00000026       0x27 /usr/lib/gcc/arm-none-eabi/13.2.1/../../../arm-none-eabi/lib/thumb/v7e-m+fp/hard/libc.a(libc_a-localeconv.o)
 .comment       0x00000026       0x27 /usr/lib/gcc/arm-none-eabi/13.2.1/../../../arm-none-eabi/lib/thumb/v7e-m+fp/hard/libc.a(libc_a-makebuf.o)
 .comment       0x00000026       0x27 /usr/lib/gcc/arm-none-eabi/13.2.1/../../../arm-none-eabi/lib/thumb/v7e-m+fp/hard/libc.a(libc_a-locale.o)
 .comment       0x00000026       0x27 /usr/lib/gcc/arm-none-eabi/13.2.1/../../../arm-none-eabi/lib/thumb/v7e-m+fp/hard/libc.a(libc_a-mbtowc_r.o)
 .comment       0x00000026       0x27 /usr/lib/gcc/arm-none-eabi/13.2.1/../../../arm-none-eabi/lib/thumb/v7e-m+fp/hard/libc.a(libc_a-errno.o)
 .comment       0x00000026       0x27 /usr/lib/gcc/arm-none-eabi/13.2.1/../../../arm-none-eabi/lib/thumb/v7e-m+fp/hard/libc.a(libc_a-abort.o)
 .comment       0x00000026       0x27 /usr/lib/gcc/arm-none-eabi/13.2.1/../../../arm-none-eabi/lib/thumb/v7e-m+fp/hard/libc.a(libc_a-callocr.o)
 .comment       0x00000026       0x27 /usr/lib/gcc/arm-none-eabi/13.2.1/../../../arm-none-eabi/lib/thumb/v7e-m+fp/hard/libc.a(libc_a-readr.o)
 .comment       0x00000026       0x27 /usr/lib/gcc/arm-none-eabi/13.2.1/../../../arm-none-eabi/lib/thumb/v7e-m+fp/hard/libc.a(libc_a-fiprintf.o)
 .comment       0x00000026       0x27 /usr/lib/gcc/arm-none-eabi/13.2.1/../../../arm-none-eabi/lib/thumb/v7e-m+fp/hard/libc.a(libc_a-wctomb_r.o)
 .comment       0x00000026       0x27 /usr/lib/gcc/arm-none-eabi/13.2.1/../../../arm-none-eabi/lib/thumb/v7e-m+fp/hard/libc.a(libc_a-lseekr.o)
 .comment       0x00000026       0x27 /usr/lib/gcc/arm-none-eabi/13.2.1/../../../arm-none-eabi/lib/thumb/v7e-m+fp/hard/libc.a(libc_a-reent.o)
 .comment       0x00000026       0x27 /usr/lib/gcc/arm-none-eabi/13.2.1/../../../arm-none-eabi/lib/thumb/v7e-m+fp/hard/libc.a(libc_a-fstatr.o)
 .comment       0x00000026       0x27 /usr/lib/gcc/arm-none-eabi/13.2.1/../../../arm-none-eabi/lib/thumb/v7e-m+fp/hard/libc.a(libc_a-isattyr.o)
 .comment       0x00000026       0x27 /usr/lib/gcc/arm-none-eabi/13.2.1/../../../arm-none-eabi/lib/thumb/v7e-m+fp/hard/libc.a(libc_a-fvwrite.o)
 .comment       0x00000026       0x27 /usr/lib/gcc/arm-none-eabi/13.2.1/../../../arm-none-eabi/lib/thumb/v7e-m+fp/hard/libc.a(libc_a-signal.o)
 .comment       0x00000026       0x27 /usr/lib/gcc/arm-none-eabi/13.2.1/../../../arm-none-eabi/lib/thumb/v7e-m+fp/hard/libc.a(libc_a-signalr.o)
 .comment       0x00000026       0x27 /usr/lib/gcc/arm-none-eabi/13.2.1/../../../arm-none-eabi/lib/thumb/v7e-m+fp/hard/libc.a(libc_a-memmove.o)